{
  "scope": "Teacher-selected forced-choice factual axes; no held-out/utility evidence",
  "framings": {
    "A": {
      "overall": {
        "correct_bits": 246,
        "bits": 256,
        "bit_accuracy": 0.9609375,
        "correct_pairs": 118,
        "pairs": 128,
        "exact_ties": 2,
        "mean_chosen_conditional_probability": 0.8369063993450254,
        "mean_alternative_probability_mass": 0.5365360837895423,
        "minimum_alternative_probability_mass": 0.34403911232948303,
        "top1_is_alternative_count": 153
      },
      "tasks": {
        "plant": {
          "correct_bits": 118,
          "bits": 128,
          "bit_accuracy": 0.921875,
          "correct_pairs": 54,
          "pairs": 64,
          "exact_ties": 2,
          "mean_chosen_conditional_probability": 0.8109318353235722,
          "mean_alternative_probability_mass": 0.4597661797888577,
          "minimum_alternative_probability_mass": 0.34403911232948303,
          "top1_is_alternative_count": 32
        },
        "letter": {
          "correct_bits": 128,
          "bits": 128,
          "bit_accuracy": 1.0,
          "correct_pairs": 64,
          "pairs": 64,
          "exact_ties": 0,
          "mean_chosen_conditional_probability": 0.8628809633664787,
          "mean_alternative_probability_mass": 0.6133059877902269,
          "minimum_alternative_probability_mass": 0.5056813955307007,
          "top1_is_alternative_count": 121
        }
      },
      "axes": {
        "plant.a": {
          "correct_bits": 63,
          "bits": 64,
          "bit_accuracy": 0.984375,
          "correct_pairs": 0,
          "pairs": 0,
          "exact_ties": 1,
          "mean_chosen_conditional_probability": 0.8295854991301894,
          "mean_alternative_probability_mass": 0.38538974802941084,
          "minimum_alternative_probability_mass": 0.34403911232948303,
          "top1_is_alternative_count": 0
        },
        "plant.b": {
          "correct_bits": 55,
          "bits": 64,
          "bit_accuracy": 0.859375,
          "correct_pairs": 0,
          "pairs": 0,
          "exact_ties": 1,
          "mean_chosen_conditional_probability": 0.7922781715169549,
          "mean_alternative_probability_mass": 0.5341426115483046,
          "minimum_alternative_probability_mass": 0.4111135005950928,
          "top1_is_alternative_count": 32
        },
        "letter.a": {
          "correct_bits": 64,
          "bits": 64,
          "bit_accuracy": 1.0,
          "correct_pairs": 0,
          "pairs": 0,
          "exact_ties": 0,
          "mean_chosen_conditional_probability": 0.9610598664730787,
          "mean_alternative_probability_mass": 0.594728528521955,
          "minimum_alternative_probability_mass": 0.5056813955307007,
          "top1_is_alternative_count": 64
        },
        "letter.b": {
          "correct_bits": 64,
          "bits": 64,
          "bit_accuracy": 1.0,
          "correct_pairs": 0,
          "pairs": 0,
          "exact_ties": 0,
          "mean_chosen_conditional_probability": 0.7647020602598786,
          "mean_alternative_probability_mass": 0.6318834470584989,
          "minimum_alternative_probability_mass": 0.5501030683517456,
          "top1_is_alternative_count": 57
        }
      },
      "inspected_status": {
        "False": {
          "correct_bits": 230,
          "bits": 240,
          "bit_accuracy": 0.9583333333333334,
          "correct_pairs": 110,
          "pairs": 120,
          "exact_ties": 2,
          "mean_chosen_conditional_probability": 0.8390172988176345,
          "mean_alternative_probability_mass": 0.5361497692763806,
          "minimum_alternative_probability_mass": 0.34403911232948303,
          "top1_is_alternative_count": 144
        },
        "True": {
          "correct_bits": 16,
          "bits": 16,
          "bit_accuracy": 1.0,
          "correct_pairs": 8,
          "pairs": 8,
          "exact_ties": 0,
          "mean_chosen_conditional_probability": 0.805242907255888,
          "mean_alternative_probability_mass": 0.542330801486969,
          "minimum_alternative_probability_mass": 0.3805454969406128,
          "top1_is_alternative_count": 9
        }
      },
      "gold_pairs": {
        "plant.00": {
          "correct_bits": 31,
          "bits": 32,
          "bit_accuracy": 0.96875,
          "correct_pairs": 15,
          "pairs": 16,
          "exact_ties": 0,
          "mean_chosen_conditional_probability": 0.7510038167238235,
          "mean_alternative_probability_mass": 0.41536520700901747,
          "minimum_alternative_probability_mass": 0.34403911232948303,
          "top1_is_alternative_count": 0
        },
        "plant.01": {
          "correct_bits": 32,
          "bits": 32,
          "bit_accuracy": 1.0,
          "correct_pairs": 16,
          "pairs": 16,
          "exact_ties": 0,
          "mean_chosen_conditional_probability": 0.9389526695013046,
          "mean_alternative_probability_mass": 0.4874745039269328,
          "minimum_alternative_probability_mass": 0.3447451591491699,
          "top1_is_alternative_count": 16
        },
        "plant.10": {
          "correct_bits": 24,
          "bits": 32,
          "bit_accuracy": 0.75,
          "correct_pairs": 8,
          "pairs": 16,
          "exact_ties": 1,
          "mean_chosen_conditional_probability": 0.6870583351701498,
          "mean_alternative_probability_mass": 0.4332638969644904,
          "minimum_alternative_probability_mass": 0.35637158155441284,
          "top1_is_alternative_count": 0
        },
        "plant.11": {
          "correct_bits": 31,
          "bits": 32,
          "bit_accuracy": 0.96875,
          "correct_pairs": 15,
          "pairs": 16,
          "exact_ties": 1,
          "mean_chosen_conditional_probability": 0.8667125198990107,
          "mean_alternative_probability_mass": 0.5029611112549901,
          "minimum_alternative_probability_mass": 0.3625996708869934,
          "top1_is_alternative_count": 16
        },
        "letter.00": {
          "correct_bits": 32,
          "bits": 32,
          "bit_accuracy": 1.0,
          "correct_pairs": 16,
          "pairs": 16,
          "exact_ties": 0,
          "mean_chosen_conditional_probability": 0.8493488859385252,
          "mean_alternative_probability_mass": 0.598075982183218,
          "minimum_alternative_probability_mass": 0.5135555863380432,
          "top1_is_alternative_count": 32
        },
        "letter.01": {
          "correct_bits": 32,
          "bits": 32,
          "bit_accuracy": 1.0,
          "correct_pairs": 16,
          "pairs": 16,
          "exact_ties": 0,
          "mean_chosen_conditional_probability": 0.9019946828484535,
          "mean_alternative_probability_mass": 0.5675002336502075,
          "minimum_alternative_probability_mass": 0.5056813955307007,
          "top1_is_alternative_count": 25
        },
        "letter.10": {
          "correct_bits": 32,
          "bits": 32,
          "bit_accuracy": 1.0,
          "correct_pairs": 16,
          "pairs": 16,
          "exact_ties": 0,
          "mean_chosen_conditional_probability": 0.7988468091934919,
          "mean_alternative_probability_mass": 0.6538335550576448,
          "minimum_alternative_probability_mass": 0.6269434690475464,
          "top1_is_alternative_count": 32
        },
        "letter.11": {
          "correct_bits": 32,
          "bits": 32,
          "bit_accuracy": 1.0,
          "correct_pairs": 16,
          "pairs": 16,
          "exact_ties": 0,
          "mean_chosen_conditional_probability": 0.9013334754854441,
          "mean_alternative_probability_mass": 0.6338141802698374,
          "minimum_alternative_probability_mass": 0.6084583401679993,
          "top1_is_alternative_count": 32
        }
      },
      "route_balanced_bit_accuracy": 0.9609375
    },
    "B": {
      "overall": {
        "correct_bits": 233,
        "bits": 256,
        "bit_accuracy": 0.91015625,
        "correct_pairs": 112,
        "pairs": 128,
        "exact_ties": 0,
        "mean_chosen_conditional_probability": 0.923282440751791,
        "mean_alternative_probability_mass": 0.9913068893365562,
        "minimum_alternative_probability_mass": 0.9705897569656372,
        "top1_is_alternative_count": 256
      },
      "tasks": {
        "plant": {
          "correct_bits": 105,
          "bits": 128,
          "bit_accuracy": 0.8203125,
          "correct_pairs": 48,
          "pairs": 64,
          "exact_ties": 0,
          "mean_chosen_conditional_probability": 0.8832509606145322,
          "mean_alternative_probability_mass": 0.9891331209801137,
          "minimum_alternative_probability_mass": 0.9705897569656372,
          "top1_is_alternative_count": 128
        },
        "letter": {
          "correct_bits": 128,
          "bits": 128,
          "bit_accuracy": 1.0,
          "correct_pairs": 64,
          "pairs": 64,
          "exact_ties": 0,
          "mean_chosen_conditional_probability": 0.9633139208890498,
          "mean_alternative_probability_mass": 0.9934806576929986,
          "minimum_alternative_probability_mass": 0.9860653281211853,
          "top1_is_alternative_count": 128
        }
      },
      "axes": {
        "plant.a": {
          "correct_bits": 52,
          "bits": 64,
          "bit_accuracy": 0.8125,
          "correct_pairs": 0,
          "pairs": 0,
          "exact_ties": 0,
          "mean_chosen_conditional_probability": 0.9119857773184776,
          "mean_alternative_probability_mass": 0.9908827748149633,
          "minimum_alternative_probability_mass": 0.9705897569656372,
          "top1_is_alternative_count": 64
        },
        "plant.b": {
          "correct_bits": 53,
          "bits": 64,
          "bit_accuracy": 0.828125,
          "correct_pairs": 0,
          "pairs": 0,
          "exact_ties": 0,
          "mean_chosen_conditional_probability": 0.8545161439105868,
          "mean_alternative_probability_mass": 0.9873834671452641,
          "minimum_alternative_probability_mass": 0.9742603302001953,
          "top1_is_alternative_count": 64
        },
        "letter.a": {
          "correct_bits": 64,
          "bits": 64,
          "bit_accuracy": 1.0,
          "correct_pairs": 0,
          "pairs": 0,
          "exact_ties": 0,
          "mean_chosen_conditional_probability": 0.9982186201959848,
          "mean_alternative_probability_mass": 0.996031996794045,
          "minimum_alternative_probability_mass": 0.9926623702049255,
          "top1_is_alternative_count": 64
        },
        "letter.b": {
          "correct_bits": 64,
          "bits": 64,
          "bit_accuracy": 1.0,
          "correct_pairs": 0,
          "pairs": 0,
          "exact_ties": 0,
          "mean_chosen_conditional_probability": 0.9284092215821147,
          "mean_alternative_probability_mass": 0.9909293185919523,
          "minimum_alternative_probability_mass": 0.9860653281211853,
          "top1_is_alternative_count": 64
        }
      },
      "inspected_status": {
        "False": {
          "correct_bits": 221,
          "bits": 240,
          "bit_accuracy": 0.9208333333333333,
          "correct_pairs": 107,
          "pairs": 120,
          "exact_ties": 0,
          "mean_chosen_conditional_probability": 0.9242007891337077,
          "mean_alternative_probability_mass": 0.9913059162596861,
          "minimum_alternative_probability_mass": 0.9705897569656372,
          "top1_is_alternative_count": 240
        },
        "True": {
          "correct_bits": 12,
          "bits": 16,
          "bit_accuracy": 0.75,
          "correct_pairs": 5,
          "pairs": 8,
          "exact_ties": 0,
          "mean_chosen_conditional_probability": 0.9095072150230408,
          "mean_alternative_probability_mass": 0.9913214854896069,
          "minimum_alternative_probability_mass": 0.978268027305603,
          "top1_is_alternative_count": 16
        }
      },
      "gold_pairs": {
        "plant.00": {
          "correct_bits": 32,
          "bits": 32,
          "bit_accuracy": 1.0,
          "correct_pairs": 16,
          "pairs": 16,
          "exact_ties": 0,
          "mean_chosen_conditional_probability": 0.9734168481081724,
          "mean_alternative_probability_mass": 0.9957079328596592,
          "minimum_alternative_probability_mass": 0.9875261187553406,
          "top1_is_alternative_count": 32
        },
        "plant.01": {
          "correct_bits": 29,
          "bits": 32,
          "bit_accuracy": 0.90625,
          "correct_pairs": 13,
          "pairs": 16,
          "exact_ties": 0,
          "mean_chosen_conditional_probability": 0.8945659846067429,
          "mean_alternative_probability_mass": 0.9914064537733793,
          "minimum_alternative_probability_mass": 0.9742603302001953,
          "top1_is_alternative_count": 32
        },
        "plant.10": {
          "correct_bits": 27,
          "bits": 32,
          "bit_accuracy": 0.84375,
          "correct_pairs": 11,
          "pairs": 16,
          "exact_ties": 0,
          "mean_chosen_conditional_probability": 0.8411159049719572,
          "mean_alternative_probability_mass": 0.9856301452964544,
          "minimum_alternative_probability_mass": 0.9705897569656372,
          "top1_is_alternative_count": 32
        },
        "plant.11": {
          "correct_bits": 17,
          "bits": 32,
          "bit_accuracy": 0.53125,
          "correct_pairs": 8,
          "pairs": 16,
          "exact_ties": 0,
          "mean_chosen_conditional_probability": 0.8239051047712564,
          "mean_alternative_probability_mass": 0.983787951990962,
          "minimum_alternative_probability_mass": 0.9716262221336365,
          "top1_is_alternative_count": 32
        },
        "letter.00": {
          "correct_bits": 32,
          "bits": 32,
          "bit_accuracy": 1.0,
          "correct_pairs": 16,
          "pairs": 16,
          "exact_ties": 0,
          "mean_chosen_conditional_probability": 0.9803608953952789,
          "mean_alternative_probability_mass": 0.9957059938460588,
          "minimum_alternative_probability_mass": 0.9920194149017334,
          "top1_is_alternative_count": 32
        },
        "letter.01": {
          "correct_bits": 32,
          "bits": 32,
          "bit_accuracy": 1.0,
          "correct_pairs": 16,
          "pairs": 16,
          "exact_ties": 0,
          "mean_chosen_conditional_probability": 0.9380027204751968,
          "mean_alternative_probability_mass": 0.9935015290975571,
          "minimum_alternative_probability_mass": 0.9880462288856506,
          "top1_is_alternative_count": 32
        },
        "letter.10": {
          "correct_bits": 32,
          "bits": 32,
          "bit_accuracy": 1.0,
          "correct_pairs": 16,
          "pairs": 16,
          "exact_ties": 0,
          "mean_chosen_conditional_probability": 0.9772542994469404,
          "mean_alternative_probability_mass": 0.9929780717939138,
          "minimum_alternative_probability_mass": 0.9895721673965454,
          "top1_is_alternative_count": 32
        },
        "letter.11": {
          "correct_bits": 32,
          "bits": 32,
          "bit_accuracy": 1.0,
          "correct_pairs": 16,
          "pairs": 16,
          "exact_ties": 0,
          "mean_chosen_conditional_probability": 0.9576377682387829,
          "mean_alternative_probability_mass": 0.9917370360344648,
          "minimum_alternative_probability_mass": 0.9860653281211853,
          "top1_is_alternative_count": 32
        }
      },
      "route_balanced_bit_accuracy": 0.91015625
    }
  },
  "selected_framing": "A",
  "teacher_gate_passed": true,
  "recommend_fresh_preregistered_evaluation_only": true,
  "teacher_inputs": 128,
  "teacher_bit_denominator_per_framing": 256,
  "teacher_pair_denominator_per_framing": 128,
  "prior_inspected_texts": 8,
  "heldout_inputs": 0,
  "utility_history_runs": 0,
  "source_results_sha256": "300471f4c145d8103b930bcefd55e37e4c87e32ea9199a3a6e8ef5d227896e2c",
  "raw_scores_sha256": "79d5e1e5d757c4caf31217b936e6f2fe59688383cc36e86182119c0575623811",
  "scored_teacher_rows_sha256": "0cffd881293de610e5296dc0b068bb037d3c7432c7cc68f6c3ba2259cdab94e7",
  "freeze_sha256": "cb1fda3cef63a87677bc6882c2f8e3e45ab88ed1e95996f7a0adeea8cd93e758"
}
