{"batch_index": 0, "first_example_index": 0, "examples": 8, "nonpadding_tokens": 1292, "padded_tokens": 1304, "forward_wall_seconds": 2.401490874995943, "forward_process_cpu_seconds": 0.3301690000000006, "likelihood_and_transfer_wall_seconds": 0.019206249999115244, "likelihood_and_transfer_process_cpu_seconds": 0.01732399999999945, "memory_after_batch": {"mps_current_allocated_bytes": 6152899584, "mps_driver_allocated_bytes": 6503956480, "mps_recommended_max_bytes": 83494174720, "process_high_water_rss_bytes_macos": 10271293440}}
{"batch_index": 1, "first_example_index": 8, "examples": 8, "nonpadding_tokens": 1296, "padded_tokens": 1312, "forward_wall_seconds": 1.3856758339970838, "forward_process_cpu_seconds": 0.07799700000000076, "likelihood_and_transfer_wall_seconds": 0.009671332983998582, "likelihood_and_transfer_process_cpu_seconds": 0.012608999999999426, "memory_after_batch": {"mps_current_allocated_bytes": 6152899584, "mps_driver_allocated_bytes": 6503972864, "mps_recommended_max_bytes": 83494174720, "process_high_water_rss_bytes_macos": 10271293440}}
{"batch_index": 2, "first_example_index": 16, "examples": 8, "nonpadding_tokens": 1292, "padded_tokens": 1312, "forward_wall_seconds": 1.3770483749976847, "forward_process_cpu_seconds": 0.07101500000000005, "likelihood_and_transfer_wall_seconds": 0.012256000016350299, "likelihood_and_transfer_process_cpu_seconds": 0.014129999999999754, "memory_after_batch": {"mps_current_allocated_bytes": 6152899584, "mps_driver_allocated_bytes": 6503972864, "mps_recommended_max_bytes": 83494174720, "process_high_water_rss_bytes_macos": 10271293440}}
{"batch_index": 3, "first_example_index": 24, "examples": 8, "nonpadding_tokens": 1296, "padded_tokens": 1312, "forward_wall_seconds": 1.3465703749970999, "forward_process_cpu_seconds": 0.07764300000000013, "likelihood_and_transfer_wall_seconds": 0.012827999977162108, "likelihood_and_transfer_process_cpu_seconds": 0.015085000000000903, "memory_after_batch": {"mps_current_allocated_bytes": 6152899584, "mps_driver_allocated_bytes": 6503972864, "mps_recommended_max_bytes": 83494174720, "process_high_water_rss_bytes_macos": 10271293440}}
{"batch_index": 4, "first_example_index": 32, "examples": 8, "nonpadding_tokens": 1300, "padded_tokens": 1312, "forward_wall_seconds": 1.397734500002116, "forward_process_cpu_seconds": 0.08288799999999874, "likelihood_and_transfer_wall_seconds": 0.010998249985277653, "likelihood_and_transfer_process_cpu_seconds": 0.014329000000000036, "memory_after_batch": {"mps_current_allocated_bytes": 6152899584, "mps_driver_allocated_bytes": 6503972864, "mps_recommended_max_bytes": 83494174720, "process_high_water_rss_bytes_macos": 10271293440}}
{"batch_index": 5, "first_example_index": 40, "examples": 8, "nonpadding_tokens": 1304, "padded_tokens": 1320, "forward_wall_seconds": 1.5171251660212874, "forward_process_cpu_seconds": 0.14975399999999972, "likelihood_and_transfer_wall_seconds": 0.011619208991760388, "likelihood_and_transfer_process_cpu_seconds": 0.014796000000000475, "memory_after_batch": {"mps_current_allocated_bytes": 6153134080, "mps_driver_allocated_bytes": 7586119680, "mps_recommended_max_bytes": 83494174720, "process_high_water_rss_bytes_macos": 10271293440}}
{"batch_index": 6, "first_example_index": 48, "examples": 8, "nonpadding_tokens": 1300, "padded_tokens": 1320, "forward_wall_seconds": 1.3785860830103047, "forward_process_cpu_seconds": 0.07916799999999924, "likelihood_and_transfer_wall_seconds": 0.014398458995856345, "likelihood_and_transfer_process_cpu_seconds": 0.0184110000000004, "memory_after_batch": {"mps_current_allocated_bytes": 6153134080, "mps_driver_allocated_bytes": 7586119680, "mps_recommended_max_bytes": 83494174720, "process_high_water_rss_bytes_macos": 10271293440}}
{"batch_index": 7, "first_example_index": 56, "examples": 8, "nonpadding_tokens": 1304, "padded_tokens": 1320, "forward_wall_seconds": 1.41680841599009, "forward_process_cpu_seconds": 0.07062599999999897, "likelihood_and_transfer_wall_seconds": 0.013161875016521662, "likelihood_and_transfer_process_cpu_seconds": 0.014950000000000685, "memory_after_batch": {"mps_current_allocated_bytes": 6153134080, "mps_driver_allocated_bytes": 7586119680, "mps_recommended_max_bytes": 83494174720, "process_high_water_rss_bytes_macos": 10271293440}}
{"batch_index": 8, "first_example_index": 64, "examples": 8, "nonpadding_tokens": 1292, "padded_tokens": 1304, "forward_wall_seconds": 1.4086469160101842, "forward_process_cpu_seconds": 0.10666699999999985, "likelihood_and_transfer_wall_seconds": 0.016074374987510964, "likelihood_and_transfer_process_cpu_seconds": 0.01813400000000165, "memory_after_batch": {"mps_current_allocated_bytes": 6152899584, "mps_driver_allocated_bytes": 7586119680, "mps_recommended_max_bytes": 83494174720, "process_high_water_rss_bytes_macos": 10271293440}}
{"batch_index": 9, "first_example_index": 72, "examples": 8, "nonpadding_tokens": 1296, "padded_tokens": 1312, "forward_wall_seconds": 1.28697570800432, "forward_process_cpu_seconds": 0.07456800000000108, "likelihood_and_transfer_wall_seconds": 0.01376083301147446, "likelihood_and_transfer_process_cpu_seconds": 0.017257999999999996, "memory_after_batch": {"mps_current_allocated_bytes": 6152899584, "mps_driver_allocated_bytes": 7586119680, "mps_recommended_max_bytes": 83494174720, "process_high_water_rss_bytes_macos": 10271293440}}
{"batch_index": 10, "first_example_index": 80, "examples": 8, "nonpadding_tokens": 1292, "padded_tokens": 1312, "forward_wall_seconds": 1.279913584003225, "forward_process_cpu_seconds": 0.1027780000000007, "likelihood_and_transfer_wall_seconds": 0.01873350000823848, "likelihood_and_transfer_process_cpu_seconds": 0.015993999999999176, "memory_after_batch": {"mps_current_allocated_bytes": 6152899584, "mps_driver_allocated_bytes": 7586119680, "mps_recommended_max_bytes": 83494174720, "process_high_water_rss_bytes_macos": 10271293440}}
{"batch_index": 11, "first_example_index": 88, "examples": 8, "nonpadding_tokens": 1296, "padded_tokens": 1312, "forward_wall_seconds": 1.3633054590027314, "forward_process_cpu_seconds": 0.08610700000000016, "likelihood_and_transfer_wall_seconds": 0.014376250008353963, "likelihood_and_transfer_process_cpu_seconds": 0.017360000000000042, "memory_after_batch": {"mps_current_allocated_bytes": 6152899584, "mps_driver_allocated_bytes": 7586119680, "mps_recommended_max_bytes": 83494174720, "process_high_water_rss_bytes_macos": 10271293440}}
{"batch_index": 12, "first_example_index": 96, "examples": 8, "nonpadding_tokens": 1300, "padded_tokens": 1312, "forward_wall_seconds": 1.3584189579996746, "forward_process_cpu_seconds": 0.07712800000000009, "likelihood_and_transfer_wall_seconds": 0.017000249994453043, "likelihood_and_transfer_process_cpu_seconds": 0.017101000000000255, "memory_after_batch": {"mps_current_allocated_bytes": 6152899584, "mps_driver_allocated_bytes": 7586119680, "mps_recommended_max_bytes": 83494174720, "process_high_water_rss_bytes_macos": 10271293440}}
{"batch_index": 13, "first_example_index": 104, "examples": 8, "nonpadding_tokens": 1304, "padded_tokens": 1320, "forward_wall_seconds": 1.3430548750038724, "forward_process_cpu_seconds": 0.13574200000000047, "likelihood_and_transfer_wall_seconds": 0.01365820798673667, "likelihood_and_transfer_process_cpu_seconds": 0.017237999999998976, "memory_after_batch": {"mps_current_allocated_bytes": 6153134080, "mps_driver_allocated_bytes": 7586119680, "mps_recommended_max_bytes": 83494174720, "process_high_water_rss_bytes_macos": 10271293440}}
{"batch_index": 14, "first_example_index": 112, "examples": 8, "nonpadding_tokens": 1300, "padded_tokens": 1320, "forward_wall_seconds": 1.3887058749969583, "forward_process_cpu_seconds": 0.14313799999999866, "likelihood_and_transfer_wall_seconds": 0.010980374994687736, "likelihood_and_transfer_process_cpu_seconds": 0.01427100000000081, "memory_after_batch": {"mps_current_allocated_bytes": 6153134080, "mps_driver_allocated_bytes": 7586119680, "mps_recommended_max_bytes": 83494174720, "process_high_water_rss_bytes_macos": 10271293440}}
{"batch_index": 15, "first_example_index": 120, "examples": 8, "nonpadding_tokens": 1304, "padded_tokens": 1320, "forward_wall_seconds": 1.4019399999815505, "forward_process_cpu_seconds": 0.07248899999999914, "likelihood_and_transfer_wall_seconds": 0.009745500021381304, "likelihood_and_transfer_process_cpu_seconds": 0.013017000000001389, "memory_after_batch": {"mps_current_allocated_bytes": 6153134080, "mps_driver_allocated_bytes": 7586119680, "mps_recommended_max_bytes": 83494174720, "process_high_water_rss_bytes_macos": 10271293440}}
{"batch_index": 16, "first_example_index": 128, "examples": 8, "nonpadding_tokens": 1300, "padded_tokens": 1352, "forward_wall_seconds": 1.5292660410050303, "forward_process_cpu_seconds": 0.09688899999999911, "likelihood_and_transfer_wall_seconds": 0.0142954170005396, "likelihood_and_transfer_process_cpu_seconds": 0.017743000000001174, "memory_after_batch": {"mps_current_allocated_bytes": 6153134080, "mps_driver_allocated_bytes": 7586136064, "mps_recommended_max_bytes": 83494174720, "process_high_water_rss_bytes_macos": 10271293440}}
{"batch_index": 17, "first_example_index": 136, "examples": 8, "nonpadding_tokens": 1300, "padded_tokens": 1352, "forward_wall_seconds": 1.4487762909848243, "forward_process_cpu_seconds": 0.08669299999999858, "likelihood_and_transfer_wall_seconds": 0.011218917003134266, "likelihood_and_transfer_process_cpu_seconds": 0.014471000000000345, "memory_after_batch": {"mps_current_allocated_bytes": 6153134080, "mps_driver_allocated_bytes": 7586136064, "mps_recommended_max_bytes": 83494174720, "process_high_water_rss_bytes_macos": 10271293440}}
{"batch_index": 18, "first_example_index": 144, "examples": 8, "nonpadding_tokens": 1300, "padded_tokens": 1352, "forward_wall_seconds": 1.4891061249945778, "forward_process_cpu_seconds": 0.06013100000000016, "likelihood_and_transfer_wall_seconds": 0.011183333001099527, "likelihood_and_transfer_process_cpu_seconds": 0.014450999999999325, "memory_after_batch": {"mps_current_allocated_bytes": 6153134080, "mps_driver_allocated_bytes": 7586136064, "mps_recommended_max_bytes": 83494174720, "process_high_water_rss_bytes_macos": 10271293440}}
{"batch_index": 19, "first_example_index": 152, "examples": 8, "nonpadding_tokens": 1304, "padded_tokens": 1360, "forward_wall_seconds": 1.4815894170023967, "forward_process_cpu_seconds": 0.089893, "likelihood_and_transfer_wall_seconds": 0.01087949998327531, "likelihood_and_transfer_process_cpu_seconds": 0.014312000000000324, "memory_after_batch": {"mps_current_allocated_bytes": 6153134080, "mps_driver_allocated_bytes": 7586152448, "mps_recommended_max_bytes": 83494174720, "process_high_water_rss_bytes_macos": 10271293440}}
{"batch_index": 20, "first_example_index": 160, "examples": 8, "nonpadding_tokens": 1308, "padded_tokens": 1360, "forward_wall_seconds": 1.4956081249983981, "forward_process_cpu_seconds": 0.061933999999999045, "likelihood_and_transfer_wall_seconds": 0.010999416990671307, "likelihood_and_transfer_process_cpu_seconds": 0.01424500000000073, "memory_after_batch": {"mps_current_allocated_bytes": 6153134080, "mps_driver_allocated_bytes": 7586152448, "mps_recommended_max_bytes": 83494174720, "process_high_water_rss_bytes_macos": 10271293440}}
{"batch_index": 21, "first_example_index": 168, "examples": 8, "nonpadding_tokens": 1308, "padded_tokens": 1360, "forward_wall_seconds": 1.4578516670153476, "forward_process_cpu_seconds": 0.07483299999999993, "likelihood_and_transfer_wall_seconds": 0.013638957985676825, "likelihood_and_transfer_process_cpu_seconds": 0.017720999999999876, "memory_after_batch": {"mps_current_allocated_bytes": 6153134080, "mps_driver_allocated_bytes": 7586152448, "mps_recommended_max_bytes": 83494174720, "process_high_water_rss_bytes_macos": 10271293440}}
{"batch_index": 22, "first_example_index": 176, "examples": 8, "nonpadding_tokens": 1308, "padded_tokens": 1360, "forward_wall_seconds": 1.4699685829982627, "forward_process_cpu_seconds": 0.06991700000000023, "likelihood_and_transfer_wall_seconds": 0.011499916989123449, "likelihood_and_transfer_process_cpu_seconds": 0.01469200000000015, "memory_after_batch": {"mps_current_allocated_bytes": 6153134080, "mps_driver_allocated_bytes": 7586152448, "mps_recommended_max_bytes": 83494174720, "process_high_water_rss_bytes_macos": 10271293440}}
{"batch_index": 23, "first_example_index": 184, "examples": 8, "nonpadding_tokens": 1312, "padded_tokens": 1368, "forward_wall_seconds": 1.49425458299811, "forward_process_cpu_seconds": 0.10264300000000048, "likelihood_and_transfer_wall_seconds": 0.011586999986320734, "likelihood_and_transfer_process_cpu_seconds": 0.014865999999999602, "memory_after_batch": {"mps_current_allocated_bytes": 6153134080, "mps_driver_allocated_bytes": 7594557440, "mps_recommended_max_bytes": 83494174720, "process_high_water_rss_bytes_macos": 10271293440}}
{"batch_index": 24, "first_example_index": 192, "examples": 8, "nonpadding_tokens": 1316, "padded_tokens": 1368, "forward_wall_seconds": 1.4453317500010598, "forward_process_cpu_seconds": 0.07187399999999933, "likelihood_and_transfer_wall_seconds": 0.011903000005986542, "likelihood_and_transfer_process_cpu_seconds": 0.015492000000000061, "memory_after_batch": {"mps_current_allocated_bytes": 6153134080, "mps_driver_allocated_bytes": 7594557440, "mps_recommended_max_bytes": 83494174720, "process_high_water_rss_bytes_macos": 10271293440}}
{"batch_index": 25, "first_example_index": 200, "examples": 8, "nonpadding_tokens": 1316, "padded_tokens": 1368, "forward_wall_seconds": 1.4708691250125412, "forward_process_cpu_seconds": 0.06784700000000043, "likelihood_and_transfer_wall_seconds": 0.012811541993869469, "likelihood_and_transfer_process_cpu_seconds": 0.014644000000000545, "memory_after_batch": {"mps_current_allocated_bytes": 6153134080, "mps_driver_allocated_bytes": 7594557440, "mps_recommended_max_bytes": 83494174720, "process_high_water_rss_bytes_macos": 10271293440}}
{"batch_index": 26, "first_example_index": 208, "examples": 8, "nonpadding_tokens": 1316, "padded_tokens": 1368, "forward_wall_seconds": 1.4727344579878263, "forward_process_cpu_seconds": 0.07457300000000089, "likelihood_and_transfer_wall_seconds": 0.010325584007659927, "likelihood_and_transfer_process_cpu_seconds": 0.013152999999999082, "memory_after_batch": {"mps_current_allocated_bytes": 6153134080, "mps_driver_allocated_bytes": 7594557440, "mps_recommended_max_bytes": 83494174720, "process_high_water_rss_bytes_macos": 10271293440}}
{"batch_index": 27, "first_example_index": 216, "examples": 8, "nonpadding_tokens": 1320, "padded_tokens": 1376, "forward_wall_seconds": 1.4858414999907836, "forward_process_cpu_seconds": 0.10340099999999985, "likelihood_and_transfer_wall_seconds": 0.013552541990065947, "likelihood_and_transfer_process_cpu_seconds": 0.01515099999999947, "memory_after_batch": {"mps_current_allocated_bytes": 6153134080, "mps_driver_allocated_bytes": 7594573824, "mps_recommended_max_bytes": 83494174720, "process_high_water_rss_bytes_macos": 10271293440}}
{"batch_index": 28, "first_example_index": 224, "examples": 8, "nonpadding_tokens": 1324, "padded_tokens": 1376, "forward_wall_seconds": 1.4511879999772646, "forward_process_cpu_seconds": 0.08530499999999996, "likelihood_and_transfer_wall_seconds": 0.01370120802312158, "likelihood_and_transfer_process_cpu_seconds": 0.017489000000001198, "memory_after_batch": {"mps_current_allocated_bytes": 6153134080, "mps_driver_allocated_bytes": 7594573824, "mps_recommended_max_bytes": 83494174720, "process_high_water_rss_bytes_macos": 10271293440}}
{"batch_index": 29, "first_example_index": 232, "examples": 8, "nonpadding_tokens": 1324, "padded_tokens": 1376, "forward_wall_seconds": 1.4641758749785367, "forward_process_cpu_seconds": 0.08641299999999852, "likelihood_and_transfer_wall_seconds": 0.011293625022517517, "likelihood_and_transfer_process_cpu_seconds": 0.014523000000000508, "memory_after_batch": {"mps_current_allocated_bytes": 6153134080, "mps_driver_allocated_bytes": 7594573824, "mps_recommended_max_bytes": 83494174720, "process_high_water_rss_bytes_macos": 10271293440}}
{"batch_index": 30, "first_example_index": 240, "examples": 8, "nonpadding_tokens": 1324, "padded_tokens": 1376, "forward_wall_seconds": 1.4779999169986695, "forward_process_cpu_seconds": 0.07924899999999901, "likelihood_and_transfer_wall_seconds": 0.013866875000530854, "likelihood_and_transfer_process_cpu_seconds": 0.017552000000000234, "memory_after_batch": {"mps_current_allocated_bytes": 6153134080, "mps_driver_allocated_bytes": 7594573824, "mps_recommended_max_bytes": 83494174720, "process_high_water_rss_bytes_macos": 10271293440}}
{"batch_index": 31, "first_example_index": 248, "examples": 8, "nonpadding_tokens": 1328, "padded_tokens": 1384, "forward_wall_seconds": 1.4344624590012245, "forward_process_cpu_seconds": 0.10674000000000028, "likelihood_and_transfer_wall_seconds": 0.00984937499742955, "likelihood_and_transfer_process_cpu_seconds": 0.0122510000000009, "memory_after_batch": {"mps_current_allocated_bytes": 6153134080, "mps_driver_allocated_bytes": 7594590208, "mps_recommended_max_bytes": 83494174720, "process_high_water_rss_bytes_macos": 10271293440}}
{"batch_index": 32, "first_example_index": 256, "examples": 8, "nonpadding_tokens": 1332, "padded_tokens": 1344, "forward_wall_seconds": 1.4205727499793284, "forward_process_cpu_seconds": 0.08682600000000029, "likelihood_and_transfer_wall_seconds": 0.013817334023769945, "likelihood_and_transfer_process_cpu_seconds": 0.015734000000000137, "memory_after_batch": {"mps_current_allocated_bytes": 6153134080, "mps_driver_allocated_bytes": 7594606592, "mps_recommended_max_bytes": 83494174720, "process_high_water_rss_bytes_macos": 10271293440}}
{"batch_index": 33, "first_example_index": 264, "examples": 8, "nonpadding_tokens": 1336, "padded_tokens": 1352, "forward_wall_seconds": 1.4740691250190139, "forward_process_cpu_seconds": 0.0646520000000006, "likelihood_and_transfer_wall_seconds": 0.011440457979915664, "likelihood_and_transfer_process_cpu_seconds": 0.014435000000000642, "memory_after_batch": {"mps_current_allocated_bytes": 6153134080, "mps_driver_allocated_bytes": 7594606592, "mps_recommended_max_bytes": 83494174720, "process_high_water_rss_bytes_macos": 10271293440}}
{"batch_index": 34, "first_example_index": 272, "examples": 8, "nonpadding_tokens": 1332, "padded_tokens": 1352, "forward_wall_seconds": 1.4574177089962177, "forward_process_cpu_seconds": 0.06838800000000056, "likelihood_and_transfer_wall_seconds": 0.013634333008667454, "likelihood_and_transfer_process_cpu_seconds": 0.014388999999999541, "memory_after_batch": {"mps_current_allocated_bytes": 6153134080, "mps_driver_allocated_bytes": 7594606592, "mps_recommended_max_bytes": 83494174720, "process_high_water_rss_bytes_macos": 10271293440}}
{"batch_index": 35, "first_example_index": 280, "examples": 8, "nonpadding_tokens": 1336, "padded_tokens": 1352, "forward_wall_seconds": 1.385743499995442, "forward_process_cpu_seconds": 0.0849309999999992, "likelihood_and_transfer_wall_seconds": 0.01285299999290146, "likelihood_and_transfer_process_cpu_seconds": 0.015242000000000644, "memory_after_batch": {"mps_current_allocated_bytes": 6153134080, "mps_driver_allocated_bytes": 7594606592, "mps_recommended_max_bytes": 83494174720, "process_high_water_rss_bytes_macos": 10271293440}}
{"batch_index": 36, "first_example_index": 288, "examples": 8, "nonpadding_tokens": 1340, "padded_tokens": 1352, "forward_wall_seconds": 1.4547619580116589, "forward_process_cpu_seconds": 0.07702699999999929, "likelihood_and_transfer_wall_seconds": 0.010767750005470589, "likelihood_and_transfer_process_cpu_seconds": 0.013875999999999777, "memory_after_batch": {"mps_current_allocated_bytes": 6153134080, "mps_driver_allocated_bytes": 7594606592, "mps_recommended_max_bytes": 83494174720, "process_high_water_rss_bytes_macos": 10271293440}}
{"batch_index": 37, "first_example_index": 296, "examples": 8, "nonpadding_tokens": 1344, "padded_tokens": 1360, "forward_wall_seconds": 1.462815042003058, "forward_process_cpu_seconds": 0.07905699999999882, "likelihood_and_transfer_wall_seconds": 0.011204749986063689, "likelihood_and_transfer_process_cpu_seconds": 0.01454900000000059, "memory_after_batch": {"mps_current_allocated_bytes": 6153134080, "mps_driver_allocated_bytes": 7594606592, "mps_recommended_max_bytes": 83494174720, "process_high_water_rss_bytes_macos": 10271293440}}
{"batch_index": 38, "first_example_index": 304, "examples": 8, "nonpadding_tokens": 1340, "padded_tokens": 1360, "forward_wall_seconds": 1.4672190000128467, "forward_process_cpu_seconds": 0.06484699999999854, "likelihood_and_transfer_wall_seconds": 0.01191954201203771, "likelihood_and_transfer_process_cpu_seconds": 0.014620999999999995, "memory_after_batch": {"mps_current_allocated_bytes": 6153134080, "mps_driver_allocated_bytes": 7594606592, "mps_recommended_max_bytes": 83494174720, "process_high_water_rss_bytes_macos": 10271293440}}
{"batch_index": 39, "first_example_index": 312, "examples": 8, "nonpadding_tokens": 1344, "padded_tokens": 1360, "forward_wall_seconds": 1.4504847500065807, "forward_process_cpu_seconds": 0.07058999999999926, "likelihood_and_transfer_wall_seconds": 0.013502624991815537, "likelihood_and_transfer_process_cpu_seconds": 0.015829999999999345, "memory_after_batch": {"mps_current_allocated_bytes": 6153134080, "mps_driver_allocated_bytes": 7594606592, "mps_recommended_max_bytes": 83494174720, "process_high_water_rss_bytes_macos": 10271293440}}
{"batch_index": 40, "first_example_index": 320, "examples": 8, "nonpadding_tokens": 1332, "padded_tokens": 1344, "forward_wall_seconds": 1.46585954198963, "forward_process_cpu_seconds": 0.08412299999999995, "likelihood_and_transfer_wall_seconds": 0.009355290996609256, "likelihood_and_transfer_process_cpu_seconds": 0.012160999999998978, "memory_after_batch": {"mps_current_allocated_bytes": 6153134080, "mps_driver_allocated_bytes": 7594606592, "mps_recommended_max_bytes": 83494174720, "process_high_water_rss_bytes_macos": 10271293440}}
{"batch_index": 41, "first_example_index": 328, "examples": 8, "nonpadding_tokens": 1336, "padded_tokens": 1352, "forward_wall_seconds": 1.4681038339913357, "forward_process_cpu_seconds": 0.06612200000000001, "likelihood_and_transfer_wall_seconds": 0.011079582996899262, "likelihood_and_transfer_process_cpu_seconds": 0.014350999999999559, "memory_after_batch": {"mps_current_allocated_bytes": 6153134080, "mps_driver_allocated_bytes": 7594606592, "mps_recommended_max_bytes": 83494174720, "process_high_water_rss_bytes_macos": 10271293440}}
{"batch_index": 42, "first_example_index": 336, "examples": 8, "nonpadding_tokens": 1332, "padded_tokens": 1352, "forward_wall_seconds": 1.457382749998942, "forward_process_cpu_seconds": 0.07681799999999939, "likelihood_and_transfer_wall_seconds": 0.01140995800960809, "likelihood_and_transfer_process_cpu_seconds": 0.014478000000000435, "memory_after_batch": {"mps_current_allocated_bytes": 6153134080, "mps_driver_allocated_bytes": 7594606592, "mps_recommended_max_bytes": 83494174720, "process_high_water_rss_bytes_macos": 10271293440}}
{"batch_index": 43, "first_example_index": 344, "examples": 8, "nonpadding_tokens": 1336, "padded_tokens": 1352, "forward_wall_seconds": 1.4358717919967603, "forward_process_cpu_seconds": 0.07681599999999911, "likelihood_and_transfer_wall_seconds": 0.012307666998822242, "likelihood_and_transfer_process_cpu_seconds": 0.015463000000000449, "memory_after_batch": {"mps_current_allocated_bytes": 6153134080, "mps_driver_allocated_bytes": 7594606592, "mps_recommended_max_bytes": 83494174720, "process_high_water_rss_bytes_macos": 10271293440}}
{"batch_index": 44, "first_example_index": 352, "examples": 8, "nonpadding_tokens": 1340, "padded_tokens": 1352, "forward_wall_seconds": 1.415792124986183, "forward_process_cpu_seconds": 0.08494999999999919, "likelihood_and_transfer_wall_seconds": 0.013537791004637256, "likelihood_and_transfer_process_cpu_seconds": 0.016561000000001158, "memory_after_batch": {"mps_current_allocated_bytes": 6153134080, "mps_driver_allocated_bytes": 7594606592, "mps_recommended_max_bytes": 83494174720, "process_high_water_rss_bytes_macos": 10271293440}}
{"batch_index": 45, "first_example_index": 360, "examples": 8, "nonpadding_tokens": 1344, "padded_tokens": 1360, "forward_wall_seconds": 1.4724552500119898, "forward_process_cpu_seconds": 0.0960150000000013, "likelihood_and_transfer_wall_seconds": 0.013970833009807393, "likelihood_and_transfer_process_cpu_seconds": 0.01748100000000008, "memory_after_batch": {"mps_current_allocated_bytes": 6153134080, "mps_driver_allocated_bytes": 7594606592, "mps_recommended_max_bytes": 83494174720, "process_high_water_rss_bytes_macos": 10271293440}}
{"batch_index": 46, "first_example_index": 368, "examples": 8, "nonpadding_tokens": 1340, "padded_tokens": 1360, "forward_wall_seconds": 1.4202386669931002, "forward_process_cpu_seconds": 0.0903299999999998, "likelihood_and_transfer_wall_seconds": 0.012689833005424589, "likelihood_and_transfer_process_cpu_seconds": 0.016235, "memory_after_batch": {"mps_current_allocated_bytes": 6153134080, "mps_driver_allocated_bytes": 7594606592, "mps_recommended_max_bytes": 83494174720, "process_high_water_rss_bytes_macos": 10271293440}}
{"batch_index": 47, "first_example_index": 376, "examples": 8, "nonpadding_tokens": 1344, "padded_tokens": 1360, "forward_wall_seconds": 1.4218062080035452, "forward_process_cpu_seconds": 0.10138700000000078, "likelihood_and_transfer_wall_seconds": 0.013495457998942584, "likelihood_and_transfer_process_cpu_seconds": 0.015833999999999904, "memory_after_batch": {"mps_current_allocated_bytes": 6153134080, "mps_driver_allocated_bytes": 7594606592, "mps_recommended_max_bytes": 83494174720, "process_high_water_rss_bytes_macos": 10271293440}}
{"batch_index": 48, "first_example_index": 384, "examples": 8, "nonpadding_tokens": 1340, "padded_tokens": 1392, "forward_wall_seconds": 1.5181161250220612, "forward_process_cpu_seconds": 0.15357599999999927, "likelihood_and_transfer_wall_seconds": 0.03974920799373649, "likelihood_and_transfer_process_cpu_seconds": 0.015723000000001264, "memory_after_batch": {"mps_current_allocated_bytes": 6153134080, "mps_driver_allocated_bytes": 7603011584, "mps_recommended_max_bytes": 83494174720, "process_high_water_rss_bytes_macos": 10271293440}}
{"batch_index": 49, "first_example_index": 392, "examples": 8, "nonpadding_tokens": 1340, "padded_tokens": 1392, "forward_wall_seconds": 1.4428915409953333, "forward_process_cpu_seconds": 0.1042740000000002, "likelihood_and_transfer_wall_seconds": 0.014200917008565739, "likelihood_and_transfer_process_cpu_seconds": 0.016916000000000153, "memory_after_batch": {"mps_current_allocated_bytes": 6153134080, "mps_driver_allocated_bytes": 7603011584, "mps_recommended_max_bytes": 83494174720, "process_high_water_rss_bytes_macos": 10271293440}}
{"batch_index": 50, "first_example_index": 400, "examples": 8, "nonpadding_tokens": 1340, "padded_tokens": 1392, "forward_wall_seconds": 1.510553375002928, "forward_process_cpu_seconds": 0.09641599999999961, "likelihood_and_transfer_wall_seconds": 0.011908209009561688, "likelihood_and_transfer_process_cpu_seconds": 0.015285000000000437, "memory_after_batch": {"mps_current_allocated_bytes": 6153134080, "mps_driver_allocated_bytes": 7603011584, "mps_recommended_max_bytes": 83494174720, "process_high_water_rss_bytes_macos": 10271293440}}
{"batch_index": 51, "first_example_index": 408, "examples": 8, "nonpadding_tokens": 1344, "padded_tokens": 1400, "forward_wall_seconds": 1.5029860000067856, "forward_process_cpu_seconds": 0.11239600000000038, "likelihood_and_transfer_wall_seconds": 0.01705608400516212, "likelihood_and_transfer_process_cpu_seconds": 0.01668499999999895, "memory_after_batch": {"mps_current_allocated_bytes": 6153134080, "mps_driver_allocated_bytes": 7603027968, "mps_recommended_max_bytes": 83494174720, "process_high_water_rss_bytes_macos": 10271293440}}
{"batch_index": 52, "first_example_index": 416, "examples": 8, "nonpadding_tokens": 1348, "padded_tokens": 1400, "forward_wall_seconds": 1.4172596250136849, "forward_process_cpu_seconds": 0.09002300000000041, "likelihood_and_transfer_wall_seconds": 0.015381332981633022, "likelihood_and_transfer_process_cpu_seconds": 0.018658999999999537, "memory_after_batch": {"mps_current_allocated_bytes": 6153134080, "mps_driver_allocated_bytes": 7603027968, "mps_recommended_max_bytes": 83494174720, "process_high_water_rss_bytes_macos": 10271293440}}
{"batch_index": 53, "first_example_index": 424, "examples": 8, "nonpadding_tokens": 1348, "padded_tokens": 1400, "forward_wall_seconds": 1.3272570419940166, "forward_process_cpu_seconds": 0.07424499999999945, "likelihood_and_transfer_wall_seconds": 0.01712145798956044, "likelihood_and_transfer_process_cpu_seconds": 0.015753000000000128, "memory_after_batch": {"mps_current_allocated_bytes": 6153134080, "mps_driver_allocated_bytes": 7603027968, "mps_recommended_max_bytes": 83494174720, "process_high_water_rss_bytes_macos": 10271293440}}
{"batch_index": 54, "first_example_index": 432, "examples": 8, "nonpadding_tokens": 1348, "padded_tokens": 1400, "forward_wall_seconds": 1.3211554999870714, "forward_process_cpu_seconds": 0.08141200000000026, "likelihood_and_transfer_wall_seconds": 0.013092833018163219, "likelihood_and_transfer_process_cpu_seconds": 0.014663000000000537, "memory_after_batch": {"mps_current_allocated_bytes": 6153134080, "mps_driver_allocated_bytes": 7603027968, "mps_recommended_max_bytes": 83494174720, "process_high_water_rss_bytes_macos": 10271293440}}
{"batch_index": 55, "first_example_index": 440, "examples": 8, "nonpadding_tokens": 1352, "padded_tokens": 1408, "forward_wall_seconds": 1.723426999989897, "forward_process_cpu_seconds": 0.13283000000000023, "likelihood_and_transfer_wall_seconds": 0.01633975000004284, "likelihood_and_transfer_process_cpu_seconds": 0.01671699999999987, "memory_after_batch": {"mps_current_allocated_bytes": 6153134080, "mps_driver_allocated_bytes": 7611432960, "mps_recommended_max_bytes": 83494174720, "process_high_water_rss_bytes_macos": 10271293440}}
{"batch_index": 56, "first_example_index": 448, "examples": 8, "nonpadding_tokens": 1356, "padded_tokens": 1408, "forward_wall_seconds": 1.43339995801216, "forward_process_cpu_seconds": 0.08871200000000101, "likelihood_and_transfer_wall_seconds": 0.014987959002610296, "likelihood_and_transfer_process_cpu_seconds": 0.016493999999999787, "memory_after_batch": {"mps_current_allocated_bytes": 6153134080, "mps_driver_allocated_bytes": 7611432960, "mps_recommended_max_bytes": 83494174720, "process_high_water_rss_bytes_macos": 10271293440}}
{"batch_index": 57, "first_example_index": 456, "examples": 8, "nonpadding_tokens": 1356, "padded_tokens": 1408, "forward_wall_seconds": 1.43848887499189, "forward_process_cpu_seconds": 0.07764900000000097, "likelihood_and_transfer_wall_seconds": 0.014198875025613233, "likelihood_and_transfer_process_cpu_seconds": 0.015145000000000408, "memory_after_batch": {"mps_current_allocated_bytes": 6153134080, "mps_driver_allocated_bytes": 7611432960, "mps_recommended_max_bytes": 83494174720, "process_high_water_rss_bytes_macos": 10271293440}}
{"batch_index": 58, "first_example_index": 464, "examples": 8, "nonpadding_tokens": 1356, "padded_tokens": 1408, "forward_wall_seconds": 1.5549533749872353, "forward_process_cpu_seconds": 0.07242699999999935, "likelihood_and_transfer_wall_seconds": 0.007699291018070653, "likelihood_and_transfer_process_cpu_seconds": 0.009868000000000876, "memory_after_batch": {"mps_current_allocated_bytes": 6153134080, "mps_driver_allocated_bytes": 7611432960, "mps_recommended_max_bytes": 83494174720, "process_high_water_rss_bytes_macos": 10271293440}}
{"batch_index": 59, "first_example_index": 472, "examples": 8, "nonpadding_tokens": 1360, "padded_tokens": 1416, "forward_wall_seconds": 1.7340100840083323, "forward_process_cpu_seconds": 0.11753700000000045, "likelihood_and_transfer_wall_seconds": 0.009212999982992187, "likelihood_and_transfer_process_cpu_seconds": 0.012022999999999229, "memory_after_batch": {"mps_current_allocated_bytes": 6153134080, "mps_driver_allocated_bytes": 7611449344, "mps_recommended_max_bytes": 83494174720, "process_high_water_rss_bytes_macos": 10271293440}}
{"batch_index": 60, "first_example_index": 480, "examples": 8, "nonpadding_tokens": 1364, "padded_tokens": 1416, "forward_wall_seconds": 1.56812916698982, "forward_process_cpu_seconds": 0.05238699999999952, "likelihood_and_transfer_wall_seconds": 0.008578125009080395, "likelihood_and_transfer_process_cpu_seconds": 0.01098900000000036, "memory_after_batch": {"mps_current_allocated_bytes": 6153134080, "mps_driver_allocated_bytes": 7611449344, "mps_recommended_max_bytes": 83494174720, "process_high_water_rss_bytes_macos": 10271293440}}
{"batch_index": 61, "first_example_index": 488, "examples": 8, "nonpadding_tokens": 1364, "padded_tokens": 1416, "forward_wall_seconds": 1.5430505420081317, "forward_process_cpu_seconds": 0.05433500000000002, "likelihood_and_transfer_wall_seconds": 0.00810820801416412, "likelihood_and_transfer_process_cpu_seconds": 0.010481000000000407, "memory_after_batch": {"mps_current_allocated_bytes": 6153134080, "mps_driver_allocated_bytes": 7611449344, "mps_recommended_max_bytes": 83494174720, "process_high_water_rss_bytes_macos": 10271293440}}
{"batch_index": 62, "first_example_index": 496, "examples": 8, "nonpadding_tokens": 1364, "padded_tokens": 1416, "forward_wall_seconds": 1.5593686669890303, "forward_process_cpu_seconds": 0.062021000000001436, "likelihood_and_transfer_wall_seconds": 0.00971350001054816, "likelihood_and_transfer_process_cpu_seconds": 0.012521999999998812, "memory_after_batch": {"mps_current_allocated_bytes": 6153134080, "mps_driver_allocated_bytes": 7611449344, "mps_recommended_max_bytes": 83494174720, "process_high_water_rss_bytes_macos": 10271293440}}
{"batch_index": 63, "first_example_index": 504, "examples": 8, "nonpadding_tokens": 1368, "padded_tokens": 1424, "forward_wall_seconds": 1.5540062910004053, "forward_process_cpu_seconds": 0.14084000000000074, "likelihood_and_transfer_wall_seconds": 0.011320084013277665, "likelihood_and_transfer_process_cpu_seconds": 0.013977999999999824, "memory_after_batch": {"mps_current_allocated_bytes": 6153134080, "mps_driver_allocated_bytes": 7611465728, "mps_recommended_max_bytes": 83494174720, "process_high_water_rss_bytes_macos": 10271293440}}
{
  "execution_completed": true,
  "score_attempts": 1,
  "actual_forward_examples": 512,
  "actual_model_forward_calls": 64,
  "teacher_texts": 128,
  "framings": 2,
  "semantic_bits_per_framing": 256,
  "pairs_per_framing": 128,
  "heldout_inputs": 0,
  "utility_history_runs": 0,
  "generated_tokens": 0,
  "weight_updates": 0,
  "model_parameter_count": 3075098624,
  "runtime": {
    "python": "3.14.7 (main, Aug  5 2026, 10:29:49) [Clang 21.0.0 (clang-2100.1.1.101)]",
    "executable": "/Users/ember/dev/zkml-research/research/learn_infer_only/experiments/adaptation_utility/.venv/bin/python",
    "torch": "2.10.0",
    "transformers": "4.57.3",
    "platform": "macOS-26.6.1-arm64-arm-64bit-Mach-O",
    "mps_built": true,
    "mps_available": true,
    "cuda_available": false
  },
  "settings": {
    "device": "mps",
    "dtype": "float16",
    "source_weight_dtype": "bfloat16",
    "attention": "eager",
    "enable_thinking": false,
    "use_cache": false,
    "logits_to_keep": 1,
    "model_eval": true,
    "inference_mode": true,
    "generation_invoked": false,
    "likelihood_dtype": "float32 CPU",
    "batch_size": 8,
    "left_padding": true,
    "position_ids": "attention_mask.cumsum(-1)-1; pad positions zero",
    "tie_rule": "bit0",
    "threads": 2,
    "interop_threads": 1,
    "seed": 7901
  },
  "nonpadding_tokens": 84832,
  "padded_tokens": 87040,
  "cpu_load_wall_seconds": 1.1675131669908296,
  "cpu_load_process_cpu_seconds": 2.04655,
  "transfer_to_mps_wall_seconds": 1.2114570830017328,
  "forward_wall_seconds": 93.9006720839534,
  "forward_process_cpu_seconds": 5.840170999999994,
  "likelihood_and_transfer_wall_seconds": 0.8367299170640763,
  "total_wall_seconds_including_imports": 104.09996208298253,
  "total_process_cpu_seconds_including_imports": 14.88168,
  "memory_before_load": {
    "mps_current_allocated_bytes": 0,
    "mps_driver_allocated_bytes": 393216,
    "mps_recommended_max_bytes": 83494174720,
    "process_high_water_rss_bytes_macos": 329908224
  },
  "memory_after_load": {
    "mps_current_allocated_bytes": 6150197504,
    "mps_driver_allocated_bytes": 6484787200,
    "mps_recommended_max_bytes": 83494174720,
    "process_high_water_rss_bytes_macos": 10271293440
  },
  "memory_at_end": {
    "mps_current_allocated_bytes": 6150197504,
    "mps_driver_allocated_bytes": 7611465728,
    "mps_recommended_max_bytes": 83494174720,
    "process_high_water_rss_bytes_macos": 10271293440
  },
  "freeze_sha256": "cb1fda3cef63a87677bc6882c2f8e3e45ab88ed1e95996f7a0adeea8cd93e758",
  "raw_scores_sha256": "79d5e1e5d757c4caf31217b936e6f2fe59688383cc36e86182119c0575623811",
  "prior_bytes_preserved": true,
  "oracle_opened_by_scoring_process": false
}
