Selvage/PcsQuotientAgreement.lean:51:0: warning: automatically included section variable(s) unused in theorem `Minidregg.Selvage.PcsBatching.liftQuotient_eval_point`:
  [DecidableEq F]
consider restructuring your `variable` declarations so that the variables are not in scope or explicitly omit them:
  omit [DecidableEq F] in theorem ...

Note: This linter can be disabled with `set_option linter.unusedSectionVars false`
Selvage/PcsQuotientAgreement.lean:55:0: warning: automatically included section variable(s) unused in theorem `Minidregg.Selvage.PcsBatching.liftQuotient_eval_coset`:
  [DecidableEq F]
consider restructuring your `variable` declarations so that the variables are not in scope or explicitly omit them:
  omit [DecidableEq F] in theorem ...

Note: This linter can be disabled with `set_option linter.unusedSectionVars false`
Selvage/PcsQuotientAgreement.lean:57:24: warning: This simp argument is unused:
  ← mul_assoc

Hint: Omit it from the simp argument list.
  simp [̵l̵i̵f̵t̵Q̵u̵o̵t̵i̵e̵n̵t̵,̵h̵s̵,̵←̵m̵u̵l̵_̵a̵s̵s̵o̵c̵]̵[̲l̲i̲f̲t̲Q̲u̲o̲t̲i̲e̲n̲t̲,̲ ̲h̲s̲]̲

Note: Simp arguments with `←` have the additional effect of removing the other direction from the simp set, even if the simp argument itself is unused. If the hint above does not work, try replacing `←` with `-` to only get that effect and silence this warning.

Note: This linter can be disabled with `set_option linter.unusedSimpArgs false`
Selvage/PcsQuotientAgreement.lean:64:50: error(lean.unknownIdentifier): Unknown constant `Polynomial.natDegree_C_mul_X_le`
Selvage/PcsQuotientAgreement.lean:70:4: warning: try 'simp' instead of 'simpa'

Note: This linter can be disabled with `set_option linter.unnecessarySimpa false`
Selvage/PcsQuotientAgreement.lean:71:11: error: Function expected at
  natDegree_mul_le
but this term has type
  (?m.141 * ?m.142).natDegree ≤ natDegree ?m.141 + natDegree ?m.142

Note: Expected a function because this term is being applied to the argument
  _
Selvage/PcsQuotientAgreement.lean:116:4: error: ring failed, ring expressions not equal
F : Type u_1
ι : Type u_2
κ : Type u_3
inst✝² : Field F
inst✝¹ : DecidableEq F
inst✝ : Fintype ι
M d : ℕ
a : Data F ι κ M
dom : ι ↪ F
s : F
hs : s ≠ 0
hd : 1 ≤ d
hoff : a.OffDomain dom s
S : Finset ι
hsize : d < S.card
hjoint : ∀ (j : Fin (M + 1)), ∃ w ∈ reedSolomonCode dom d, AgreesOn S (a.quotientWord dom s j) w
q : Fin (M + 1) → F[X]
hdegree : ∀ (j : Fin (M + 1)), (q j).natDegree < d
heval : ∀ (j : Fin (M + 1)), ∀ i ∈ S, a.quotientWord dom s j i = eval (dom i) (q j)
p : Fin (M + 1) → F[X] := ⋯
hp : ∀ (j : Fin (M + 1)), (p j).natDegree ≤ d
j : Fin (M + 1)
i : ι
hi : i ∈ S
hh : a.quotientWord dom s j i = eval (dom i) (q j)
hn : a.point j - s * dom i ≠ 0
hm : a.claim j - a.source (a.column j) i = eval (dom i) (q j) * (a.point j - s * dom i)
⊢ a.claim j * 2 - a.point j * eval (dom i) (q j) * 2 + s * dom i * eval (dom i) (q j) * 2 -
      a.source (a.column j) i * 2 =
    0
