Selvage/PcsBatchingExhibits.lean:27:61: error: unsolved goals
case «0»
j : Fin (2 + 1)
⊢ ¬10 = 0

case «1»
j : Fin (2 + 1)
⊢ ¬10 = 1

case «2»
j : Fin (2 + 1)
⊢ ¬10 = 2

case «3»
j : Fin (2 + 1)
⊢ ¬10 = 3

case «4»
j : Fin (2 + 1)
⊢ ¬10 = 4
Selvage/PcsBatchingExhibits.lean:53:38: error: Tactic `rfl` failed: The left-hand side
  eval (1 * dom i) ((fun x => C 3) k)
is not definitionally equal to the right-hand side
  wrongData.source k i

k : Fin 1
i : Fin 5
⊢ eval (1 * dom i) ((fun x => C 3) k) = wrongData.source k i
Selvage/PcsBatchingExhibits.lean:53:46: error: unsolved goals
⊢ ¬4 = 3
