{
  "stage": "selection",
  "frozen_before_test_extraction": true,
  "chosen_lambda": 0.01,
  "grid": {
    "0.0001": {
      "teacher": {
        "head_accuracy": {
          "route0_attribute0": 1.0,
          "route0_attribute1": 1.0,
          "route1_attribute0": 1.0,
          "route1_attribute1": 1.0
        },
        "mean_accuracy": 1.0,
        "mse_clipped": 1.7361157918539756e-06,
        "joint_attribute_accuracy": 1.0
      },
      "selection": {
        "head_accuracy": {
          "route0_attribute0": 0.484375,
          "route0_attribute1": 0.59375,
          "route1_attribute0": 0.515625,
          "route1_attribute1": 0.6875
        },
        "mean_accuracy": 0.5703125,
        "mse_clipped": 0.273118114087363,
        "joint_attribute_accuracy": 0.328125
      }
    },
    "0.001": {
      "teacher": {
        "head_accuracy": {
          "route0_attribute0": 1.0,
          "route0_attribute1": 1.0,
          "route1_attribute0": 1.0,
          "route1_attribute1": 1.0
        },
        "mean_accuracy": 1.0,
        "mse_clipped": 2.1543919534627722e-05,
        "joint_attribute_accuracy": 1.0
      },
      "selection": {
        "head_accuracy": {
          "route0_attribute0": 0.46875,
          "route0_attribute1": 0.546875,
          "route1_attribute0": 0.5,
          "route1_attribute1": 0.71875
        },
        "mean_accuracy": 0.55859375,
        "mse_clipped": 0.25248410270424415,
        "joint_attribute_accuracy": 0.3125
      }
    },
    "0.01": {
      "teacher": {
        "head_accuracy": {
          "route0_attribute0": 1.0,
          "route0_attribute1": 1.0,
          "route1_attribute0": 1.0,
          "route1_attribute1": 1.0
        },
        "mean_accuracy": 1.0,
        "mse_clipped": 0.00011144354948057665,
        "joint_attribute_accuracy": 1.0
      },
      "selection": {
        "head_accuracy": {
          "route0_attribute0": 0.484375,
          "route0_attribute1": 0.5,
          "route1_attribute0": 0.5,
          "route1_attribute1": 0.890625
        },
        "mean_accuracy": 0.59375,
        "mse_clipped": 0.23639674209933415,
        "joint_attribute_accuracy": 0.3515625
      }
    },
    "0.1": {
      "teacher": {
        "head_accuracy": {
          "route0_attribute0": 1.0,
          "route0_attribute1": 1.0,
          "route1_attribute0": 1.0,
          "route1_attribute1": 1.0
        },
        "mean_accuracy": 1.0,
        "mse_clipped": 0.0007246034847190881,
        "joint_attribute_accuracy": 1.0
      },
      "selection": {
        "head_accuracy": {
          "route0_attribute0": 0.515625,
          "route0_attribute1": 0.53125,
          "route1_attribute0": 0.5,
          "route1_attribute1": 0.71875
        },
        "mean_accuracy": 0.56640625,
        "mse_clipped": 0.2325421840963085,
        "joint_attribute_accuracy": 0.3125
      }
    },
    "1.0": {
      "teacher": {
        "head_accuracy": {
          "route0_attribute0": 1.0,
          "route0_attribute1": 1.0,
          "route1_attribute0": 1.0,
          "route1_attribute1": 1.0
        },
        "mean_accuracy": 1.0,
        "mse_clipped": 0.01008871816458426,
        "joint_attribute_accuracy": 1.0
      },
      "selection": {
        "head_accuracy": {
          "route0_attribute0": 0.515625,
          "route0_attribute1": 0.59375,
          "route1_attribute0": 0.5,
          "route1_attribute1": 0.703125
        },
        "mean_accuracy": 0.578125,
        "mse_clipped": 0.23068806770201317,
        "joint_attribute_accuracy": 0.3203125
      }
    }
  },
  "parameters_sha256": "86fe6e82797ef7f1cfeae8669736aa6339553b3ec9fde121a8ceba44de88a332",
  "policy_sha256": "8120d1e8ae1cad6d4efae6560776d8a4417f069b93e6690a66b634dd69582b2a",
  "freeze_sha256": "3da0345f2745792683bb30ff9b8ab0cbd1c014f44e46800190533f82b4b7d0af",
  "cost": {
    "wall_seconds": 0.07391695899423212,
    "cpu_seconds": 0.019853999999999983,
    "process_high_water_rss_bytes_macos": 46972928
  }
}
