     Locking 125 packages to latest Rust 1.98.0-nightly compatible versions
      Adding generic-array v0.14.7 (available: v0.14.9)
      Adding num-bigint v0.4.8 (available: v0.5.1)
      Adding sha2 v0.10.9 (available: v0.11.0)
   Compiling proc-macro2 v1.0.107
   Compiling unicode-ident v1.0.24
   Compiling quote v1.0.47
   Compiling autocfg v1.5.1
   Compiling libm v0.2.16
   Compiling num-traits v0.2.19
    Checking cfg-if v1.0.4
   Compiling libc v0.2.189
   Compiling syn v3.0.5
   Compiling syn v2.0.119
   Compiling serde_core v1.0.229
    Checking num-integer v0.1.47
   Compiling serde v1.0.229
   Compiling serde_derive v1.0.229
   Compiling crossbeam-utils v0.8.22
   Compiling crossbeam-epoch v0.9.20
    Checking either v1.18.0
   Compiling paste v1.0.15
   Compiling crossbeam-deque v0.8.7
   Compiling rayon-core v1.13.0
    Checking rand_core v0.10.1
   Compiling getrandom v0.4.3
    Checking itertools v0.14.0
    Checking num-bigint v0.4.8
    Checking strength_reduce v0.2.4
    Checking transpose v0.2.3
    Checking rayon v1.12.0
    Checking chacha20 v0.10.2
   Compiling tracing-attributes v0.1.31
    Checking pin-project-lite v0.2.17
    Checking tracing-core v0.1.36
   Compiling version_check v0.9.5
    Checking tracing v0.1.44
    Checking rand v0.10.2
    Checking p3-maybe-rayon v0.5.1 (https://github.com/Plonky3/Plonky3?rev=82cfad73cd734d37a0d51953094f970c531817ec#82cfad73)
    Checking p3-util v0.5.1 (https://github.com/Plonky3/Plonky3?rev=82cfad73cd734d37a0d51953094f970c531817ec#82cfad73)
    Checking p3-field v0.5.1 (https://github.com/Plonky3/Plonky3?rev=82cfad73cd734d37a0d51953094f970c531817ec#82cfad73)
    Checking p3-matrix v0.5.1 (https://github.com/Plonky3/Plonky3?rev=82cfad73cd734d37a0d51953094f970c531817ec#82cfad73)
    Checking scopeguard v1.2.0
    Checking lock_api v0.4.14
    Checking spin v0.11.1
   Compiling getrandom v0.3.4
   Compiling zerocopy v0.8.56
    Checking p3-dft v0.5.1 (https://github.com/Plonky3/Plonky3?rev=82cfad73cd734d37a0d51953094f970c531817ec#82cfad73)
    Checking p3-symmetric v0.5.1 (https://github.com/Plonky3/Plonky3?rev=82cfad73cd734d37a0d51953094f970c531817ec#82cfad73)
   Compiling thiserror v2.0.20
    Checking p3-mds v0.5.1 (https://github.com/Plonky3/Plonky3?rev=82cfad73cd734d37a0d51953094f970c531817ec#82cfad73)
   Compiling generic-array v0.14.7
   Compiling thiserror-impl v2.0.20
    Checking ppv-lite86 v0.2.21
    Checking rand_core v0.9.5
    Checking bytemuck v1.25.2
    Checking typenum v1.20.1
    Checking num-complex v0.4.6
    Checking rand_chacha v0.9.0
    Checking p3-poseidon1 v0.5.1 (https://github.com/Plonky3/Plonky3?rev=82cfad73cd734d37a0d51953094f970c531817ec#82cfad73)
    Checking p3-poseidon2 v0.5.1 (https://github.com/Plonky3/Plonky3?rev=82cfad73cd734d37a0d51953094f970c531817ec#82cfad73)
   Compiling anyhow v1.0.104
    Checking p3-monty-31 v0.5.1 (https://github.com/Plonky3/Plonky3?rev=82cfad73cd734d37a0d51953094f970c531817ec#82cfad73)
    Checking rand v0.9.5
   Compiling pulp v0.21.5
   Compiling equator-macro v0.4.2
   Compiling matrixmultiply v0.3.11
    Checking reborrow v0.5.5
   Compiling semver v1.0.28
   Compiling num-bigint-dig v0.9.1
   Compiling rustc_version v0.4.1
    Checking equator v0.4.2
    Checking p3-challenger v0.5.1 (/Users/ember/dev/breadstuffs/vendor/plonky3-challenger-82cfad73)
    Checking crypto-common v0.1.7
    Checking block-buffer v0.10.4
    Checking p3-multilinear-util v0.5.1 (https://github.com/Plonky3/Plonky3?rev=82cfad73cd734d37a0d51953094f970c531817ec#82cfad73)
   Compiling pulp v0.22.3
    Checking num-iter v0.1.46
    Checking once_cell v1.21.4
    Checking smallvec v1.16.0
    Checking rawpointer v0.2.1
    Checking p3-commit v0.5.1 (https://github.com/Plonky3/Plonky3?rev=82cfad73cd734d37a0d51953094f970c531817ec#82cfad73)
    Checking digest v0.10.7
   Compiling prost-derive v0.14.4
    Checking aligned-vec v0.6.4
   Compiling heapless v0.7.17
    Checking cpufeatures v0.2.17
    Checking byteorder v1.5.0
    Checking bytes v1.12.1
    Checking pulp-wasm-simd-flag v0.1.1
   Compiling doc-comment v0.3.4
   Compiling zmij v1.0.23
    Checking prost v0.14.4
    Checking hash32 v0.2.1
    Checking sha2 v0.10.9
    Checking tfhe-ntt v0.6.1
    Checking fhe-util v0.1.1
    Checking ndarray v0.17.2
    Checking fhe-traits v0.1.1
    Checking zeroize v1.9.0
    Checking stable_deref_trait v1.2.1
    Checking ethnum v1.5.3
   Compiling serde_json v1.0.151
    Checking fhe-math v0.1.1
    Checking p3-fri v0.5.1 (/Users/ember/dev/breadstuffs/vendor/plonky3-fri-82cfad73)
    Checking cobs v0.3.0
    Checking p3-air v0.5.1 (https://github.com/Plonky3/Plonky3?rev=82cfad73cd734d37a0d51953094f970c531817ec#82cfad73)
   Compiling zeroize_derive v1.5.0
    Checking itoa v1.0.18
    Checking memchr v2.8.3
    Checking fhe v0.1.1 (/Users/ember/dev/zkml-research/research/vfhe_2026_09_08/full_bfv_multiply_successor/infer/vendor/fhe-dregg)
    Checking p3-uni-stark v0.5.1 (https://github.com/Plonky3/Plonky3?rev=82cfad73cd734d37a0d51953094f970c531817ec#82cfad73)
    Checking postcard v1.1.3
    Checking p3-merkle-tree v0.5.1 (https://github.com/Plonky3/Plonky3?rev=82cfad73cd734d37a0d51953094f970c531817ec#82cfad73)
    Checking vfhe-matched-field v0.1.0 (/Users/ember/dev/zkml-research/research/vfhe_2026_09_08/matched_field/native)
error[E0583]: file not found for module `field`
 --> src/lib.rs:1:1
  |
1 | pub mod field;
  | ^^^^^^^^^^^^^^
  |
  = help: to create the module `field`, create file "src/field.rs" or "src/field/mod.rs"
  = note: if there is a `mod field` elsewhere in the crate already, import it with `use crate::...` instead

warning: unused import: `PrimeCharacteristicRing`
 --> src/proof.rs:8:16
  |
8 | use p3_field::{PrimeCharacteristicRing, extension::BinomialExtensionField};
  |                ^^^^^^^^^^^^^^^^^^^^^^^
  |
  = note: `#[warn(unused_imports)]` (part of `#[warn(unused)]`) on by default

For more information about this error, try `rustc --explain E0583`.
warning: `vfhe-matched-field` (lib) generated 1 warning
error: could not compile `vfhe-matched-field` (lib) due to 1 previous error; 1 warning emitted
