'Minidregg.Selvage.ArityEight.Schedule.BabyBear.firstFifteen_domains' depends on axioms: [propext,
 Classical.choice,
 Quot.sound]
'Minidregg.Selvage.ArityEight.Schedule.BabyBear.firstFifteen_transitions' depends on axioms: [propext,
 Classical.choice,
 Quot.sound]
'Minidregg.Selvage.ArityEight.Schedule.BabyBear.degree_positive' depends on axioms: [propext,
 Classical.choice,
 Quot.sound]
'Minidregg.Selvage.ArityEight.Schedule.BabyBear.degree_step' depends on axioms: [propext, Classical.choice, Quot.sound]
'Minidregg.Selvage.ArityEight.Schedule.BabyBear.radius_positive' depends on axioms: [propext,
 Classical.choice,
 Quot.sound]
'Minidregg.Selvage.ArityEight.Schedule.BabyBear.radius_gap' depends on axioms: [propext, Classical.choice, Quot.sound]
'Minidregg.Selvage.ArityEight.Schedule.BabyBear.rate' depends on axioms: [propext, Classical.choice, Quot.sound]
'Minidregg.Selvage.ArityEight.Schedule.BabyBear.terminal_sound' depends on axioms: [propext,
 Classical.choice,
 Quot.sound]
'Minidregg.Selvage.ArityEight.Schedule.BabyBear.supplied_terminal_sound' depends on axioms: [propext,
 Classical.choice,
 Quot.sound]
