'Minidregg.Selvage.ArityEight.Schedule.BabyBear.Witnesses.source_eq' depends on axioms: [propext,
 Classical.choice,
 Quot.sound]
'Minidregg.Selvage.ArityEight.Schedule.BabyBear.Witnesses.source_far' depends on axioms: [propext,
 Classical.choice,
 Quot.sound]
'Minidregg.Selvage.ArityEight.Schedule.BabyBear.Witnesses.source_not_mem' depends on axioms: [propext,
 Classical.choice,
 Quot.sound]
'Minidregg.Selvage.ArityEight.Schedule.BabyBear.Witnesses.literal_exact' depends on axioms: [propext,
 Classical.choice,
 Quot.sound]
'Minidregg.Selvage.ArityEight.Schedule.BabyBear.Witnesses.terminal_mem' depends on axioms: [propext,
 Classical.choice,
 Quot.sound]
'Minidregg.Selvage.ArityEight.Schedule.BabyBear.Witnesses.domain_zero' depends on axioms: [propext,
 Classical.choice,
 Quot.sound]
'Minidregg.Selvage.ArityEight.Schedule.BabyBear.Witnesses.terminal_monomial_one' depends on axioms: [propext,
 Classical.choice,
 Quot.sound]
'Minidregg.Selvage.ArityEight.Schedule.BabyBear.Witnesses.zero_seed_accepts' depends on axioms: [propext,
 Classical.choice,
 Quot.sound]
'Minidregg.Selvage.ArityEight.Schedule.BabyBear.Witnesses.one_seed_rejects' depends on axioms: [propext,
 Classical.choice,
 Quot.sound]
'Minidregg.Selvage.ArityEight.Schedule.BabyBear.Witnesses.sound_fires' depends on axioms: [propext,
 Classical.choice,
 Quot.sound]
