[diag] Diagnostics
  [reduction] unfolded declarations (max: 307862, num: 51):
    [reduction] Nat.rec ↦ 307862
    [reduction] Nat.ble ↦ 149289
    [reduction] Bool.decEq ↦ 149168
    [reduction] dite ↦ 138220
    [reduction] HPow.hPow ↦ 131290
    [reduction] Pow.pow ↦ 131289
    [reduction] Monoid.npow ↦ 84841
    [reduction] NatPow.pow ↦ 46444
    [reduction] PowerTwoRootFolding.sectionIndex ↦ 30959
    [reduction] ite ↦ 28486
    [reduction] Quot.lift ↦ 26655
    [reduction] Quot.map ↦ 23026
    [reduction] Quotient.map' ↦ 23026
    [reduction] AdjoinRoot.instCommRing._aux_20 ↦ 23026
    [reduction] RingCon.instPowQuotientNat._aux_1 ↦ 23026
    [reduction] Ideal.Quotient.ring._aux_6 ↦ 23026
    [reduction] PowerTwoRootFolding.domain ↦ 15370
    [reduction] Decidable.rec ↦ 13548
    [reduction] DFunLike.coe ↦ 11841
    [reduction] HMod.hMod ↦ 10317
    [reduction] Mod.mod ↦ 10317
    [reduction] PowerTwoRootFolding.data ↦ 9108
    [reduction] Nat.mod ↦ 9027
    [reduction] powerTwoCoherentRound ↦ 7740
    [reduction] powerTwoRoundIndex ↦ 7740
    [reduction] roundQueries ↦ 7740
    [reduction] monomial ↦ 4515
    [reduction] Quotient.map₂ ↦ 3058
    [reduction] Quotient.mk ↦ 2159
    [reduction] HSub.hSub ↦ 1740
    [reduction] Sub.sub ↦ 1740
    [reduction] AdjoinRoot.instCommRing._aux_34 ↦ 1730
    [reduction] Submodule.Quotient.addCommGroup._aux_3 ↦ 1730
    [reduction] PowerTwoRootFolding.negativeIndex ↦ 1288
    [reduction] HMul.hMul ↦ 973
    [reduction] Mul.mul ↦ 973
    [reduction] RingCon.instMulQuotient._aux_1 ↦ 954
    [reduction] Ideal.Quotient.ring._aux_1 ↦ 954
    [reduction] Inv.inv ↦ 816
    [reduction] AdjoinRoot.instCommRing._aux_13 ↦ 728
    [reduction] HAdd.hAdd ↦ 513
    [reduction] Add.add ↦ 510
    [reduction] AdjoinRoot.instCommRing._aux_1 ↦ 374
    [reduction] Submodule.Quotient.addMonoid._aux_1 ↦ 374
    [reduction] Not ↦ 233
    [reduction] Div.div ↦ 230
    [reduction] HDiv.hDiv ↦ 230
    [reduction] DivInvMonoid.div' ↦ 228
    [reduction] foldOdd ↦ 198
    [reduction] OfNat.ofNat ↦ 156
    [reduction] foldEven ↦ 36
  [reduction] unfolded reducible declarations (max: 652836, num: 15):
    [reduction] FoldingTower.data ↦ 652836
    [reduction] Nat.casesOn ↦ 464769
    [reduction] Fin.val ↦ 330578
    [reduction] Decidable.casesOn ↦ 164570
    [reduction] Bool.casesOn ↦ 149174
    [reduction] FoldingTower.dom ↦ 119717
    [reduction] PowerTwoFriLevels ↦ 45799
    [reduction] FoldingData.sec ↦ 38702
    [reduction] Function.Embedding.toFun ↦ 27207
    [reduction] Words.word ↦ 26845
    [reduction] Quotient.lift ↦ 6796
    [reduction] FunLike ↦ 3132
    [reduction] Quotient.lift₂ ↦ 3056
    [reduction] FoldingData.neg ↦ 2576
    [reduction] Ext4 ↦ 151
  [def_eq] heuristic for solving `f a =?= f b` (max: 23108, num: 36):
    [def_eq] Fin.val ↦ 23108
    [def_eq] FoldingTower.data ↦ 9105
    [def_eq] FoldingData.sec ↦ 7739
    [def_eq] HMul.hMul ↦ 6766
    [def_eq] PowerTwoFriLevels ↦ 6350
    [def_eq] FoldingTower.dom ↦ 6264
    [def_eq] Words.word ↦ 4514
    [def_eq] ite ↦ 4513
    [def_eq] LT.lt ↦ 4513
    [def_eq] monomial ↦ 4513
    [def_eq] DFunLike.coe ↦ 3132
    [def_eq] Function.Embedding.toFun ↦ 3132
    [def_eq] Quotient.lift ↦ 2480
    [def_eq] FoldingData.neg ↦ 1288
    [def_eq] Quotient.lift₂ ↦ 1070
    [def_eq] Quotient.map₂ ↦ 1070
    [def_eq] HSub.hSub ↦ 525
    [def_eq] Sub.sub ↦ 525
    [def_eq] AdjoinRoot.instCommRing._aux_34 ↦ 525
    [def_eq] Submodule.Quotient.addCommGroup._aux_3 ↦ 525
    [def_eq] Mul.mul ↦ 424
    [def_eq] Ideal.Quotient.ring._aux_1 ↦ 424
    [def_eq] RingCon.instMulQuotient._aux_1 ↦ 423
    [def_eq] AdjoinRoot.instCommRing._aux_13 ↦ 354
    [def_eq] instHAdd ↦ 127
    [def_eq] HAdd.hAdd ↦ 127
    [def_eq] Add.add ↦ 123
    [def_eq] AdjoinRoot.instCommRing._aux_1 ↦ 122
    [def_eq] Submodule.Quotient.addMonoid._aux_1 ↦ 122
    [def_eq] Not ↦ 116
    [def_eq] dite ↦ 116
    [def_eq] Inv.inv ↦ 116
    [def_eq] HDiv.hDiv ↦ 73
    [def_eq] Div.div ↦ 71
    [def_eq] DivInvMonoid.div' ↦ 71
    [def_eq] foldOdd ↦ 59
  [reduction] Axioms (possibly imported non-exposed defs) that were tried to be unfolded (max: 1396, num: 1):
    [reduction] Classical.choice ↦ 1396
  use `set_option diagnostics.threshold <num>` to control threshold for reporting counters
Selvage/ArityEightScheduleWitnesses.lean:74:0: error: (deterministic) timeout at `whnf`, maximum number of heartbeats (800000) has been reached

Note: Use `set_option maxHeartbeats <num>` to set the limit.
