     Locking 37 packages to latest Rust 1.98.0-nightly compatible versions
    Updating anstream v0.6.21 -> v1.0.0
    Updating anstyle v1.0.13 -> v1.0.14
    Updating anstyle-parse v0.2.7 -> v1.0.0
    Updating bumpalo v3.19.0 -> v3.20.3
    Updating cc v1.2.40 -> v1.4.5
    Updating cfg-if v1.0.3 -> v1.0.4
    Updating clap v4.5.48 -> v4.6.6
    Updating clap_builder v4.5.48 -> v4.6.6
    Updating clap_derive v4.5.47 -> v4.6.4
    Updating clap_lex v0.7.5 -> v1.1.0
    Updating enum-ordinalize v4.3.0 -> v4.4.2
    Updating enum-ordinalize-derive v4.3.1 -> v4.4.2
    Updating find-msvc-tools v0.1.3 -> v0.1.12
      Adding futures-core v0.3.34
      Adding futures-task v0.3.34
      Adding futures-util v0.3.34
      Adding getrandom v0.2.17 (available: v0.4.3)
      Adding getrandom v0.3.4 (available: v0.4.3)
    Updating js-sys v0.3.81 -> v0.3.104
    Updating libc v0.2.176 -> v0.2.189
    Updating libm v0.2.15 -> v0.2.16
    Updating proc-macro2 v1.0.101 -> v1.0.107
    Updating quote v1.0.41 -> v1.0.47
    Updating shlex v1.3.0 -> v2.0.1
      Adding slab v0.4.12
      Adding syn v3.0.5
    Updating tracing-core v0.1.34 -> v0.1.36
    Updating typenum v1.19.0 -> v1.20.1
    Updating unicode-ident v1.0.19 -> v1.0.24
    Updating wasip2 v1.0.1+wasi-0.2.4 -> v1.0.4+wasi-0.2.12
    Updating wasm-bindgen v0.2.104 -> v0.2.127
    Updating wasm-bindgen-macro v0.2.104 -> v0.2.127
    Updating wasm-bindgen-macro-support v0.2.104 -> v0.2.127
    Updating wasm-bindgen-shared v0.2.104 -> v0.2.127
    Updating wit-bindgen v0.46.0 -> v0.57.1
    Updating zerocopy v0.8.27 -> v0.8.56
    Updating zerocopy-derive v0.8.27 -> v0.8.56
error: failed to download `rand_distr v0.4.3`

Caused by:
  attempting to make an HTTP request, but --offline was specified
