 Downloading crates ...
  Downloaded rand_distr v0.4.3
    Blocking waiting for file lock on package cache
   Compiling proc-macro2 v1.0.107
   Compiling unicode-ident v1.0.24
   Compiling quote v1.0.47
   Compiling wasm-bindgen-shared v0.2.127
   Compiling cfg-if v1.0.4
   Compiling once_cell v1.21.3
   Compiling rustversion v1.0.22
   Compiling syn v2.0.106
   Compiling version_check v0.9.5
   Compiling autocfg v1.5.0
   Compiling bumpalo v3.20.3
   Compiling wasm-bindgen v0.2.127
   Compiling wasm-bindgen-macro-support v0.2.127
   Compiling zerocopy v0.8.56
   Compiling libm v0.2.16
   Compiling pin-project-lite v0.2.16
   Compiling num-traits v0.2.19
   Compiling futures-task v0.3.34
   Compiling slab v0.4.12
   Compiling futures-core v0.3.34
   Compiling futures-util v0.3.34
   Compiling wasm-bindgen-macro v0.2.127
   Compiling generic-array v0.14.7
   Compiling crossbeam-utils v0.8.21
   Compiling js-sys v0.3.104
   Compiling typenum v1.20.1
   Compiling ppv-lite86 v0.2.21
   Compiling rayon-core v1.13.0
   Compiling crossbeam-epoch v0.9.18
   Compiling crossbeam-deque v0.8.6
   Compiling block-buffer v0.10.4
   Compiling crypto-common v0.1.6
   Compiling syn v3.0.5
   Compiling subtle v2.6.1
   Compiling either v1.15.0
   Compiling digest v0.10.7
   Compiling num-integer v0.1.46
   Compiling rayon v1.11.0
   Compiling getrandom v0.2.17
   Compiling rand_core v0.6.4
   Compiling rand_chacha v0.3.1
   Compiling enum-ordinalize-derive v4.4.2
   Compiling rand v0.8.5
   Compiling zeroize_derive v1.4.2
   Compiling paste v1.0.15
   Compiling arrayvec v0.7.6
   Compiling zeroize v1.8.2
   Compiling num-bigint v0.4.6
   Compiling ark-std v0.5.0
   Compiling enum-ordinalize v4.4.2
   Compiling ark-serialize-derive v0.5.0
   Compiling ark-serialize v0.5.0
   Compiling ark-ff-macros v0.5.0
   Compiling educe v0.6.0
   Compiling itertools v0.13.0
   Compiling ark-ff-asm v0.5.0
   Compiling ahash v0.8.12
   Compiling allocator-api2 v0.2.21
   Compiling ark-ff v0.5.0
   Compiling hashbrown v0.15.5
   Compiling tracing-core v0.1.36
   Compiling find-msvc-tools v0.1.12
   Compiling keccak v0.1.5
   Compiling shlex v2.0.1
   Compiling cc v1.4.5
   Compiling bytemuck v1.24.0
   Compiling getrandom v0.3.4
   Compiling ark-poly v0.5.0
   Compiling thiserror v2.0.17
   Compiling serde_core v1.0.228
   Compiling syn v1.0.109
   Compiling utf8parse v0.2.2
   Compiling anstyle-parse v1.0.0
   Compiling blake3 v1.8.2
   Compiling ark-ec v0.5.0
   Compiling tracing-subscriber v0.2.25
   Compiling tracing v0.1.41
   Compiling thiserror-impl v2.0.17
   Compiling anstyle-query v1.1.4
   Compiling colorchoice v1.0.4
   Compiling is_terminal_polyfill v1.70.1
   Compiling anstyle v1.0.14
   Compiling ark-relations v0.5.1
   Compiling anstream v1.0.0
   Compiling sha3 v0.10.8
   Compiling equator-macro v0.4.2
   Compiling pulp v0.21.5
   Compiling clap_lex v1.1.0
   Compiling heck v0.5.0
   Compiling strsim v0.11.1
   Compiling serde_json v1.0.145
   Compiling constant_time_eq v0.3.1
   Compiling byteorder v1.5.0
   Compiling serde v1.0.228
   Compiling arrayref v0.3.9
   Compiling hex v0.4.3
   Compiling spongefish v0.2.0-alpha (https://github.com/arkworks-rs/spongefish#fce4bfed)
   Compiling merlin v3.0.0
   Compiling clap_builder v4.6.6
   Compiling clap_derive v4.6.4
   Compiling equator v0.4.2
   Compiling derivative v2.2.0
   Compiling rand_core v0.9.3
   Compiling ark-snark v0.5.1
   Compiling num-complex v0.4.6
   Compiling hashbrown v0.14.5
   Compiling blake2 v0.10.6
   Compiling sha2 v0.10.9
   Compiling serde_derive v1.0.228
   Compiling ark-crypto-primitives-macros v0.5.0
   Compiling itoa v1.0.15
   Compiling memchr v2.7.6
   Compiling reborrow v0.5.5
   Compiling anyhow v1.0.100
   Compiling ryu v1.0.20
   Compiling ark-crypto-primitives v0.5.0
   Compiling rand_chacha v0.9.0
   Compiling clap v4.6.6
   Compiling aligned-vec v0.6.4
   Compiling spongefish-pow v0.1.0-alpha (https://github.com/arkworks-rs/spongefish#fce4bfed)
   Compiling itertools v0.14.0
   Compiling tfhe-ntt v0.6.1
   Compiling whir v0.1.0 (https://github.com/WizardOfMenlo/whir.git?rev=22c675807fc9295fef68a11945713dc3e184e1c1#22c67580)
   Compiling rand v0.9.2
   Compiling rand_distr v0.4.3
   Compiling matvec v0.1.0 (/Users/ember/dev/zkml-research/research/vfhe_2026_09_08/new_constructions/scaled/matvecmul)
   Compiling ring-browser-verifier v0.1.0 (/Users/ember/dev/zkml-research/research/vfhe_2026_09_08/ring_browser_verifier)
    Finished `release` profile [optimized] target(s) in 57.90s
