{
  "status":"PASS",
  "ring_degree":4096,
  "integer_width":16384,
  "rows":64,
  "prototype_revision":128,
  "classes":8,
  "query_count":8,
  "features":576,
  "fresh_input_ciphertexts":4,
  "plaintext_moduli":[16381,16369],
  "decode_coefficients":[0,576],
  "sigma":8589934592,
  "pcs_enabled":true,
  "unchanged_verifier_accepted":true,
  "fresh_saved_replay_accepted":true,
  "exact_signed_score_matches":64,
  "exact_decision_matches":8,
  "reused_selected_eight_correct":5,
  "test_indices":[0, 280, 160, 40, 200, 240, 120, 80],
  "actual_scores_query_major":[1765933, 1588186, 1697736, 1767760, 1668537, 1549522, 1640276, 1586897, 1561369, 1796987, 1659753, 1583474, 1616300, 1567797, 1575741, 1716687, 1623113, 1704545, 1808786, 1646020, 1754474, 1645972, 1671184, 1733846, 1647830, 1640740, 1655883, 1763302, 1637346, 1587898, 1645311, 1658768, 1784751, 1720955, 1813001, 1750500, 1890544, 1749978, 1763427, 1730542, 1648227, 1590405, 1656662, 1611946, 1769983, 1756535, 1711818, 1610758, 1683068, 1683110, 1727196, 1669696, 1782932, 1802364, 1798624, 1711693, 1603195, 1701688, 1708072, 1622744, 1693690, 1664780, 1683678, 1782289],
  "decision_class_indices":[3, 1, 2, 3, 4, 4, 5, 7],
  "fused_prover_calls":1,
  "cache_field_elements":2097152,
  "input_adapter_blake3":"df593a0df21c9c942e5086c5b64c07635e43e04aafa61495b8736201bd279a1d",
  "input_and_encryption_ns":1666250,
  "preprocessing_ns":98427125,
  "prove_ns":637338834,
  "verify_with_preprocessing_ns":80275500,
  "public_close_before_decode_ns":928742208,
  "recipient_decode_compare_ns":8210708,
  "statement_bytes":12845169,
  "complete_proof_bytes":4439648
}

