{"event": "init", "role": "public", "wall_seconds": 1.7698034580098465, "elapsed_seconds": 1.7701809579739347, "status": "PASS"}
{"event": "register_00", "role": "recipient_00", "wall_seconds": 3.2528318330296315, "elapsed_seconds": 5.023497374961153, "status": "PASS"}
{"event": "register_01", "role": "recipient_01", "wall_seconds": 3.240879708027933, "elapsed_seconds": 8.264889082987793, "status": "PASS"}
{"event": "register_02", "role": "recipient_02", "wall_seconds": 3.275265959033277, "elapsed_seconds": 11.540699499950279, "status": "PASS"}
{"event": "register_03", "role": "recipient_03", "wall_seconds": 3.2381237910012715, "elapsed_seconds": 14.779598416993394, "status": "PASS"}
{"event": "register_04", "role": "recipient_04", "wall_seconds": 3.2534160829964094, "elapsed_seconds": 18.03353191696806, "status": "PASS"}
{"event": "register_05", "role": "recipient_05", "wall_seconds": 3.2544867919641547, "elapsed_seconds": 21.288720082957298, "status": "PASS"}
{"event": "register_06", "role": "recipient_06", "wall_seconds": 3.2784180410089903, "elapsed_seconds": 24.567909666977357, "status": "PASS"}
{"event": "register_07", "role": "recipient_07", "wall_seconds": 3.2631012499914505, "elapsed_seconds": 27.831667082966305, "status": "PASS"}
{"event": "register_08", "role": "recipient_08", "wall_seconds": 3.233483874995727, "elapsed_seconds": 31.06590149999829, "status": "PASS"}
{"event": "register_09", "role": "recipient_09", "wall_seconds": 3.2559726659674197, "elapsed_seconds": 34.322454041976016, "status": "PASS"}
{"event": "register_10", "role": "recipient_10", "wall_seconds": 3.2277374169789255, "elapsed_seconds": 37.55083633295726, "status": "PASS"}
{"event": "register_11", "role": "recipient_11", "wall_seconds": 3.285592000000179, "elapsed_seconds": 40.837081749981735, "status": "PASS"}
{"event": "register_12", "role": "recipient_12", "wall_seconds": 3.2950051660300232, "elapsed_seconds": 44.13267491699662, "status": "PASS"}
{"event": "register_13", "role": "recipient_13", "wall_seconds": 3.2959145839558914, "elapsed_seconds": 47.42933770798845, "status": "PASS"}
{"event": "register_14", "role": "recipient_14", "wall_seconds": 3.2908924999646842, "elapsed_seconds": 50.720877832965925, "status": "PASS"}
{"event": "register_15", "role": "recipient_15", "wall_seconds": 3.357268124993425, "elapsed_seconds": 54.07878574996721, "status": "PASS"}
{"event": "finalize", "role": "public", "wall_seconds": 10.45352862495929, "elapsed_seconds": 64.53347558295354, "status": "PASS"}
{"event": "encode_01", "role": "public", "wall_seconds": 7.117626249964815, "elapsed_seconds": 71.65226158295991, "status": "PASS"}
{"event": "learn_01", "role": "public", "wall_seconds": 1.6357054589898326, "elapsed_seconds": 73.28886299999431, "status": "PASS"}
{"event": "encode_02", "role": "public", "wall_seconds": 7.124087665986735, "elapsed_seconds": 80.4141256249859, "status": "PASS"}
{"event": "learn_02", "role": "public", "wall_seconds": 1.6548683330183849, "elapsed_seconds": 82.06972766696708, "status": "PASS"}
{"event": "encode_03", "role": "public", "wall_seconds": 7.349455707997549, "elapsed_seconds": 89.45623495796463, "status": "PASS"}
{"event": "learn_03", "role": "public", "wall_seconds": 2.651098624977749, "elapsed_seconds": 92.10802316694753, "status": "PASS"}
{"event": "encode_04", "role": "public", "wall_seconds": 7.195386415987741, "elapsed_seconds": 99.30442908295663, "status": "PASS"}
{"event": "learn_04", "role": "public", "wall_seconds": 2.5848463340080343, "elapsed_seconds": 101.89010991697432, "status": "PASS"}
{"event": "encode_05", "role": "public", "wall_seconds": 7.313788208004553, "elapsed_seconds": 109.24074791697785, "status": "PASS"}
{"event": "learn_05", "role": "public", "wall_seconds": 3.801423083001282, "elapsed_seconds": 113.04337324999506, "status": "PASS"}
{"event": "encode_06", "role": "public", "wall_seconds": 7.923012417042628, "elapsed_seconds": 120.96779479196994, "status": "PASS"}
{"event": "learn_06", "role": "public", "wall_seconds": 3.861259124998469, "elapsed_seconds": 124.83012916694861, "status": "PASS"}
{"event": "exact_expiry_rebuild_0", "role": "public", "wall_seconds": 1.82423754199408, "elapsed_seconds": 126.69195391697576, "status": "PASS"}
{"event": "exact_expiry_rebuild_1", "role": "public", "wall_seconds": 1.7482531659770757, "elapsed_seconds": 128.47859629197046, "status": "PASS"}
{"event": "public_complete", "elapsed_seconds": 128.99504424998304}
{"event": "query_recipient_00", "role": "recipient_00", "wall_seconds": 5.283071374986321, "elapsed_seconds": 134.27816637494834, "status": "PASS"}
{"event": "query_recipient_01", "role": "recipient_01", "wall_seconds": 5.163817791966721, "elapsed_seconds": 139.44285745796515, "status": "PASS"}
{"event": "query_recipient_02", "role": "recipient_02", "wall_seconds": 5.110721874982119, "elapsed_seconds": 144.55453070800286, "status": "PASS"}
{"event": "query_recipient_03", "role": "recipient_03", "wall_seconds": 5.301618708006572, "elapsed_seconds": 149.85720679198857, "status": "PASS"}
{"event": "query_recipient_04", "role": "recipient_04", "wall_seconds": 5.339695792004932, "elapsed_seconds": 155.19781324994983, "status": "PASS"}
{"event": "query_recipient_05", "role": "recipient_05", "wall_seconds": 5.229307667003013, "elapsed_seconds": 160.42804170795716, "status": "PASS"}
{"event": "query_recipient_06", "role": "recipient_06", "wall_seconds": 5.1214673340437, "elapsed_seconds": 165.5504827919649, "status": "PASS"}
{"event": "query_recipient_07", "role": "recipient_07", "wall_seconds": 5.169991667033173, "elapsed_seconds": 170.7213977079955, "status": "PASS"}
{"event": "query_recipient_08", "role": "recipient_08", "wall_seconds": 5.531775542011019, "elapsed_seconds": 176.25416437495733, "status": "PASS"}
{"event": "query_recipient_09", "role": "recipient_09", "wall_seconds": 6.74867279099999, "elapsed_seconds": 183.00390204199357, "status": "PASS"}
{"event": "query_recipient_10", "role": "recipient_10", "wall_seconds": 8.373127458035015, "elapsed_seconds": 191.37827491696225, "status": "PASS"}
{"event": "query_recipient_11", "role": "recipient_11", "wall_seconds": 5.6150408330140635, "elapsed_seconds": 196.99553137499606, "status": "PASS"}
{"event": "query_recipient_12", "role": "recipient_12", "wall_seconds": 5.097659749968443, "elapsed_seconds": 202.09413466695696, "status": "PASS"}
{"event": "query_recipient_13", "role": "recipient_13", "wall_seconds": 5.204275541997049, "elapsed_seconds": 207.2995954999933, "status": "PASS"}
{"event": "query_recipient_14", "role": "recipient_14", "wall_seconds": 5.16539624996949, "elapsed_seconds": 212.46580662496854, "status": "PASS"}
{"event": "query_recipient_15", "role": "recipient_15", "wall_seconds": 5.158982791006565, "elapsed_seconds": 217.62566691695247, "status": "PASS"}
{"status": "PASS", "elapsed_seconds": 217.62658470799215}
