START 1024 10 low MATZOV_classical dual
RESULT EXECUTED {'rop': 45.531075229741084, 'mem': 5.357552004618084, 'm': 12.155450731312138} 40
START 1024 10 low MATZOV_classical usvp
RESULT EXECUTED {'rop': 43.20544910217558, 'red': 43.20544910217558} 40
START 1024 10 low MATZOV_classical bdd
RESULT EXECUTED {'rop': 43.211935397102806, 'red': 43.21193498699274} 40
START 1024 10 low ADPS16_classical dual
RESULT EXECUTED {'rop': 11.680439620583575, 'mem': 5.357552004618084, 'm': 12.155450731312138} 40
START 1024 10 low ADPS16_classical usvp
RESULT EXECUTED {'rop': 11.68, 'red': 11.68} 40
START 1024 10 low ADPS16_classical bdd
RESULT EXECUTED {'rop': 20.345911984285852, 'red': 11.68} 40
START 1024 10 low ADPS16_quantum_core_svp dual
RESULT EXECUTED {'rop': 10.600929216079646, 'mem': 5.357552004618084, 'm': 12.155450731312138} 40
START 1024 10 low ADPS16_quantum_core_svp usvp
RESULT EXECUTED {'rop': 10.600000000000001, 'red': 10.600000000000001} 40
START 1024 10 low ADPS16_quantum_core_svp bdd
RESULT EXECUTED {'rop': 20.34403884951846, 'red': 10.600000000000001} 40
START 1024 10 low MATZOV_quantum_depth_width dual
RESULT EXECUTED {'rop': 49.92670380455915, 'mem': 5.357552004618084, 'm': 12.155450731312138} 40
START 1024 10 low MATZOV_quantum_depth_width usvp
RESULT EXECUTED {'rop': 47.60559110576705, 'red': 47.60559110576705} 40
START 1024 10 low MATZOV_quantum_depth_width bdd
RESULT EXECUTED {'rop': 47.61207524643854, 'red': 47.6120752270151} 40
START 1024 10 high MATZOV_classical dual
RESULT EXECUTED {'rop': 45.53369187316494, 'mem': 5.357552004618084, 'm': 12.15860968821448} 40
START 1024 10 high MATZOV_classical usvp
RESULT EXECUTED {'rop': 43.20544910217558, 'red': 43.20544910217558} 40
START 1024 10 high MATZOV_classical bdd
RESULT EXECUTED {'rop': 43.211935490032474, 'red': 43.21193498699274} 40
START 1024 10 high ADPS16_classical dual
RESULT EXECUTED {'rop': 11.680439620583575, 'mem': 5.357552004618084, 'm': 12.15860968821448} 40
START 1024 10 high ADPS16_classical usvp
RESULT EXECUTED {'rop': 11.68, 'red': 11.68} 40
START 1024 10 high ADPS16_classical bdd
RESULT EXECUTED {'rop': 20.348406886067796, 'red': 11.68} 40
START 1024 10 high ADPS16_quantum_core_svp dual
RESULT EXECUTED {'rop': 10.600929216079646, 'mem': 5.357552004618084, 'm': 12.15860968821448} 40
START 1024 10 high ADPS16_quantum_core_svp usvp
RESULT EXECUTED {'rop': 10.600000000000001, 'red': 10.600000000000001} 40
START 1024 10 high ADPS16_quantum_core_svp bdd
RESULT EXECUTED {'rop': 20.34653703871145, 'red': 10.600000000000001} 40
START 1024 10 high MATZOV_quantum_depth_width dual
RESULT EXECUTED {'rop': 49.92930362655337, 'mem': 5.357552004618084, 'm': 12.15860968821448} 40
START 1024 10 high MATZOV_quantum_depth_width usvp
RESULT EXECUTED {'rop': 47.60559110576705, 'red': 47.60559110576705} 40
START 1024 10 high MATZOV_quantum_depth_width bdd
RESULT EXECUTED {'rop': 47.61207525083984, 'red': 47.6120752270151} 40
