START 8192 10 low MATZOV_classical dual
RESULT EXECUTED {'rop': 205.65832702066461, 'mem': 136.66720331149386, 'm': 14.60611599692373} 604
START 8192 10 low MATZOV_classical usvp
RESULT EXECUTED {'rop': 98.70115349275446, 'red': 98.70115349275446} 226
START 8192 10 low MATZOV_classical bdd
RESULT EXECUTED {'rop': 98.51109813005105, 'red': 98.45367179301297} 225
START 8192 10 low ADPS16_quantum_core_svp dual
RESULT EXECUTED {'rop': 160.06000000000063, 'mem': 134.5684337765271, 'm': 14.60611599692373} 604
START 8192 10 low ADPS16_quantum_core_svp usvp
RESULT EXECUTED {'rop': 59.89, 'red': 59.89} 226
START 8192 10 low ADPS16_quantum_core_svp bdd
RESULT EXECUTED {'rop': 59.97894548332346, 'red': 59.89} 226
START 16384 10 low MATZOV_classical dual
RESULT EXECUTED {'rop': 459.93796839164247, 'mem': 316.17204171518165, 'm': 15.602408905205735} 1507
START 16384 10 low MATZOV_classical usvp
RESULT EXECUTED {'rop': 208.57572285743936, 'red': 208.57572285743936} 618
START 16384 10 low MATZOV_classical bdd
RESULT EXECUTED {'rop': 208.3278215718408, 'red': 208.31023962220814} 617
START 16384 10 low ADPS16_quantum_core_svp dual
RESULT EXECUTED {'rop': 398.82500000000005, 'mem': 322.8430597735896, 'm': 15.601393586681326} 1505
START 16384 10 low ADPS16_quantum_core_svp usvp
RESULT EXECUTED {'rop': 163.77, 'red': 163.77} 618
START 16384 10 low ADPS16_quantum_core_svp bdd
RESULT EXECUTED {'rop': 163.94962056058105, 'red': 163.77} 618
START 20480 10 low MATZOV_classical dual
RESULT EXECUTED {'rop': '+Infinity', 'mem': '+Infinity', 'm': '+Infinity'} 47
START 20480 10 low MATZOV_classical usvp
RESULT EXECUTED {'rop': 269.53127136248077, 'red': 269.53127136248077} 835
START 20480 10 low MATZOV_classical bdd
RESULT EXECUTED {'rop': 269.2674065018267, 'red': 269.25929322880313} 834
START 20480 10 low ADPS16_quantum_core_svp dual
RESULT EXECUTED {'rop': '+Infinity', 'mem': '+Infinity', 'm': '+Infinity'} 47
START 20480 10 low ADPS16_quantum_core_svp usvp
RESULT EXECUTED {'rop': 221.275, 'red': 221.275} 835
START 20480 10 low ADPS16_quantum_core_svp bdd
RESULT EXECUTED {'rop': 221.30515751467289, 'red': 221.275} 835
START 24576 10 low MATZOV_classical dual
RESULT EXECUTED {'rop': '+Infinity', 'mem': '+Infinity', 'm': '+Infinity'} 47
START 24576 10 low MATZOV_classical usvp
RESULT EXECUTED {'rop': 333.3908166343596, 'red': 333.3908166343596} 1062
START 24576 10 low MATZOV_classical bdd
RESULT EXECUTED {'rop': 332.9019180830996, 'red': 332.86339742551297} 1060
START 24576 10 low ADPS16_quantum_core_svp dual
RESULT EXECUTED {'rop': '+Infinity', 'mem': '+Infinity', 'm': '+Infinity'} 47
START 24576 10 low ADPS16_quantum_core_svp usvp
RESULT EXECUTED {'rop': 281.43, 'red': 281.43} 1062
START 24576 10 low ADPS16_quantum_core_svp bdd
RESULT EXECUTED {'rop': 281.43193667545756, 'red': 281.43} 1062
