Using Python 3.14.7 environment at: research/learn_infer_only/experiments/adaptation_utility/.venv
Resolved 25 packages in 454ms
Downloading transformers (11.4MiB)
Downloading torch (75.8MiB)
 Downloaded transformers
 Downloaded torch
Prepared 4 packages in 15.23s
Installed 25 packages in 1.42s
 + certifi==2026.7.22
 + charset-normalizer==3.5.1
 + filelock==3.32.5
 + fsspec==2026.7.0
 + hf-xet==1.6.0
 + huggingface-hub==0.36.2
 + idna==3.19
 + jinja2==3.1.6
 + markupsafe==3.0.3
 + mpmath==1.3.0
 + networkx==3.6.1
 + numpy==2.4.2
 + packaging==26.3
 + pyyaml==6.0.3
 + regex==2026.9.3
 + requests==2.34.2
 + safetensors==0.7.0
 + setuptools==84.0.0
 + sympy==1.14.0
 + tokenizers==0.22.2
 + torch==2.10.0
 + tqdm==4.70.0
 + transformers==4.57.3
 + typing-extensions==4.16.0
 + urllib3==2.7.0
