   Compiling proc-macro2 v1.0.107
   Compiling quote v1.0.47
   Compiling unicode-ident v1.0.24
   Compiling serde_core v1.0.229
   Compiling autocfg v1.5.1
   Compiling serde v1.0.229
   Compiling cfg-if v1.0.4
   Compiling libc v0.2.189
   Compiling crossbeam-utils v0.8.22
   Compiling crossbeam-epoch v0.9.20
   Compiling crossbeam-deque v0.8.7
   Compiling rayon-core v1.13.0
   Compiling paste v1.0.15
   Compiling either v1.18.0
   Compiling rand_core v0.10.1
   Compiling getrandom v0.4.3
   Compiling strength_reduce v0.2.4
   Compiling once_cell v1.21.4
   Compiling pin-project-lite v0.2.17
   Compiling num-traits v0.2.19
   Compiling itertools v0.14.0
   Compiling chacha20 v0.10.2
   Compiling scopeguard v1.2.0
   Compiling lock_api v0.4.14
   Compiling tracing-core v0.1.36
   Compiling version_check v0.9.5
   Compiling libm v0.2.16
   Compiling thiserror v2.0.20
   Compiling spin v0.11.1
   Compiling generic-array v0.14.7
   Compiling typenum v1.20.1
   Compiling syn v3.0.5
   Compiling syn v2.0.119
   Compiling foldhash v0.2.0
   Compiling bytemuck v1.25.2
   Compiling equivalent v1.0.2
   Compiling allocator-api2 v0.2.21
   Compiling crunchy v0.2.4
   Compiling rand v0.10.2
   Compiling syn v1.0.109
   Compiling num-integer v0.1.47
   Compiling rayon v1.12.0
   Compiling transpose v0.2.3
   Compiling num-bigint v0.4.8
   Compiling hashbrown v0.17.1
   Compiling tiny-keccak v2.0.2
   Compiling semver v1.0.28
   Compiling crypto-common v0.1.7
   Compiling rustc_version v0.4.1
   Compiling find-msvc-tools v0.1.12
   Compiling shlex v2.0.1
   Compiling heapless v0.7.17
   Compiling cc v1.4.5
   Compiling pulp v0.22.3
   Compiling heck v0.5.0
   Compiling byteorder v1.5.0
   Compiling inout v0.1.4
   Compiling hash32 v0.2.1
   Compiling hashbrown v0.16.1
   Compiling cpufeatures v0.2.17
   Compiling reborrow v0.5.5
   Compiling getrandom v0.3.4
   Compiling strum v0.28.0
   Compiling pulp-wasm-simd-flag v0.1.1
   Compiling stable_deref_trait v1.2.1
   Compiling cipher v0.4.4
   Compiling rmp v0.8.15
   Compiling getrandom v0.2.17
   Compiling constant_time_eq v0.4.2
   Compiling dyn-stack-macros v0.1.3
   Compiling arrayvec v0.7.8
   Compiling zmij v1.0.23
   Compiling aes v0.8.4
   Compiling block-buffer v0.10.4
   Compiling dyn-stack v0.13.2
   Compiling serde_derive v1.0.229
   Compiling thiserror-impl v2.0.20
   Compiling tfhe v1.6.3
   Compiling serde_json v1.0.151
   Compiling digest v0.10.7
   Compiling rand_core v0.6.4
   Compiling rand_xoshiro v0.8.1
   Compiling itoa v1.0.18
   Compiling memchr v2.8.3
   Compiling sha2 v0.10.9
   Compiling blake3 v1.8.7
   Compiling p3-maybe-rayon v0.5.1 (https://github.com/Plonky3/Plonky3?rev=82cfad73cd734d37a0d51953094f970c531817ec#82cfad73)
   Compiling cobs v0.3.0
   Compiling tracing-attributes v0.1.31
   Compiling equator-macro v0.4.2
   Compiling tfhe-versionable-derive v0.8.0
   Compiling strum_macros v0.28.0
   Compiling dregg-dsl v0.1.0 (/Users/ember/dev/breadstuffs/dregg-dsl)
   Compiling unroll v0.1.5
   Compiling equator v0.4.2
   Compiling tracing v0.1.44
   Compiling p3-util v0.5.1 (https://github.com/Plonky3/Plonky3?rev=82cfad73cd734d37a0d51953094f970c531817ec#82cfad73)
   Compiling num-complex v0.4.6
   Compiling aligned-vec v0.6.4
   Compiling dregg-codec v0.1.0 (/Users/ember/dev/breadstuffs/dregg-codec)
   Compiling rmp-serde v1.3.1
   Compiling bincode v1.3.3
   Compiling p3-field v0.5.1 (https://github.com/Plonky3/Plonky3?rev=82cfad73cd734d37a0d51953094f970c531817ec#82cfad73)
   Compiling tfhe-versionable v0.8.0
   Compiling postcard v1.1.3
   Compiling tfhe-csprng v0.9.1
   Compiling tfhe-safe-serialize v0.1.1
   Compiling p3-matrix v0.5.1 (https://github.com/Plonky3/Plonky3?rev=82cfad73cd734d37a0d51953094f970c531817ec#82cfad73)
   Compiling p3-symmetric v0.5.1 (https://github.com/Plonky3/Plonky3?rev=82cfad73cd734d37a0d51953094f970c531817ec#82cfad73)
   Compiling p3-keccak v0.5.1 (https://github.com/Plonky3/Plonky3?rev=82cfad73cd734d37a0d51953094f970c531817ec#82cfad73)
   Compiling p3-dft v0.5.1 (https://github.com/Plonky3/Plonky3?rev=82cfad73cd734d37a0d51953094f970c531817ec#82cfad73)
   Compiling p3-multilinear-util v0.5.1 (https://github.com/Plonky3/Plonky3?rev=82cfad73cd734d37a0d51953094f970c531817ec#82cfad73)
   Compiling p3-air v0.5.1 (https://github.com/Plonky3/Plonky3?rev=82cfad73cd734d37a0d51953094f970c531817ec#82cfad73)
   Compiling p3-mds v0.5.1 (https://github.com/Plonky3/Plonky3?rev=82cfad73cd734d37a0d51953094f970c531817ec#82cfad73)
   Compiling p3-poseidon2 v0.5.1 (https://github.com/Plonky3/Plonky3?rev=82cfad73cd734d37a0d51953094f970c531817ec#82cfad73)
   Compiling p3-poseidon1 v0.5.1 (https://github.com/Plonky3/Plonky3?rev=82cfad73cd734d37a0d51953094f970c531817ec#82cfad73)
   Compiling p3-poseidon2-air v0.5.1 (https://github.com/Plonky3/Plonky3?rev=82cfad73cd734d37a0d51953094f970c531817ec#82cfad73)
   Compiling p3-monty-31 v0.5.1 (https://github.com/Plonky3/Plonky3?rev=82cfad73cd734d37a0d51953094f970c531817ec#82cfad73)
   Compiling p3-poseidon1-air v0.5.1 (https://github.com/Plonky3/Plonky3?rev=82cfad73cd734d37a0d51953094f970c531817ec#82cfad73)
   Compiling p3-challenger v0.5.1 (/Users/ember/dev/breadstuffs/vendor/plonky3-challenger-82cfad73)
   Compiling p3-commit v0.5.1 (https://github.com/Plonky3/Plonky3?rev=82cfad73cd734d37a0d51953094f970c531817ec#82cfad73)
   Compiling p3-goldilocks v0.5.1 (https://github.com/Plonky3/Plonky3?rev=82cfad73cd734d37a0d51953094f970c531817ec#82cfad73)
   Compiling p3-koala-bear v0.5.1 (https://github.com/Plonky3/Plonky3?rev=82cfad73cd734d37a0d51953094f970c531817ec#82cfad73)
   Compiling p3-baby-bear v0.5.1 (https://github.com/Plonky3/Plonky3?rev=82cfad73cd734d37a0d51953094f970c531817ec#82cfad73)
   Compiling p3-fri v0.5.1 (/Users/ember/dev/breadstuffs/vendor/plonky3-fri-82cfad73)
   Compiling p3-merkle-tree v0.5.1 (https://github.com/Plonky3/Plonky3?rev=82cfad73cd734d37a0d51953094f970c531817ec#82cfad73)
   Compiling tfhe-fft v0.10.1
   Compiling tfhe-ntt v0.7.1
   Compiling p3-uni-stark v0.5.1 (https://github.com/Plonky3/Plonky3?rev=82cfad73cd734d37a0d51953094f970c531817ec#82cfad73)
   Compiling p3-lookup v0.5.1 (https://github.com/Plonky3/Plonky3?rev=82cfad73cd734d37a0d51953094f970c531817ec#82cfad73)
   Compiling p3-poseidon1-circuit-air v0.1.0 (https://github.com/emberian/plonky3-recursion?rev=fc3c6df#fc3c6dfa)
   Compiling p3-batch-stark v0.5.1 (https://github.com/Plonky3/Plonky3?rev=82cfad73cd734d37a0d51953094f970c531817ec#82cfad73)
   Compiling p3-circuit v0.1.0 (https://github.com/emberian/plonky3-recursion?rev=fc3c6df#fc3c6dfa)
   Compiling p3-poseidon2-circuit-air v0.1.0 (https://github.com/emberian/plonky3-recursion?rev=fc3c6df#fc3c6dfa)
   Compiling dregg-circuit v0.1.0 (/Users/ember/dev/breadstuffs/circuit)
warning: unused import: `crate::dsl::descriptors::merkle_poseidon2_circuit`
  --> /Users/ember/dev/breadstuffs/circuit/src/body_membership.rs:24:5
   |
24 | use crate::dsl::descriptors::merkle_poseidon2_circuit;
   |     ^^^^^^^^^^^^^^^^^^^^^^^^^^^^^^^^^^^^^^^^^^^^^^^^^
   |
   = note: `#[warn(unused_imports)]` (part of `#[warn(unused)]`) on by default

warning: unused import: `AccumulatorNonMembershipWitness`
  --> /Users/ember/dev/breadstuffs/circuit/src/dsl/accumulator.rs:25:24
   |
25 |     ACCUMULATOR_WIDTH, AccumulatorNonMembershipWitness, AccumulatorNonRevocationWitness, ExtElem,
   |                        ^^^^^^^^^^^^^^^^^^^^^^^^^^^^^^^

warning: unused imports: `BoundaryDef`, `BoundaryRow`, `CircuitDescriptor`, `ColumnDef`, `ColumnKind`, `ConstraintExpr`, and `DslCircuit`
  --> /Users/ember/dev/breadstuffs/circuit/src/dsl/fold.rs:30:5
   |
30 |     BoundaryDef, BoundaryRow, CircuitDescriptor, ColumnDef, ColumnKind, ConstraintExpr, DslCircuit,
   |     ^^^^^^^^^^^  ^^^^^^^^^^^  ^^^^^^^^^^^^^^^^^  ^^^^^^^^^  ^^^^^^^^^^  ^^^^^^^^^^^^^^  ^^^^^^^^^^

warning: unused import: `hash_4_to_1`
 --> /Users/ember/dev/breadstuffs/circuit/src/effect_vm/trace.rs:8:37
  |
8 | use crate::poseidon2::{hash_2_to_1, hash_4_to_1};
  |                                     ^^^^^^^^^^^

warning: private item shadows public glob re-export
  --> /Users/ember/dev/breadstuffs/circuit/src/effect_vm/trace_rotated.rs:47:13
   |
47 | use super::{EFFECT_VM_WIDTH, EffectVmContext, generate_effect_vm_trace_ext};
   |             ^^^^^^^^^^^^^^^
   |
note: the name `EFFECT_VM_WIDTH` in the value namespace is supposed to be publicly re-exported here
  --> /Users/ember/dev/breadstuffs/circuit/src/effect_vm/trace_rotated.rs:52:9
   |
52 | pub use crate::effect_vm::layout_generated::*;
   |         ^^^^^^^^^^^^^^^^^^^^^^^^^^^^^^^^^^^^^
note: but the private item here shadows it
  --> /Users/ember/dev/breadstuffs/circuit/src/effect_vm/trace_rotated.rs:47:13
   |
47 | use super::{EFFECT_VM_WIDTH, EffectVmContext, generate_effect_vm_trace_ext};
   |             ^^^^^^^^^^^^^^^
   = note: `#[warn(hidden_glob_reexports)]` on by default

warning: unused import: `EFFECT_VM_WIDTH`
  --> /Users/ember/dev/breadstuffs/circuit/src/effect_vm/transfer_fee_avail_weld.rs:37:5
   |
37 |     EFFECT_VM_WIDTH, PARAM_BASE, STATE_AFTER_BASE, STATE_BEFORE_BASE, param, state,
   |     ^^^^^^^^^^^^^^^

warning: unused imports: `prove` and `verify`
  --> /Users/ember/dev/breadstuffs/circuit/src/plonky3_prover.rs:40:40
   |
40 | use p3_uni_stark::{Proof, StarkConfig, prove, verify};
   |                                        ^^^^^  ^^^^^^

warning: unused doc comment
   --> /Users/ember/dev/breadstuffs/circuit/src/refusal.rs:485:1
    |
485 | / /// Set while this thread is inside [`catch_quietly`]. The hook installed below reads it, so
486 | | /// silencing is scoped to the thread that asked for it.
    | |_-------------------------------------------------------^
    |   |
    |   rustdoc does not generate documentation for macro invocations
    |
    = help: to document an item produced by a macro, the macro must produce the documentation as part of its expansion
    = note: `#[warn(unused_doc_comments)]` (part of `#[warn(unused)]`) on by default

warning: unused import: `crate::dsl::predicates::*`
   --> /Users/ember/dev/breadstuffs/circuit/src/lib.rs:700:13
    |
700 |     pub use crate::dsl::predicates::*;
    |             ^^^^^^^^^^^^^^^^^^^^^^^^^

warning: unused import: `crate::dsl::predicates::*`
   --> /Users/ember/dev/breadstuffs/circuit/src/lib.rs:701:13
    |
701 |     pub use crate::dsl::predicates::*;
    |             ^^^^^^^^^^^^^^^^^^^^^^^^^

warning: unused import: `WindowAccess`
  --> /Users/ember/dev/breadstuffs/circuit/src/plonky3_prover.rs:29:40
   |
29 | use p3_air::{Air, AirBuilder, BaseAir, WindowAccess};
   |                                        ^^^^^^^^^^^^

warning: unused import: `BaseAir`
  --> /Users/ember/dev/breadstuffs/circuit/src/plonky3_prover.rs:29:31
   |
29 | use p3_air::{Air, AirBuilder, BaseAir, WindowAccess};
   |                               ^^^^^^^

warning: unused import: `Air`
  --> /Users/ember/dev/breadstuffs/circuit/src/plonky3_prover.rs:29:14
   |
29 | use p3_air::{Air, AirBuilder, BaseAir, WindowAccess};
   |              ^^^

warning: variable does not need to be mutable
    --> /Users/ember/dev/breadstuffs/circuit/src/descriptor_ir2.rs:5712:9
     |
5712 |     let mut fact_hist: BTreeMap<(u32, u32, u32), u64> = BTreeMap::new();
     |         ----^^^^^^^^^
     |         |
     |         help: remove this `mut`
     |
     = note: `#[warn(unused_mut)]` (part of `#[warn(unused)]`) on by default

warning: variable does not need to be mutable
   --> /Users/ember/dev/breadstuffs/circuit/src/table_air.rs:404:13
    |
404 |         let mut share_out_of_range = |e: &TableExpr, what: &str| -> Result<(), String> {
    |             ----^^^^^^^^^^^^^^^^^^
    |             |
    |             help: remove this `mut`

warning: variable does not need to be mutable
   --> /Users/ember/dev/breadstuffs/circuit/src/table_air.rs:428:13
    |
428 |         let mut prep_out_of_range = |e: &TableExpr, what: &str| -> Result<(), String> {
    |             ----^^^^^^^^^^^^^^^^^
    |             |
    |             help: remove this `mut`

warning: type `CompiledMain` is more private than the item `Ir2Air::Main::compiled`
    --> /Users/ember/dev/breadstuffs/circuit/src/descriptor_ir2.rs:3672:9
     |
3672 |         compiled: Arc<crate::flat_eval::CompiledMain>,
     |         ^^^^^^^^^^^^^^^^^^^^^^^^^^^^^^^^^^^^^^^^^^^^^ field `Ir2Air::Main::compiled` is reachable at visibility `pub`
     |
note: but type `CompiledMain` is only usable at visibility `pub(crate)`
    --> /Users/ember/dev/breadstuffs/circuit/src/flat_eval.rs:368:1
     |
 368 | pub(crate) struct CompiledMain {
     | ^^^^^^^^^^^^^^^^^^^^^^^^^^^^^^
     = note: `#[warn(private_interfaces)]` on by default

warning: type `CompiledTable` is more private than the item `Ir2Air::LeanTable::compiled`
    --> /Users/ember/dev/breadstuffs/circuit/src/descriptor_ir2.rs:3760:9
     |
3760 |         compiled: Arc<crate::flat_eval::CompiledTable>,
     |         ^^^^^^^^^^^^^^^^^^^^^^^^^^^^^^^^^^^^^^^^^^^^^^ field `Ir2Air::LeanTable::compiled` is reachable at visibility `pub`
     |
note: but type `CompiledTable` is only usable at visibility `pub(crate)`
    --> /Users/ember/dev/breadstuffs/circuit/src/flat_eval.rs:418:1
     |
 418 | pub(crate) struct CompiledTable {
     | ^^^^^^^^^^^^^^^^^^^^^^^^^^^^^^^

warning: method `resolve_row` is never used
   --> /Users/ember/dev/breadstuffs/circuit/src/dsl/circuit.rs:636:8
    |
635 | impl BoundaryDef {
    | ---------------- method in this implementation
636 |     fn resolve_row(&self, trace_len: usize) -> usize {
    |        ^^^^^^^^^^^
    |
    = note: `#[warn(dead_code)]` (part of `#[warn(unused)]`) on by default

warning: field `lookup_index` is never read
   --> /Users/ember/dev/breadstuffs/circuit/src/dsl/circuit.rs:673:5
    |
668 | pub struct DslCircuit {
    |            ---------- field in this struct
...
673 |     lookup_index: LookupIndex,
    |     ^^^^^^^^^^^^

warning: field `set_elements` is never read
   --> /Users/ember/dev/breadstuffs/circuit/src/non_membership.rs:140:5
    |
138 | pub struct NonMembershipProver {
    |            ------------------- field in this struct
139 |     /// The set's elements (needed for witness generation).
140 |     set_elements: Vec<BabyBear>,
    |     ^^^^^^^^^^^^
    |
    = note: `NonMembershipProver` has derived impls for the traits `Debug` and `Clone`, but these are intentionally ignored during dead code analysis

warning: constant `ROUND_STATES_OFFSET` is never used
   --> /Users/ember/dev/breadstuffs/circuit/src/plonky3_prover.rs:289:7
    |
289 | const ROUND_STATES_OFFSET: usize = 5;
    |       ^^^^^^^^^^^^^^^^^^^

warning: constant `PARENT_COL` is never used
   --> /Users/ember/dev/breadstuffs/circuit/src/plonky3_prover.rs:292:7
    |
292 | const PARENT_COL: usize = P3_TRACE_WIDTH - 1; // 245
    |       ^^^^^^^^^^

warning: function `vm_site_digest_concrete` is never used
    --> /Users/ember/dev/breadstuffs/circuit/src/lean_descriptor_air.rs:1633:15
     |
1633 | pub(crate) fn vm_site_digest_concrete(
     |               ^^^^^^^^^^^^^^^^^^^^^^^

warning: constant `CHIP_MULT_STATE16` is never used
    --> /Users/ember/dev/breadstuffs/circuit/src/descriptor_ir2.rs:3505:7
     |
3505 | const CHIP_MULT_STATE16: usize = CHIP_MULT_NARROW;
     |       ^^^^^^^^^^^^^^^^^

warning: function `hash2_state_c` is never used
    --> /Users/ember/dev/breadstuffs/circuit/src/descriptor_ir2.rs:5248:4
     |
5248 | fn hash2_state_c(a: BabyBear, b: BabyBear) -> [BabyBear; POSEIDON2_WIDTH] {
     |    ^^^^^^^^^^^^^

   Compiling vfhe-public-preprocessing-backend v0.1.0 (/Users/ember/dev/zkml-research/research/vfhe_2026_09_08/proved_operation/backend)
warning: `dregg-circuit` (lib) generated 26 warnings (run `cargo fix --lib -p dregg-circuit` to apply 11 suggestions)
   Compiling tfhe-exact-external-product v0.1.0 (/Users/ember/dev/zkml-research/research/vfhe_2026_09_08/bootstrap_external_product_successor)
warning: function `decode` is never used
  --> src/main.rs:18:4
   |
18 | fn decode<T:DeserializeOwned+Serialize>(p:&Path)->Result<T>{let b=read(p,1<<24)?;let v:T=bincode::DefaultOptions::new().with_fixint_...
   |    ^^^^^^
   |
   = note: `#[warn(dead_code)]` (part of `#[warn(unused)]`) on by default

warning: `tfhe-exact-external-product` (bin "tfhe-exact-external-product") generated 1 warning
    Finished `release` profile [optimized] target(s) in 39.66s
