{"event": "init", "role": "public", "seconds": 0.13290812500054017, "status": "PASS"}
{"event": "register_00", "role": "recipient_00", "seconds": 3.702520082995761, "status": "PASS"}
{"event": "register_01", "role": "recipient_01", "seconds": 3.71388295898214, "status": "PASS"}
{"event": "register_02", "role": "recipient_02", "seconds": 3.762209541979246, "status": "PASS"}
{"event": "register_03", "role": "recipient_03", "seconds": 3.7764957909821533, "status": "PASS"}
{"event": "register_04", "role": "recipient_04", "seconds": 3.762382500048261, "status": "PASS"}
{"event": "register_05", "role": "recipient_05", "seconds": 6.294196041999385, "status": "PASS"}
{"event": "register_06", "role": "recipient_06", "seconds": 5.660496041993611, "status": "PASS"}
{"event": "register_07", "role": "recipient_07", "seconds": 6.7635184999671765, "status": "PASS"}
{"event": "register_08", "role": "recipient_08", "seconds": 5.332094707991928, "status": "PASS"}
{"event": "register_09", "role": "recipient_09", "seconds": 3.9914879589923657, "status": "PASS"}
{"event": "register_10", "role": "recipient_10", "seconds": 4.273071333009284, "status": "PASS"}
{"event": "register_11", "role": "recipient_11", "seconds": 4.224876624997705, "status": "PASS"}
{"event": "register_12", "role": "recipient_12", "seconds": 3.6928033749572933, "status": "PASS"}
{"event": "register_13", "role": "recipient_13", "seconds": 3.7476495419978164, "status": "PASS"}
{"event": "register_14", "role": "recipient_14", "seconds": 3.7297887920285575, "status": "PASS"}
{"event": "register_15", "role": "recipient_15", "seconds": 3.6737468339852057, "status": "PASS"}
{"event": "finalize", "role": "public", "seconds": 0.24830333300633356, "status": "PASS"}
{"event": "encode_0", "role": "public", "seconds": 11.161982833989896, "status": "PASS"}
{"event": "encode_1", "role": "public", "seconds": 11.201516082976013, "status": "PASS"}
{"event": "encode_2", "role": "public", "seconds": 11.439206374983769, "status": "PASS"}
{"event": "signed", "role": "public", "seconds": 1.970108458015602, "status": "PASS"}
{"event": "window_0", "role": "public", "seconds": 1.7605214579962194, "status": "PASS"}
{"event": "window_1", "role": "public", "seconds": 2.9137571250321344, "status": "PASS"}
{"event": "window_expiry", "role": "public", "seconds": 3.9083174580009654, "status": "PASS"}
{"event": "decode_window_00", "role": "recipient_00", "seconds": 1.2105399169959128, "status": "PASS"}
{"event": "decode_window_01", "role": "recipient_01", "seconds": 1.1642530420213006, "status": "PASS"}
{"event": "decode_window_02", "role": "recipient_02", "seconds": 1.1435479170177132, "status": "PASS"}
{"event": "decode_window_03", "role": "recipient_03", "seconds": 1.1616278330329806, "status": "PASS"}
{"event": "decode_window_04", "role": "recipient_04", "seconds": 1.1828183330362663, "status": "PASS"}
{"event": "decode_window_05", "role": "recipient_05", "seconds": 1.1834451660397463, "status": "PASS"}
{"event": "decode_window_06", "role": "recipient_06", "seconds": 1.1989469170221128, "status": "PASS"}
{"event": "decode_window_07", "role": "recipient_07", "seconds": 1.1962045840336941, "status": "PASS"}
{"event": "decode_window_08", "role": "recipient_08", "seconds": 1.169706041982863, "status": "PASS"}
{"event": "decode_window_09", "role": "recipient_09", "seconds": 1.1675344160175882, "status": "PASS"}
{"event": "decode_window_10", "role": "recipient_10", "seconds": 1.1873999170493335, "status": "PASS"}
{"event": "decode_window_11", "role": "recipient_11", "seconds": 1.191080792050343, "status": "PASS"}
{"event": "decode_window_12", "role": "recipient_12", "seconds": 1.1578505840152502, "status": "PASS"}
{"event": "decode_window_13", "role": "recipient_13", "seconds": 1.1637055830215104, "status": "PASS"}
{"event": "decode_window_14", "role": "recipient_14", "seconds": 1.187894457951188, "status": "PASS"}
{"event": "decode_window_15", "role": "recipient_15", "seconds": 1.1602670409483835, "status": "PASS"}
{"event": "decode_fresh_0", "role": "recipient_00", "seconds": 1.1877062089624815, "status": "PASS"}
{"event": "decode_fresh_1", "role": "recipient_00", "seconds": 1.2372302080038935, "status": "PASS"}
{"event": "decode_fresh_2", "role": "recipient_00", "seconds": 1.2683085420285352, "status": "PASS"}
{"event": "decode_signed", "role": "recipient_00", "seconds": 1.2429294170578942, "status": "PASS"}
{"status": "PASS", "elapsed_seconds": 138.78836079203757, "report": "/Users/ember/dev/zkml-research/research/learn_infer_only/experiments/private_construction/public_setup_pq/ring_seed_transport/results/candidate001/WORKFLOW.json"}
