   Compiling proc-macro2 v1.0.107
   Compiling quote v1.0.47
   Compiling unicode-ident v1.0.24
   Compiling version_check v0.9.5
   Compiling serde_core v1.0.229
   Compiling serde v1.0.229
   Compiling autocfg v1.5.1
   Compiling bytemuck v1.25.2
   Compiling libc v0.2.189
   Compiling cfg-if v1.0.4
   Compiling crossbeam-utils v0.8.22
   Compiling typenum v1.20.1
   Compiling crossbeam-epoch v0.9.20
   Compiling crossbeam-deque v0.8.7
   Compiling libm v0.2.16
   Compiling generic-array v0.14.7
   Compiling num-traits v0.2.19
   Compiling paste v1.0.15
   Compiling pulp v0.22.3
   Compiling rayon-core v1.13.0
   Compiling reborrow v0.5.5
   Compiling either v1.18.0
   Compiling pulp-wasm-simd-flag v0.1.1
   Compiling dyn-stack-macros v0.1.3
   Compiling tfhe v1.6.3
   Compiling itertools v0.14.0
   Compiling dyn-stack v0.13.2
   Compiling syn v3.0.5
   Compiling syn v2.0.119
   Compiling inout v0.1.4
   Compiling crypto-common v0.1.7
   Compiling cipher v0.4.4
   Compiling cpufeatures v0.2.17
   Compiling getrandom v0.2.17
   Compiling aes v0.8.4
   Compiling rand_core v0.6.4
   Compiling rayon v1.12.0
   Compiling serde_derive v1.0.229
   Compiling equator-macro v0.4.2
   Compiling tfhe-versionable-derive v0.8.0
   Compiling equator v0.4.2
   Compiling num-complex v0.4.6
   Compiling aligned-vec v0.6.4
   Compiling bincode v1.3.3
   Compiling tfhe-versionable v0.8.0
   Compiling tfhe-safe-serialize v0.1.1
   Compiling tfhe-csprng v0.9.1
   Compiling tfhe-ntt v0.7.1
   Compiling tfhe-fft v0.10.1
   Compiling resident-private-ema v0.1.0 (/Users/ember/dev/zkml-research/research/learn_infer_only/experiments/end_to_end/private_ema)
    Finished `release` profile [optimized] target(s) in 30.97s
