'Minidregg.Theory.SparseNegacyclic.cell_shift' depends on axioms: [propext, Classical.choice, Quot.sound]
'Minidregg.Theory.SparseNegacyclic.sum_difference' depends on axioms: [propext, Classical.choice, Quot.sound]
'Minidregg.Theory.SparseNegacyclic.window_step' depends on axioms: [propext, Classical.choice, Quot.sound]
'Minidregg.Theory.SparseNegacyclic.convolution_windows' depends on axioms: [propext, Classical.choice, Quot.sound]
'Minidregg.Theory.SparseNegacyclic.convolution_step' depends on axioms: [propext, Classical.choice, Quot.sound]
'Minidregg.Theory.SparseNegacyclic.window_zero' depends on axioms: [propext, Classical.choice, Quot.sound]
'Minidregg.Theory.SparseNegacyclic.interval_prefixSum' depends on axioms: [propext, Classical.choice, Quot.sound]
'Minidregg.Theory.SparseNegacyclic.convolution_anchor' depends on axioms: [propext, Classical.choice, Quot.sound]
'Minidregg.Theory.SparseNegacyclic.certificate_sound' depends on axioms: [propext, Classical.choice, Quot.sound]
'Minidregg.Theory.SparseNegacyclic.prefix_recurrence' depends on axioms: [propext, Classical.choice, Quot.sound]
'Minidregg.Theory.SparseNegacyclic.signed_blocks_sum' depends on axioms: [propext, Classical.choice, Quot.sound]
'Minidregg.Theory.SparseNegacyclic.prefix_certificate_sound' depends on axioms: [propext, Classical.choice, Quot.sound]
'Minidregg.Theory.SparseNegacyclic.prefix_certificate_inhabited' depends on axioms: [propext,
 Classical.choice,
 Quot.sound]
'Minidregg.Theory.SparseNegacyclic.anchor_omission_fails' depends on axioms: [propext, Classical.choice, Quot.sound]
'Minidregg.Theory.SparseNegacyclic.scale_mod' depends on axioms: [propext, Classical.choice, Quot.sound]
'Minidregg.Compiler.TfheSparseWrap.wrapColumn_correct' depends on axioms: [propext, Classical.choice, Quot.sound]
'Minidregg.Compiler.TfheSparseWrap.radix_balance' depends on axioms: [propext, Classical.choice, Quot.sound]
'Minidregg.Compiler.TfheSparseWrap.wrap_sound' depends on axioms: [propext, Classical.choice, Quot.sound]
'Minidregg.Compiler.TfheSparseWrap.denote_linear' depends on axioms: [propext, Quot.sound]
'Minidregg.Compiler.TfheSparseRow.range_value' depends on axioms: [propext, Classical.choice, Quot.sound]
'Minidregg.Compiler.TfheSparseRow.row_sound' depends on axioms: [propext, Classical.choice, Quot.sound]
'Minidregg.Compiler.TfheSparseRow.emitted_sound' depends on axioms: [propext, Classical.choice, Quot.sound]
'Minidregg.Compiler.TfheSparseCertificate.cell_index' depends on axioms: [propext, Quot.sound]
'Minidregg.Compiler.TfheSparseCertificate.whole_sound' depends on axioms: [propext, Classical.choice, Quot.sound]
'Minidregg.Compiler.TfheSparseTeeth.zero_low' depends on axioms: [propext, Classical.choice, Quot.sound]
'Minidregg.Compiler.TfheSparseTeeth.zero_readings' depends on axioms: [propext, Classical.choice, Quot.sound]
'Minidregg.Compiler.TfheSparseTeeth.zero_accepts' depends on axioms: [propext, Classical.choice, Quot.sound]
'Minidregg.Compiler.TfheSparseTeeth.zero_values' depends on axioms: [propext, Classical.choice, Quot.sound]
'Minidregg.Compiler.TfheSparseTeeth.zero_premise' depends on axioms: [propext, Classical.choice, Quot.sound]
'Minidregg.Compiler.TfheSparseTeeth.wrong_scale_refused' depends on axioms: [propext, Classical.choice, Quot.sound]
'Minidregg.Compiler.TfheSparseTeeth.wrong_anchor_refused' depends on axioms: [propext, Classical.choice, Quot.sound]
'Minidregg.Compiler.TfheSparseTeeth.flagValues_bool' depends on axioms: [propext, Classical.choice, Quot.sound]
'Minidregg.Compiler.TfheSparseTeeth.whole_premise' depends on axioms: [propext, Classical.choice, Quot.sound]
