'Minidregg.Selvage.CommitmentFreshTrace.BabyBear.Witness.one_fresh' depends on axioms: [propext,
 Classical.choice,
 Quot.sound]
'Minidregg.Selvage.CommitmentFreshTrace.BabyBear.Witness.all_origin' depends on axioms: [propext,
 Classical.choice,
 Quot.sound]
'Minidregg.Selvage.CommitmentFreshTrace.BabyBear.Witness.pathLog_nil' depends on axioms: [propext]
'Minidregg.Selvage.CommitmentFreshTrace.BabyBear.Witness.empty_row_log' depends on axioms: [propext,
 Classical.choice,
 Quot.sound]
'Minidregg.Selvage.CommitmentFreshTrace.BabyBear.Witness.leaf_answer' depends on axioms: [propext,
 Classical.choice,
 Quot.sound]
'Minidregg.Selvage.CommitmentFreshTrace.BabyBear.Witness.verification_covered' depends on axioms: [propext,
 Classical.choice,
 Quot.sound]
'Minidregg.Selvage.CommitmentFreshTrace.BabyBear.Witness.execution_call_premises' depends on axioms: [propext,
 Classical.choice,
 Quot.sound]
'Minidregg.Selvage.CommitmentFreshTrace.BabyBear.Witness.execution_rejects' depends on axioms: [propext,
 Classical.choice,
 Quot.sound]
