Selvage/CommitmentFailureSoundness.lean:59:6: error: Tactic `rewrite` failed: Did not find an occurrence of the pattern
  uniformProb (Coins Q N × External q) fun a =>
    Failure (E.checkpoints a.swap.2) (executionLog E.strategy E.checkpoints E.proverLog E.openings a.swap.2 a.swap.1)
      a.swap.1.1
in the target expression
  (uniformProb (Coins Q N × External q) fun y =>
      Failure (E.checkpoints y.1) (executionLog E.strategy E.checkpoints E.proverLog E.openings y.1 y.2) y.2.1) ≤
    ((3 * ↑Q ^ 2 + ↑Q) / 2 + 11 * ↑Q) / ↑N

Q N q : ℕ
inst✝ : NeZero N
E : Execution Q N q
h :
  (uniformProb (Coins Q N × External q) fun a =>
      Failure (E.checkpoints a.swap.2) (executionLog E.strategy E.checkpoints E.proverLog E.openings a.swap.2 a.swap.1)
        a.swap.1.1) =
    uniformProb (External q × Coins Q N) fun y =>
      Failure (E.checkpoints y.2) (executionLog E.strategy E.checkpoints E.proverLog E.openings y.2 y.1) y.1.1
⊢ (uniformProb (Coins Q N × External q) fun y =>
      Failure (E.checkpoints y.1) (executionLog E.strategy E.checkpoints E.proverLog E.openings y.1 y.2) y.2.1) ≤
    ((3 * ↑Q ^ 2 + ↑Q) / 2 + 11 * ↑Q) / ↑N
Selvage/CommitmentFailureSoundness.lean:95:6: error: (deterministic) timeout at `whnf`, maximum number of heartbeats (2500000) has been reached

Note: Use `set_option maxHeartbeats <num>` to set the limit.

Hint: Additional diagnostic information may be available using the `set_option diagnostics true` command.
Selvage/CommitmentFailureSoundness.lean:67:0: error: (deterministic) timeout at `whnf`, maximum number of heartbeats (2500000) has been reached

Note: Use `set_option maxHeartbeats <num>` to set the limit.

Hint: Additional diagnostic information may be available using the `set_option diagnostics true` command.
Selvage/CommitmentFailureSoundness.lean:112:8: error: (kernel) unknown constant 'Minidregg.Selvage.CommitmentFreshTrace.BabyBear.sound'
