{
  "status":"PASS",
  "ring_degree":4096,
  "integer_width":8192,
  "integer_height":64,
  "ring_inner_dimension":2,
  "components":2,
  "same_input_objects":true,
  "order":["baseline","fused"],
  "proofs_per_path":1,
  "pcs_enabled":true,
  "both_unchanged_verifiers_accepted":true,
  "fresh_saved_replays_accepted":2,
  "all_output_coefficients_matched":524288,
  "integer_matches":64,
  "fused_prover_calls":1,
  "cached_field_elements":1048576,
  "fixture_and_encryption_ns":3007292,
  "baseline_preprocessing_ns":37925500,
  "baseline_prove_ns":711650209,
  "baseline_verify_with_preprocessing_ns":54094375,
  "fused_preprocessing_ns":49703000,
  "fused_prove_ns":459556875,
  "fused_verify_with_preprocessing_ns":46326458,
  "public_close_before_decrypt_ns":1514237625,
  "decrypt_compare_ns":9279833,
  "statement_bytes":8519793,
  "baseline_proof_bytes":4433968,
  "fused_proof_bytes":4433968,
  "complete_proofs_byte_equal":true
}

