START 1 ring_baseline_4096 MATZOV_classical usvp
RESULT 1 EXECUTED {'rop': 52.17462432369467, 'red': 52.17462432369467} 61
START 2 ring_baseline_4096 MATZOV_classical bdd
RESULT 2 EXECUTED {'rop': 51.94400665886226, 'red': 51.92894797837008} 60
START 3 ring_baseline_4096 MATZOV_classical dual
RESULT 3 EXECUTED {'rop': 53.35401037041252, 'mem': 27.393862506214496, 'm': 12.103615656394545} 61
START 4 ring_baseline_4096 ADPS16_classical usvp
RESULT 4 EXECUTED {'rop': 17.811999999999998, 'red': 17.811999999999998} 61
START 5 ring_baseline_4096 ADPS16_classical bdd
RESULT 5 EXECUTED {'rop': 26.072099443486852, 'red': 17.52} 60
START 6 ring_baseline_4096 ADPS16_classical dual
RESULT 6 EXECUTED {'rop': 17.82218315236405, 'mem': 18.59401107997308, 'm': 12.103615656394545} 61
START 7 ring_baseline_4096 ADPS16_quantum_core_svp usvp
RESULT 7 EXECUTED {'rop': 16.165, 'red': 16.165} 61
START 8 ring_baseline_4096 ADPS16_quantum_core_svp bdd
RESULT 8 EXECUTED {'rop': 26.01869341722812, 'red': 15.9} 60
START 9 ring_baseline_4096 ADPS16_quantum_core_svp dual
RESULT 9 EXECUTED {'rop': 16.196654760759387, 'mem': 18.59401107997308, 'm': 12.103615656394545} 61
START 10 ring_baseline_4096 MATZOV_quantum_depth_width usvp
RESULT 10 EXECUTED {'rop': 55.95756198217265, 'red': 55.95756198217265} 61
START 11 ring_baseline_4096 MATZOV_quantum_depth_width bdd
RESULT 11 EXECUTED {'rop': 55.750336070641495, 'red': 55.73411896695597} 60
START 12 ring_baseline_4096 MATZOV_quantum_depth_width dual
RESULT 12 EXECUTED {'rop': 56.81728046758557, 'mem': 28.51378483516033, 'm': 12.096056239180946} 60
START 13 ring_joint_repair_16384 MATZOV_classical usvp
RESULT 13 EXECUTED {'rop': 212.18398964586646, 'red': 212.18398964586646} 631
START 14 ring_joint_repair_16384 MATZOV_classical bdd
RESULT 14 EXECUTED {'rop': 211.90974474869606, 'red': 211.66680810189996} 629
START 15 ring_joint_repair_16384 MATZOV_classical dual
RESULT 15 EXECUTED {'rop': 213.42962318481182, 'mem': 142.1219282494562, 'm': 14.084310133597755} 632
START 16 ring_joint_repair_16384 ADPS16_classical usvp
RESULT 16 EXECUTED {'rop': 184.25199999999998, 'red': 184.25199999999998} 631
START 17 ring_joint_repair_16384 ADPS16_classical bdd
RESULT 17 EXECUTED {'rop': 184.25381207733088, 'red': 184.25199999999998} 631
START 18 ring_joint_repair_16384 ADPS16_classical dual
RESULT 18 EXECUTED {'rop': 184.54399999999998, 'mem': 140.44378075848223, 'm': 14.084310133597755} 632
START 19 ring_joint_repair_16384 ADPS16_quantum_core_svp usvp
RESULT 19 EXECUTED {'rop': 167.215, 'red': 167.215} 631
START 20 ring_joint_repair_16384 ADPS16_quantum_core_svp bdd
RESULT 20 EXECUTED {'rop': 167.2183586256877, 'red': 167.215} 631
START 21 ring_joint_repair_16384 ADPS16_quantum_core_svp dual
RESULT 21 EXECUTED {'rop': 167.48000000000002, 'mem': 140.44378075848223, 'm': 14.084310133597755} 632
START 22 ring_joint_repair_16384 MATZOV_quantum_depth_width usvp
RESULT 22 EXECUTED {'rop': 200.0863951229372, 'red': 200.0863951229372} 631
START 23 ring_joint_repair_16384 MATZOV_quantum_depth_width bdd
RESULT 23 EXECUTED {'rop': 199.73157229596697, 'red': 199.6253168948477} 629
START 24 ring_joint_repair_16384 MATZOV_quantum_depth_width dual
RESULT 24 EXECUTED {'rop': 201.43007521425884, 'mem': 143.79985000892307, 'm': 14.084310133597755} 632
FINISHED 24 24
