'Minidregg.Compiler.ActualBasisExtension.profileDerived' depends on axioms: [propext, Classical.choice, Quot.sound]
'Minidregg.Compiler.ActualBasisExtension.paramsValid' depends on axioms: [propext]
'Minidregg.Compiler.ActualBasisExtension.capacity' depends on axioms: [propext, Classical.choice, Quot.sound]
'Minidregg.Compiler.ActualBasisExtension.source_balanced' depends on axioms: [propext, Classical.choice, Quot.sound]
'Minidregg.Compiler.ActualBasisExtension.sourceSound' depends on axioms: [propext, Classical.choice, Quot.sound]
'Minidregg.Compiler.ActualBasisExtension.fixed_ranges' depends on axioms: [propext, Classical.choice, Quot.sound]
'Minidregg.Compiler.ActualBasisExtension.garner_range' depends on axioms: [propext, Classical.choice, Quot.sound]
'Minidregg.Compiler.ActualBasisExtension.projectionAgreement' depends on axioms: [propext, Classical.choice, Quot.sound]
'Minidregg.Compiler.ActualBasisExtension.nativeAgreement' depends on axioms: [propext, Classical.choice, Quot.sound]
'Minidregg.Compiler.ActualBasisExtension.input_wire' depends on axioms: [propext, Classical.choice, Quot.sound]
'Minidregg.Compiler.ActualBasisExtension.copy_wire' depends on axioms: [propext, Classical.choice, Quot.sound]
'Minidregg.Compiler.ActualBasisExtension.new_wire' depends on axioms: [propext, Classical.choice, Quot.sound]
'Minidregg.Compiler.ActualBasisExtension.input_public' depends on axioms: [propext, Classical.choice, Quot.sound]
'Minidregg.Compiler.ActualBasisExtension.copy_public' depends on axioms: [propext, Classical.choice, Quot.sound]
'Minidregg.Compiler.ActualBasisExtension.new_public' depends on axioms: [propext, Classical.choice, Quot.sound]
'Minidregg.Compiler.ActualBasisExtension.publicRowSound' depends on axioms: [propext, Classical.choice, Quot.sound]
'Minidregg.Compiler.ActualBasisExtension.simplifiedSource_sound' depends on axioms: [propext,
 Classical.choice,
 Quot.sound]
'Minidregg.Compiler.ExactBasisExtension.matrixSound' depends on axioms: [propext, Classical.choice, Quot.sound]
'Minidregg.Compiler.ExactBasisExtension.inhabited' depends on axioms: [propext, Classical.choice, Quot.sound]
'Minidregg.Compiler.ExactBasisExtension.wrongOutputRefused' depends on axioms: [propext, Classical.choice, Quot.sound]
'Minidregg.Compiler.ProfiledMatrix.coefficient_le_mass' depends on axioms: [propext, Classical.choice, Quot.sound]
'Minidregg.Compiler.ProfiledMatrix.auto_constants' depends on axioms: [propext, Classical.choice, Quot.sound]
'Minidregg.Compiler.ProfiledMatrix.auto_coefficients' depends on axioms: [propext, Classical.choice, Quot.sound]
