{"event": "init", "role": "public", "seconds": 2.454965875018388, "status": "PASS"}
{"event": "register_00", "role": "recipient_00", "seconds": 4.888146375014912, "status": "PASS"}
{"event": "register_01", "role": "recipient_01", "seconds": 5.123090958979446, "status": "PASS"}
{"event": "register_02", "role": "recipient_02", "seconds": 4.7030220409506, "status": "PASS"}
{"event": "register_03", "role": "recipient_03", "seconds": 3.926075417024549, "status": "PASS"}
{"event": "register_04", "role": "recipient_04", "seconds": 3.587421333009843, "status": "PASS"}
{"event": "register_05", "role": "recipient_05", "seconds": 3.7180788340047, "status": "PASS"}
{"event": "register_06", "role": "recipient_06", "seconds": 4.146272957965266, "status": "PASS"}
{"event": "register_07", "role": "recipient_07", "seconds": 4.792660958017223, "status": "PASS"}
{"event": "register_08", "role": "recipient_08", "seconds": 4.12360475002788, "status": "PASS"}
{"event": "register_09", "role": "recipient_09", "seconds": 4.194146374997217, "status": "PASS"}
{"event": "register_10", "role": "recipient_10", "seconds": 4.376334084023256, "status": "PASS"}
{"event": "register_11", "role": "recipient_11", "seconds": 4.190535374975298, "status": "PASS"}
{"event": "register_12", "role": "recipient_12", "seconds": 3.7625902500003576, "status": "PASS"}
{"event": "register_13", "role": "recipient_13", "seconds": 4.172392375010531, "status": "PASS"}
{"event": "register_14", "role": "recipient_14", "seconds": 4.442776208976284, "status": "PASS"}
{"event": "register_15", "role": "recipient_15", "seconds": 4.521899749990553, "status": "PASS"}
{"event": "finalize", "role": "public", "seconds": 16.033970625023358, "status": "PASS"}
{"event": "encode_0", "role": "public", "seconds": 10.175892958010081, "status": "PASS"}
{"event": "encode_1", "role": "public", "seconds": 9.581806000031065, "status": "PASS"}
{"event": "encode_2", "role": "public", "seconds": 9.8871893750038, "status": "PASS"}
{"event": "signed", "role": "public", "seconds": 2.5644339169957675, "status": "PASS"}
{"event": "window_0", "role": "public", "seconds": 2.316532124998048, "status": "PASS"}
{"event": "window_1", "role": "public", "seconds": 3.2237375829718076, "status": "PASS"}
{"event": "window_expiry", "role": "public", "seconds": 5.130802290979773, "status": "PASS"}
{"event": "decode_window_00", "role": "recipient_00", "seconds": 1.7417718330398202, "status": "PASS"}
{"event": "decode_window_01", "role": "recipient_01", "seconds": 1.6997136250138283, "status": "PASS"}
{"event": "decode_window_02", "role": "recipient_02", "seconds": 1.6417289579985663, "status": "PASS"}
{"event": "decode_window_03", "role": "recipient_03", "seconds": 1.647242249979172, "status": "PASS"}
{"event": "decode_window_04", "role": "recipient_04", "seconds": 1.8705356660066172, "status": "PASS"}
{"event": "decode_window_05", "role": "recipient_05", "seconds": 1.5660847089602612, "status": "PASS"}
{"event": "decode_window_06", "role": "recipient_06", "seconds": 1.4411292499862611, "status": "PASS"}
{"event": "decode_window_07", "role": "recipient_07", "seconds": 1.4111410829937086, "status": "PASS"}
{"event": "decode_window_08", "role": "recipient_08", "seconds": 1.4489635829813778, "status": "PASS"}
{"event": "decode_window_09", "role": "recipient_09", "seconds": 1.3961619170149788, "status": "PASS"}
{"event": "decode_window_10", "role": "recipient_10", "seconds": 1.4294220000156201, "status": "PASS"}
{"event": "decode_window_11", "role": "recipient_11", "seconds": 1.370395042002201, "status": "PASS"}
{"event": "decode_window_12", "role": "recipient_12", "seconds": 1.3353384580113925, "status": "PASS"}
{"event": "decode_window_13", "role": "recipient_13", "seconds": 1.2898728749714792, "status": "PASS"}
{"event": "decode_window_14", "role": "recipient_14", "seconds": 1.341227249999065, "status": "PASS"}
{"event": "decode_window_15", "role": "recipient_15", "seconds": 1.3826129999943078, "status": "PASS"}
{"event": "decode_fresh_0", "role": "recipient_00", "seconds": 1.3523738749790937, "status": "PASS"}
{"event": "decode_fresh_1", "role": "recipient_00", "seconds": 1.3967875830130652, "status": "PASS"}
{"event": "decode_fresh_2", "role": "recipient_00", "seconds": 1.5976123749860562, "status": "PASS"}
{"event": "decode_signed", "role": "recipient_00", "seconds": 1.4097391659743153, "status": "PASS"}
{"status": "PASS", "elapsed_seconds": 160.2662109590019, "report": "/Users/ember/dev/zkml-research/research/learn_infer_only/experiments/private_construction/public_setup_pq/ring_transport/results/candidate001/WORKFLOW.json"}
