{
  "passed": true,
  "model_directories": 38,
  "selected_e5": {
    "path": "/Users/ember/.cache/huggingface/hub/models--intfloat--e5-base-v2/snapshots/f52bf8ec8c7124536f0efb74aca902b2995e5bcd",
    "revision": "f52bf8ec8c7124536f0efb74aca902b2995e5bcd",
    "config": {
      "_name_or_path": "tmp/",
      "architectures": [
        "BertModel"
      ],
      "attention_probs_dropout_prob": 0.1,
      "classifier_dropout": null,
      "gradient_checkpointing": false,
      "hidden_act": "gelu",
      "hidden_dropout_prob": 0.1,
      "hidden_size": 768,
      "initializer_range": 0.02,
      "intermediate_size": 3072,
      "layer_norm_eps": 1e-12,
      "max_position_embeddings": 512,
      "model_type": "bert",
      "num_attention_heads": 12,
      "num_hidden_layers": 12,
      "pad_token_id": 0,
      "position_embedding_type": "absolute",
      "torch_dtype": "float32",
      "transformers_version": "4.29.0.dev0",
      "type_vocab_size": 2,
      "use_cache": true,
      "vocab_size": 30522
    },
    "files": {
      "1_Pooling/config.json": {
        "bytes": 200,
        "sha256": "f586ab6c734af7b8d14d898bfa7faa886f23b46f86dd1730514309893af13d75"
      },
      "README.md": {
        "bytes": 67561,
        "sha256": "127d92b493963c5e7f74fcad5190546e19e404e5ff5b5c0c606dbcda57ca530e"
      },
      "config.json": {
        "bytes": 650,
        "sha256": "01cc39aa39538a8179aa131c8a16adc03b506c92009f091502e4eb0c702f5f78"
      },
      "model.safetensors": {
        "bytes": 437955512,
        "sha256": "d0d559c47d5f71b1d280b13b62a2657f3e3bc70c0786f9ab91a36545e6a8f693"
      },
      "modules.json": {
        "bytes": 387,
        "sha256": "c6e29747481e8b5dd2b58401966aeac910de39092f90cda9a704b1545f902b04"
      },
      "sentence_bert_config.json": {
        "bytes": 57,
        "sha256": "948201d8329907aae938fa62f9ceeed53f5694dacc2b87b9f3b78b37ee986529"
      },
      "special_tokens_map.json": {
        "bytes": 125,
        "sha256": "b6d346be366a7d1d48332dbc9fdf3bf8960b5d879522b7799ddba59e76237ee3"
      },
      "tokenizer.json": {
        "bytes": 711396,
        "sha256": "d241a60d5e8f04cc1b2b3e9ef7a4921b27bf526d9f6050ab90f9267a1f9e5c66"
      },
      "tokenizer_config.json": {
        "bytes": 314,
        "sha256": "ae83fa6ca0333117ff12606020af925d648667ef70d92ff7f27d781ba0ca4544"
      },
      "vocab.txt": {
        "bytes": 231508,
        "sha256": "07eced375cec144d27c900241f3e339478dec958f92fddbc551f295c992038a3"
      }
    },
    "weight_headers": [
      {
        "name": "model.safetensors",
        "bytes": 437955512,
        "header_bytes": 22448,
        "header_sha256": "513d713fbebf585003e9dfde2344bf2a8fb1124f6489313cfbe46e1b90760912"
      }
    ],
    "tensor_scalars_by_dtype": {
      "I64": 512,
      "F32": 109482240
    },
    "floating_tensor_scalars": 109482240,
    "weight_file_bytes": 437955512,
    "snapshot_logical_bytes": 438967710,
    "full_e5_weight_hash_verified_here": true
  },
  "wall_seconds": 0.4679120829969179
}
