Compiler/LogUpGrouping.lean:52:2: error: Tactic `decide` failed for proposition
  (∀ (i : Fin 4), ¬![1, 2, 3, 4] i = 0) ∧
    (5 - 5) * (1 * 2 * 3 * 4) = 1 * 2 * 3 * 4 + 1 * -2 * 3 * 4 + 1 * 2 * 3 * 4 + 1 * 2 * 3 * -4
because its `Decidable` instance
  instDecidableAnd
did not reduce to `isTrue` or `isFalse`.

After unfolding the instances `decEq`, `decidable_of_decidable_of_iff`, `decidable_of_iff`, `instDecidableAnd`, `instDecidableEqNat`, `instDecidableEqRat`, `instDecidableNot`, `Int.decEq`, `Int.instDecidableEq`, `Nat.decEq`, `Nat.decidableBallLT`, `Nat.decidableForallFin`, and `instDecidableEqRat.decEq`, reduction got stuck at the `Decidable` instance
  match ((5 - 5).mul (1 * 2 * 3 * 4)).num,
    ((1 * 2 * 3 * 4 + 1 * -2 * 3 * 4 + 1 * 2 * 3 * 4).add (1 * 2 * 3 * -4)).num with
  | Int.ofNat a, Int.ofNat b =>
    match decEq a b with
    | isTrue h => isTrue ⋯
    | isFalse h => isFalse ⋯
  | Int.ofNat a, Int.negSucc a_1 => isFalse ⋯
  | Int.negSucc a, Int.ofNat a_1 => isFalse ⋯
  | Int.negSucc a, Int.negSucc b =>
    match decEq a b with
    | isTrue h => isTrue ⋯
    | isFalse h => isFalse ⋯
Compiler/LogUpGrouping.lean:68:2: error: Tactic `decide` failed for proposition
  (-2 - 0) * (1 * 1 * 1 * 1) = 1 * 1 * 1 * 1 + 1 * -2 * 1 * 1 + 1 * 1 * 3 * 1 + 1 * 1 * 1 * -4 ∧
    ¬(-2 - 0) * (1 * 1 * 1 * 1) = 1 * 1 * 1 * 1 + 1 * 2 * 1 * 1 + 1 * 1 * 3 * 1 + 1 * 1 * 1 * 4
because its `Decidable` instance
  instDecidableAnd
did not reduce to `isTrue` or `isFalse`.

After unfolding the instances `instDecidableAnd`, `instDecidableEqRat`, `Int.decEq`, `Int.instDecidableEq`, and `instDecidableEqRat.decEq`, reduction got stuck at the `Decidable` instance
  match ((-2 - 0).mul (1 * 1 * 1 * 1)).num,
    ((1 * 1 * 1 * 1 + 1 * -2 * 1 * 1 + 1 * 1 * 3 * 1).add (1 * 1 * 1 * -4)).num with
  | Int.ofNat a, Int.ofNat b =>
    match decEq a b with
    | isTrue h => isTrue ⋯
    | isFalse h => isFalse ⋯
  | Int.ofNat a, Int.negSucc a_1 => isFalse ⋯
  | Int.negSucc a, Int.ofNat a_1 => isFalse ⋯
  | Int.negSucc a, Int.negSucc b =>
    match decEq a b with
    | isTrue h => isTrue ⋯
    | isFalse h => isFalse ⋯
