     Locking 4 packages to latest compatible versions
      Adding itoa v1.0.18
      Adding memchr v2.8.3
      Adding serde_json v1.0.151
      Adding zmij v1.0.23
   Compiling autocfg v1.5.1
   Compiling proc-macro2 v1.0.107
   Compiling version_check v0.9.5
   Compiling libm v0.2.16
   Compiling quote v1.0.47
   Compiling unicode-ident v1.0.24
   Compiling libc v0.2.189
   Compiling cfg-if v1.0.4
   Compiling zerocopy v0.8.56
   Compiling getrandom v0.3.4
   Compiling serde_core v1.0.229
   Compiling typenum v1.20.1
   Compiling bytemuck v1.25.2
   Compiling serde v1.0.229
   Compiling generic-array v0.14.7
   Compiling anyhow v1.0.104
   Compiling num-traits v0.2.19
   Compiling matrixmultiply v0.3.11
   Compiling pulp v0.21.5
   Compiling paste v1.0.15
   Compiling num-bigint-dig v0.9.1
   Compiling either v1.18.0
   Compiling reborrow v0.5.5
   Compiling pulp v0.22.3
   Compiling rawpointer v0.2.1
   Compiling itertools v0.14.0
   Compiling smallvec v1.16.0
   Compiling thiserror v2.0.20
   Compiling once_cell v1.21.4
   Compiling bytes v1.12.1
   Compiling syn v2.0.119
   Compiling block-buffer v0.10.4
   Compiling crypto-common v0.1.7
   Compiling syn v3.0.5
   Compiling digest v0.10.7
   Compiling pulp-wasm-simd-flag v0.1.1
   Compiling doc-comment v0.3.4
   Compiling zmij v1.0.23
   Compiling rand_core v0.9.5
   Compiling cpufeatures v0.2.17
   Compiling sha2 v0.10.9
   Compiling serde_json v1.0.151
   Compiling zeroize v1.9.0
   Compiling ethnum v1.5.3
   Compiling memchr v2.8.3
   Compiling itoa v1.0.18
   Compiling num-integer v0.1.47
   Compiling num-complex v0.4.6
   Compiling num-iter v0.1.46
   Compiling num-bigint v0.4.8
   Compiling ndarray v0.17.2
   Compiling thiserror-impl v2.0.20
   Compiling ppv-lite86 v0.2.21
   Compiling rand_chacha v0.9.0
   Compiling equator-macro v0.4.2
   Compiling prost-derive v0.14.4
   Compiling rand v0.9.2
   Compiling zeroize_derive v1.5.0
   Compiling equator v0.4.2
   Compiling fhe-traits v0.1.1
   Compiling aligned-vec v0.6.4
   Compiling prost v0.14.4
   Compiling fhe-util v0.1.1
   Compiling tfhe-ntt v0.6.1
   Compiling fhe-math v0.1.1
   Compiling fhe v0.1.1 (/Users/ember/dev/breadstuffs/vendor/fhe-dregg)
   Compiling resident-crypto v0.1.0 (/Users/ember/dev/zkml-research/research/learn_infer_only/experiments/end_to_end/crypto)
warning: unused import: `path::Path`
 --> src/main.rs:3:35
  |
3 |     os::unix::fs::OpenOptionsExt, path::Path, sync::Arc, time::Instant};
  |                                   ^^^^^^^^^^
  |
  = note: `#[warn(unused_imports)]` (part of `#[warn(unused)]`) on by default

warning: `resident-crypto` (bin "resident-crypto") generated 1 warning (run `cargo fix --bin "resident-crypto" -p resident-crypto` to apply 1 suggestion)
    Finished `release` profile [optimized] target(s) in 13.87s
