Compiler/DirectedRnsScaler.lean:150:82: error: Invalid `⟨...⟩` notation: The expected type
  targetRow p i = gBound p ∨
    targetRow p i = fRow p ∨
      targetRow p i = fBound p ∨
        targetRow p i = yRow p ∨
          targetRow p i = yBound p ∨ ∃ a, targetRow p i = targetRow p a ∨ targetRow p i = targetBound p a
has more than one constructor

Note: This notation can only be used when the expected type is an inductive type with a single constructor
Compiler/DirectedRnsScaler.lean:151:85: error: Invalid `⟨...⟩` notation: The expected type
  targetBound p i = gBound p ∨
    targetBound p i = fRow p ∨
      targetBound p i = fBound p ∨
        targetBound p i = yRow p ∨
          targetBound p i = yBound p ∨ ∃ a, targetBound p i = targetRow p a ∨ targetBound p i = targetBound p a
has more than one constructor

Note: This notation can only be used when the expected type is an inductive type with a single constructor
Compiler/DirectedRnsScaler.lean:159:47: error: omega could not prove the goal:
a possible counterexample may satisfy the constraints
  t ≤ -1
  r ≥ 0
  r - s ≤ 0
  n ≥ 0
  l - m + n - o - q ≥ 0
  2*g + j - k ≥ 0
  2*d + e - f ≥ 0
  c - l + m - n + o + q ≥ 0
  b - 2*g - j + k ≥ 0
  a - 2*d - e + f ≥ 0
where
 a := SignedMatrix.eval (SignedMatrix.cst (2 * ↑p.dG - 1)) x
 b := SignedMatrix.eval (SignedMatrix.cst (2 * ↑p.dF - 1)) x
 c := SignedMatrix.eval (SignedMatrix.cst (↑p.Q - 1)) x
 d := ∑ i, ↑(x (residue i)) * p.thetaG i
 e := SignedMatrix.eval (SignedMatrix.cst ↑p.dG) x
 f := 2 * ↑p.dG * ↑(x (extra 0))
 g := ∑ i, ↑(x (residue i)) * p.thetaF i
 j := SignedMatrix.eval (SignedMatrix.cst ↑p.dF) x
 k := 2 * ↑p.dF * (↑(x (extra 3)) - SignedMatrix.eval (SignedMatrix.cst ↑p.wOffset) x)
 l := ∑ i, ↑(x (residue i)) * p.omega i
 m := p.gamma * ↑(x (extra 0))
 n := ↑(x (extra 3))
 o := SignedMatrix.eval (SignedMatrix.cst ↑p.wOffset) x
 q := ↑p.Q * (↑(x (extra 8)) - SignedMatrix.eval (SignedMatrix.cst ↑p.uOffset) x)
 r := ↑(x (inputSlack i))
 s := SignedMatrix.eval (SignedMatrix.cst (↑(p.sourceBase i) - 1)) x
 t := (fun j => ↑(x (residue j))) i
Compiler/DirectedRnsScaler.lean:159:47: error: omega could not prove the goal:
a possible counterexample may satisfy the constraints
  u ≥ 0
  t - u ≥ 0
  r ≥ 0
  r - s ≤ 0
  n ≥ 0
  l - m + n - o - q ≥ 0
  2*g + j - k ≥ 0
  2*d + e - f ≥ 0
  c - l + m - n + o + q ≥ 0
  b - 2*g - j + k ≥ 0
  a - 2*d - e + f ≥ 0
where
 a := SignedMatrix.eval (SignedMatrix.cst (2 * ↑p.dG - 1)) x
 b := SignedMatrix.eval (SignedMatrix.cst (2 * ↑p.dF - 1)) x
 c := SignedMatrix.eval (SignedMatrix.cst (↑p.Q - 1)) x
 d := ∑ i, ↑(x (residue i)) * p.thetaG i
 e := SignedMatrix.eval (SignedMatrix.cst ↑p.dG) x
 f := 2 * ↑p.dG * ↑(x (extra 0))
 g := ∑ i, ↑(x (residue i)) * p.thetaF i
 j := SignedMatrix.eval (SignedMatrix.cst ↑p.dF) x
 k := 2 * ↑p.dF * (↑(x (extra 3)) - SignedMatrix.eval (SignedMatrix.cst ↑p.wOffset) x)
 l := ∑ i, ↑(x (residue i)) * p.omega i
 m := p.gamma * ↑(x (extra 0))
 n := ↑(x (extra 3))
 o := SignedMatrix.eval (SignedMatrix.cst ↑p.wOffset) x
 q := ↑p.Q * (↑(x (extra 8)) - SignedMatrix.eval (SignedMatrix.cst ↑p.uOffset) x)
 r := ↑(x (inputSlack i))
 s := SignedMatrix.eval (SignedMatrix.cst (↑(p.sourceBase i) - 1)) x
 t := (fun j => ↑(x (residue j))) i
 u := ↑(p.sourceBase i)
Compiler/DirectedRnsScaler.lean:160:29: error: omega could not prove the goal:
a possible counterexample may satisfy the constraints
  q ≥ 0
  m ≥ 0
  k - l + m - n - o ≥ 0
  2*g + i - j ≥ 0
  2*d + e - f ≥ 0
  2*d + e - f - 2*q ≥ 0
  c - k + l - m + n + o ≥ 0
  b - 2*g - i + j ≥ 0
  a - 2*d - e + f ≥ 0
where
 a := SignedMatrix.eval (SignedMatrix.cst (2 * ↑p.dG - 1)) x
 b := SignedMatrix.eval (SignedMatrix.cst (2 * ↑p.dF - 1)) x
 c := SignedMatrix.eval (SignedMatrix.cst (↑p.Q - 1)) x
 d := ∑ i, ↑(x (residue i)) * p.thetaG i
 e := SignedMatrix.eval (SignedMatrix.cst ↑p.dG) x
 f := 2 * ↑p.dG * ↑(x (extra 0))
 g := ∑ i, ↑(x (residue i)) * p.thetaF i
 i := SignedMatrix.eval (SignedMatrix.cst ↑p.dF) x
 j := 2 * ↑p.dF * (↑(x (extra 3)) - SignedMatrix.eval (SignedMatrix.cst ↑p.wOffset) x)
 k := ∑ i, ↑(x (residue i)) * p.omega i
 l := p.gamma * ↑(x (extra 0))
 m := ↑(x (extra 3))
 n := SignedMatrix.eval (SignedMatrix.cst ↑p.wOffset) x
 o := ↑p.Q * (↑(x (extra 8)) - SignedMatrix.eval (SignedMatrix.cst ↑p.uOffset) x)
 q := ↑p.dG
Compiler/DirectedRnsScaler.lean:161:29: error: omega could not prove the goal:
a possible counterexample may satisfy the constraints
  q ≥ 0
  m ≥ 0
  k - l + m - n - o ≥ 0
  2*g + i - j ≥ 0
  2*g + i - j - 2*q ≥ 0
  2*d + e - f ≥ 0
  c - k + l - m + n + o ≥ 0
  b - 2*g - i + j ≥ 0
  a - 2*d - e + f ≥ 0
where
 a := SignedMatrix.eval (SignedMatrix.cst (2 * ↑p.dG - 1)) x
 b := SignedMatrix.eval (SignedMatrix.cst (2 * ↑p.dF - 1)) x
 c := SignedMatrix.eval (SignedMatrix.cst (↑p.Q - 1)) x
 d := ∑ i, ↑(x (residue i)) * p.thetaG i
 e := SignedMatrix.eval (SignedMatrix.cst ↑p.dG) x
 f := 2 * ↑p.dG * ↑(x (extra 0))
 g := ∑ i, ↑(x (residue i)) * p.thetaF i
 i := SignedMatrix.eval (SignedMatrix.cst ↑p.dF) x
 j := 2 * ↑p.dF * (↑(x (extra 3)) - SignedMatrix.eval (SignedMatrix.cst ↑p.wOffset) x)
 k := ∑ i, ↑(x (residue i)) * p.omega i
 l := p.gamma * ↑(x (extra 0))
 m := ↑(x (extra 3))
 n := SignedMatrix.eval (SignedMatrix.cst ↑p.wOffset) x
 o := ↑p.Q * (↑(x (extra 8)) - SignedMatrix.eval (SignedMatrix.cst ↑p.uOffset) x)
 q := ↑p.dF
Compiler/DirectedRnsScaler.lean:162:29: error: omega could not prove the goal:
a possible counterexample may satisfy the constraints
  q ≥ 0
  m ≥ 0
  k - l + m - n - o ≥ 0
  k - l + m - n - o - q ≥ 0
  2*g + i - j ≥ 0
  2*d + e - f ≥ 0
  c - k + l - m + n + o ≥ 0
  b - 2*g - i + j ≥ 0
  a - 2*d - e + f ≥ 0
where
 a := SignedMatrix.eval (SignedMatrix.cst (2 * ↑p.dG - 1)) x
 b := SignedMatrix.eval (SignedMatrix.cst (2 * ↑p.dF - 1)) x
 c := SignedMatrix.eval (SignedMatrix.cst (↑p.Q - 1)) x
 d := ∑ i, ↑(x (residue i)) * p.thetaG i
 e := SignedMatrix.eval (SignedMatrix.cst ↑p.dG) x
 f := 2 * ↑p.dG * ↑(x (extra 0))
 g := ∑ i, ↑(x (residue i)) * p.thetaF i
 i := SignedMatrix.eval (SignedMatrix.cst ↑p.dF) x
 j := 2 * ↑p.dF * (↑(x (extra 3)) - SignedMatrix.eval (SignedMatrix.cst ↑p.wOffset) x)
 k := ∑ i, ↑(x (residue i)) * p.omega i
 l := p.gamma * ↑(x (extra 0))
 m := ↑(x (extra 3))
 n := SignedMatrix.eval (SignedMatrix.cst ↑p.wOffset) x
 o := ↑p.Q * (↑(x (extra 8)) - SignedMatrix.eval (SignedMatrix.cst ↑p.uOffset) x)
 q := ↑p.Q
Compiler/DirectedRnsScaler.lean:163:29: error: linarith failed to find a contradiction
case refine_5.h1.h
L K : ℕ
p : Params L K
hp : Valid p
x : Fin (groups L K) → ℕ
h : Balanced p x
hinput :
  ∀ (i : Fin L),
    ↑(x (residue i)) + ↑(x (inputSlack i)) - SignedMatrix.eval (SignedMatrix.cst (↑(p.sourceBase i) - 1)) x = 0
hgb : ↑(x (extra 1)) + ↑(x (extra 2)) - SignedMatrix.eval (SignedMatrix.cst (2 * ↑p.dG - 1)) x = 0
hfb : ↑(x (extra 4)) + ↑(x (extra 5)) - SignedMatrix.eval (SignedMatrix.cst (2 * ↑p.dF - 1)) x = 0
hyb : ↑(x (extra 6)) + ↑(x (extra 7)) - SignedMatrix.eval (SignedMatrix.cst (↑p.Q - 1)) x = 0
ht : ∀ (i : Fin K), ↑(x (extra 6)) - (↑(p.targetBase i) * ↑(x (target i 1)) + ↑(x (target i 0))) = 0
htb :
  ∀ (i : Fin K),
    ↑(x (target i 0)) + ↑(x (target i 2)) - SignedMatrix.eval (SignedMatrix.cst (↑(p.targetBase i) - 1)) x = 0
comm : ∀ (a : Fin L → ℤ), ∑ i, a i * ↑(x (residue i)) = ∑ i, ↑(x (residue i)) * a i
hg :
  2 * ∑ i, ↑(x (residue i)) * p.thetaG i + SignedMatrix.eval (SignedMatrix.cst ↑p.dG) x -
      (2 * ↑p.dG * ↑(x (extra 0)) + ↑(x (extra 1))) =
    0
hf :
  2 * ∑ i, ↑(x (residue i)) * p.thetaF i + SignedMatrix.eval (SignedMatrix.cst ↑p.dF) x -
      (2 * ↑p.dF * (↑(x (extra 3)) - SignedMatrix.eval (SignedMatrix.cst ↑p.wOffset) x) + ↑(x (extra 4))) =
    0
hy :
  ∑ i, ↑(x (residue i)) * p.omega i - p.gamma * ↑(x (extra 0)) +
        (↑(x (extra 3)) - SignedMatrix.eval (SignedMatrix.cst ↑p.wOffset) x) -
      (↑p.Q * (↑(x (extra 8)) - SignedMatrix.eval (SignedMatrix.cst ↑p.uOffset) x) + ↑(x (extra 6))) =
    0
a✝ : 2 * ∑ i, ↑(x (residue i)) * p.thetaG i + ↑p.dG < 2 * ↑p.dG * ↑(x (extra 0)) + ↑(x (extra 1))
⊢ False
failed
Compiler/DirectedRnsScaler.lean:164:29: error: linarith failed to find a contradiction
case refine_6.h1.h
L K : ℕ
p : Params L K
hp : Valid p
x : Fin (groups L K) → ℕ
h : Balanced p x
hinput :
  ∀ (i : Fin L),
    ↑(x (residue i)) + ↑(x (inputSlack i)) - SignedMatrix.eval (SignedMatrix.cst (↑(p.sourceBase i) - 1)) x = 0
hgb : ↑(x (extra 1)) + ↑(x (extra 2)) - SignedMatrix.eval (SignedMatrix.cst (2 * ↑p.dG - 1)) x = 0
hfb : ↑(x (extra 4)) + ↑(x (extra 5)) - SignedMatrix.eval (SignedMatrix.cst (2 * ↑p.dF - 1)) x = 0
hyb : ↑(x (extra 6)) + ↑(x (extra 7)) - SignedMatrix.eval (SignedMatrix.cst (↑p.Q - 1)) x = 0
ht : ∀ (i : Fin K), ↑(x (extra 6)) - (↑(p.targetBase i) * ↑(x (target i 1)) + ↑(x (target i 0))) = 0
htb :
  ∀ (i : Fin K),
    ↑(x (target i 0)) + ↑(x (target i 2)) - SignedMatrix.eval (SignedMatrix.cst (↑(p.targetBase i) - 1)) x = 0
comm : ∀ (a : Fin L → ℤ), ∑ i, a i * ↑(x (residue i)) = ∑ i, ↑(x (residue i)) * a i
hg :
  2 * ∑ i, ↑(x (residue i)) * p.thetaG i + SignedMatrix.eval (SignedMatrix.cst ↑p.dG) x -
      (2 * ↑p.dG * ↑(x (extra 0)) + ↑(x (extra 1))) =
    0
hf :
  2 * ∑ i, ↑(x (residue i)) * p.thetaF i + SignedMatrix.eval (SignedMatrix.cst ↑p.dF) x -
      (2 * ↑p.dF * (↑(x (extra 3)) - SignedMatrix.eval (SignedMatrix.cst ↑p.wOffset) x) + ↑(x (extra 4))) =
    0
hy :
  ∑ i, ↑(x (residue i)) * p.omega i - p.gamma * ↑(x (extra 0)) +
        (↑(x (extra 3)) - SignedMatrix.eval (SignedMatrix.cst ↑p.wOffset) x) -
      (↑p.Q * (↑(x (extra 8)) - SignedMatrix.eval (SignedMatrix.cst ↑p.uOffset) x) + ↑(x (extra 6))) =
    0
a✝ : 2 * ∑ i, ↑(x (residue i)) * p.thetaF i + ↑p.dF < 2 * ↑p.dF * (↑(x (extra 3)) - ↑p.wOffset) + ↑(x (extra 4))
⊢ False
failed
Compiler/DirectedRnsScaler.lean:165:29: error: linarith failed to find a contradiction
case refine_7.h1.h
L K : ℕ
p : Params L K
hp : Valid p
x : Fin (groups L K) → ℕ
h : Balanced p x
hinput :
  ∀ (i : Fin L),
    ↑(x (residue i)) + ↑(x (inputSlack i)) - SignedMatrix.eval (SignedMatrix.cst (↑(p.sourceBase i) - 1)) x = 0
hgb : ↑(x (extra 1)) + ↑(x (extra 2)) - SignedMatrix.eval (SignedMatrix.cst (2 * ↑p.dG - 1)) x = 0
hfb : ↑(x (extra 4)) + ↑(x (extra 5)) - SignedMatrix.eval (SignedMatrix.cst (2 * ↑p.dF - 1)) x = 0
hyb : ↑(x (extra 6)) + ↑(x (extra 7)) - SignedMatrix.eval (SignedMatrix.cst (↑p.Q - 1)) x = 0
ht : ∀ (i : Fin K), ↑(x (extra 6)) - (↑(p.targetBase i) * ↑(x (target i 1)) + ↑(x (target i 0))) = 0
htb :
  ∀ (i : Fin K),
    ↑(x (target i 0)) + ↑(x (target i 2)) - SignedMatrix.eval (SignedMatrix.cst (↑(p.targetBase i) - 1)) x = 0
comm : ∀ (a : Fin L → ℤ), ∑ i, a i * ↑(x (residue i)) = ∑ i, ↑(x (residue i)) * a i
hg :
  2 * ∑ i, ↑(x (residue i)) * p.thetaG i + SignedMatrix.eval (SignedMatrix.cst ↑p.dG) x -
      (2 * ↑p.dG * ↑(x (extra 0)) + ↑(x (extra 1))) =
    0
hf :
  2 * ∑ i, ↑(x (residue i)) * p.thetaF i + SignedMatrix.eval (SignedMatrix.cst ↑p.dF) x -
      (2 * ↑p.dF * (↑(x (extra 3)) - SignedMatrix.eval (SignedMatrix.cst ↑p.wOffset) x) + ↑(x (extra 4))) =
    0
hy :
  ∑ i, ↑(x (residue i)) * p.omega i - p.gamma * ↑(x (extra 0)) +
        (↑(x (extra 3)) - SignedMatrix.eval (SignedMatrix.cst ↑p.wOffset) x) -
      (↑p.Q * (↑(x (extra 8)) - SignedMatrix.eval (SignedMatrix.cst ↑p.uOffset) x) + ↑(x (extra 6))) =
    0
a✝ :
  ∑ i, ↑(x (residue i)) * p.omega i - p.gamma * ↑(x (extra 0)) + (↑(x (extra 3)) - ↑p.wOffset) <
    ↑p.Q * (↑(x (extra 8)) - ↑p.uOffset) + ↑(x (extra 6))
⊢ False
failed
Compiler/DirectedRnsScaler.lean:168:28: error: omega could not prove the goal:
a possible counterexample may satisfy the constraints
  q ≥ 0
  n ≥ 0
  n - o ≤ 0
  n - o + q ≤ 0
  m - n + o ≥ 0
  l ≥ 0
  2*g + j - k ≥ 0
  2*d + e - f ≥ 0
  c - m + n - o ≥ 0
  b - 2*g - j + k ≥ 0
  a - 2*d - e + f ≥ 0
where
 a := SignedMatrix.eval (SignedMatrix.cst (2 * ↑p.dG - 1)) x
 b := SignedMatrix.eval (SignedMatrix.cst (2 * ↑p.dF - 1)) x
 c := SignedMatrix.eval (SignedMatrix.cst (↑p.Q - 1)) x
 d := ∑ i, ↑(x (residue i)) * p.thetaG i
 e := SignedMatrix.eval (SignedMatrix.cst ↑p.dG) x
 f := 2 * ↑p.dG * ↑(x (extra 0))
 g := ∑ i, ↑(x (residue i)) * p.thetaF i
 j := SignedMatrix.eval (SignedMatrix.cst ↑p.dF) x
 k := 2 * ↑p.dF * (↑(x (extra 3)) - SignedMatrix.eval (SignedMatrix.cst ↑p.wOffset) x)
 l := ↑(x (extra 3))
 m := ↑(p.targetBase i) * ↑(x (target i 1))
 n := ↑(x (target i 2))
 o := SignedMatrix.eval (SignedMatrix.cst (↑(p.targetBase i) - 1)) x
 q := ↑(p.targetBase i)
Compiler/DirectedRnsScaler.lean:153:51: warning: This simp argument is unused:
  eval_cst

Hint: Omit it from the simp argument list.
  simp only [inputRow, ̲gRow, ̲gBound, ̲fRow, ̲fBound, ̲yRow, ̲yBound, ̲targetRow, ̲targetBound, ̲linear,
      eval_sub, ̲eval_add, ̲eval_scale, ̲eval_sum, ̲eval_var,̵e̵v̵a̵l̵_̵c̵s̵t̵] at hinput hg hgb hf hfb hy hyb ht htb

Note: This linter can be disabled with `set_option linter.unusedSimpArgs false`
