     Locking 159 packages to latest Rust 1.98.0-nightly compatible versions
      Adding generic-array v0.14.7 (available: v0.14.9)
      Adding rand v0.9.2 (available: v0.9.5)
      Adding sha2 v0.10.9 (available: v0.11.0)
   Compiling proc-macro2 v1.0.107
   Compiling unicode-ident v1.0.24
   Compiling quote v1.0.47
   Compiling autocfg v1.5.1
   Compiling libm v0.2.16
   Compiling num-traits v0.2.19
    Checking cfg-if v1.0.4
   Compiling libc v0.2.189
   Compiling syn v3.0.5
   Compiling syn v2.0.119
   Compiling serde_core v1.0.229
   Compiling serde v1.0.229
   Compiling serde_derive v1.0.229
    Checking num-integer v0.1.47
   Compiling crossbeam-utils v0.8.22
    Checking once_cell v1.21.4
   Compiling crossbeam-epoch v0.9.20
    Checking either v1.18.0
   Compiling paste v1.0.15
   Compiling crossbeam-deque v0.8.7
   Compiling rayon-core v1.13.0
    Checking rand_core v0.10.1
   Compiling getrandom v0.4.3
    Checking itertools v0.14.0
    Checking num-bigint v0.4.8
    Checking strength_reduce v0.2.4
    Checking rayon v1.12.0
    Checking transpose v0.2.3
    Checking chacha20 v0.10.2
    Checking tracing-core v0.1.36
   Compiling tracing-attributes v0.1.31
    Checking pin-project-lite v0.2.17
    Checking p3-maybe-rayon v0.5.1 (https://github.com/Plonky3/Plonky3?rev=82cfad73cd734d37a0d51953094f970c531817ec#82cfad73)
    Checking rand v0.10.2
    Checking tracing v0.1.44
    Checking p3-util v0.5.1 (https://github.com/Plonky3/Plonky3?rev=82cfad73cd734d37a0d51953094f970c531817ec#82cfad73)
    Checking scopeguard v1.2.0
    Checking p3-field v0.5.1 (https://github.com/Plonky3/Plonky3?rev=82cfad73cd734d37a0d51953094f970c531817ec#82cfad73)
    Checking lock_api v0.4.14
    Checking spin v0.11.1
   Compiling version_check v0.9.5
   Compiling thiserror v2.0.20
    Checking p3-matrix v0.5.1 (https://github.com/Plonky3/Plonky3?rev=82cfad73cd734d37a0d51953094f970c531817ec#82cfad73)
    Checking p3-symmetric v0.5.1 (https://github.com/Plonky3/Plonky3?rev=82cfad73cd734d37a0d51953094f970c531817ec#82cfad73)
   Compiling thiserror-impl v2.0.20
    Checking p3-dft v0.5.1 (https://github.com/Plonky3/Plonky3?rev=82cfad73cd734d37a0d51953094f970c531817ec#82cfad73)
    Checking p3-mds v0.5.1 (https://github.com/Plonky3/Plonky3?rev=82cfad73cd734d37a0d51953094f970c531817ec#82cfad73)
    Checking p3-poseidon2 v0.5.1 (https://github.com/Plonky3/Plonky3?rev=82cfad73cd734d37a0d51953094f970c531817ec#82cfad73)
    Checking p3-poseidon1 v0.5.1 (https://github.com/Plonky3/Plonky3?rev=82cfad73cd734d37a0d51953094f970c531817ec#82cfad73)
    Checking p3-monty-31 v0.5.1 (https://github.com/Plonky3/Plonky3?rev=82cfad73cd734d37a0d51953094f970c531817ec#82cfad73)
   Compiling getrandom v0.3.4
    Checking p3-multilinear-util v0.5.1 (https://github.com/Plonky3/Plonky3?rev=82cfad73cd734d37a0d51953094f970c531817ec#82cfad73)
    Checking p3-challenger v0.5.1 (/Users/ember/dev/breadstuffs/vendor/plonky3-challenger-82cfad73)
   Compiling zerocopy v0.8.56
    Checking p3-commit v0.5.1 (https://github.com/Plonky3/Plonky3?rev=82cfad73cd734d37a0d51953094f970c531817ec#82cfad73)
    Checking p3-air v0.5.1 (https://github.com/Plonky3/Plonky3?rev=82cfad73cd734d37a0d51953094f970c531817ec#82cfad73)
   Compiling generic-array v0.14.7
    Checking equivalent v1.0.2
    Checking foldhash v0.2.0
    Checking allocator-api2 v0.2.21
    Checking rand_core v0.9.5
    Checking p3-fri v0.5.1 (/Users/ember/dev/breadstuffs/vendor/plonky3-fri-82cfad73)
   Compiling syn v1.0.109
   Compiling crunchy v0.2.4
    Checking bytemuck v1.25.2
    Checking typenum v1.20.1
    Checking ppv-lite86 v0.2.21
    Checking rand_chacha v0.9.0
    Checking num-complex v0.4.6
    Checking p3-uni-stark v0.5.1 (https://github.com/Plonky3/Plonky3?rev=82cfad73cd734d37a0d51953094f970c531817ec#82cfad73)
    Checking hashbrown v0.17.1
   Compiling semver v1.0.28
   Compiling tiny-keccak v2.0.2
   Compiling anyhow v1.0.104
   Compiling rustc_version v0.4.1
    Checking p3-lookup v0.5.1 (https://github.com/Plonky3/Plonky3?rev=82cfad73cd734d37a0d51953094f970c531817ec#82cfad73)
    Checking rand v0.9.2
   Compiling pulp v0.21.5
   Compiling equator-macro v0.4.2
   Compiling matrixmultiply v0.3.11
   Compiling num-bigint-dig v0.9.1
   Compiling shlex v2.0.1
    Checking reborrow v0.5.5
   Compiling find-msvc-tools v0.1.12
   Compiling cc v1.4.5
   Compiling unroll v0.1.5
    Checking equator v0.4.2
   Compiling heapless v0.7.17
    Checking crypto-common v0.1.7
    Checking block-buffer v0.10.4
    Checking p3-poseidon1-air v0.5.1 (https://github.com/Plonky3/Plonky3?rev=82cfad73cd734d37a0d51953094f970c531817ec#82cfad73)
    Checking p3-goldilocks v0.5.1 (https://github.com/Plonky3/Plonky3?rev=82cfad73cd734d37a0d51953094f970c531817ec#82cfad73)
    Checking p3-baby-bear v0.5.1 (https://github.com/Plonky3/Plonky3?rev=82cfad73cd734d37a0d51953094f970c531817ec#82cfad73)
    Checking p3-koala-bear v0.5.1 (https://github.com/Plonky3/Plonky3?rev=82cfad73cd734d37a0d51953094f970c531817ec#82cfad73)
   Compiling pulp v0.22.3
    Checking num-iter v0.1.46
    Checking byteorder v1.5.0
    Checking smallvec v1.16.0
   Compiling heck v0.5.0
    Checking rawpointer v0.2.1
   Compiling strum_macros v0.28.0
    Checking hash32 v0.2.1
    Checking p3-poseidon1-circuit-air v0.1.0 (https://github.com/emberian/plonky3-recursion?rev=fc3c6df#fc3c6dfa)
    Checking digest v0.10.7
   Compiling prost-derive v0.14.4
    Checking p3-keccak v0.5.1 (https://github.com/Plonky3/Plonky3?rev=82cfad73cd734d37a0d51953094f970c531817ec#82cfad73)
    Checking aligned-vec v0.6.4
   Compiling blake3 v1.8.7
    Checking hashbrown v0.16.1
    Checking cpufeatures v0.2.17
    Checking bytes v1.12.1
    Checking strum v0.28.0
   Compiling zmij v1.0.23
    Checking pulp-wasm-simd-flag v0.1.1
    Checking stable_deref_trait v1.2.1
   Compiling doc-comment v0.3.4
    Checking tfhe-ntt v0.6.1
    Checking p3-circuit v0.1.0 (https://github.com/emberian/plonky3-recursion?rev=fc3c6df#fc3c6dfa)
    Checking prost v0.14.4
    Checking sha2 v0.10.9
    Checking fhe-util v0.1.1
    Checking ndarray v0.17.2
    Checking fhe-traits v0.1.1
    Checking p3-poseidon2-air v0.5.1 (https://github.com/Plonky3/Plonky3?rev=82cfad73cd734d37a0d51953094f970c531817ec#82cfad73)
    Checking cobs v0.3.0
    Checking rmp v0.8.15
    Checking arrayvec v0.7.8
    Checking ethnum v1.5.3
    Checking zeroize v1.9.0
   Compiling serde_json v1.0.151
    Checking constant_time_eq v0.4.2
    Checking rmp-serde v1.3.1
    Checking postcard v1.1.3
    Checking p3-poseidon2-circuit-air v0.1.0 (https://github.com/emberian/plonky3-recursion?rev=fc3c6df#fc3c6dfa)
    Checking fhe-math v0.1.1
    Checking p3-batch-stark v0.5.1 (https://github.com/Plonky3/Plonky3?rev=82cfad73cd734d37a0d51953094f970c531817ec#82cfad73)
    Checking p3-merkle-tree v0.5.1 (https://github.com/Plonky3/Plonky3?rev=82cfad73cd734d37a0d51953094f970c531817ec#82cfad73)
    Checking dregg-codec v0.1.0 (/Users/ember/dev/breadstuffs/dregg-codec)
   Compiling zeroize_derive v1.5.0
   Compiling dregg-dsl v0.1.0 (/Users/ember/dev/breadstuffs/dregg-dsl)
    Checking itoa v1.0.18
    Checking memchr v2.8.3
    Checking dregg-circuit v0.1.0 (/Users/ember/dev/breadstuffs/circuit)
    Checking fhe v0.1.1 (/Users/ember/dev/breadstuffs/vendor/fhe-dregg)
warning: unused import: `crate::dsl::descriptors::merkle_poseidon2_circuit`
  --> /Users/ember/dev/breadstuffs/circuit/src/body_membership.rs:24:5
   |
24 | use crate::dsl::descriptors::merkle_poseidon2_circuit;
   |     ^^^^^^^^^^^^^^^^^^^^^^^^^^^^^^^^^^^^^^^^^^^^^^^^^
   |
   = note: `#[warn(unused_imports)]` (part of `#[warn(unused)]`) on by default

warning: unused import: `AccumulatorNonMembershipWitness`
  --> /Users/ember/dev/breadstuffs/circuit/src/dsl/accumulator.rs:25:24
   |
25 |     ACCUMULATOR_WIDTH, AccumulatorNonMembershipWitness, AccumulatorNonRevocationWitness, ExtElem,
   |                        ^^^^^^^^^^^^^^^^^^^^^^^^^^^^^^^

warning: unused imports: `BoundaryDef`, `BoundaryRow`, `CircuitDescriptor`, `ColumnDef`, `ColumnKind`, `ConstraintExpr`, and `DslCircuit`
  --> /Users/ember/dev/breadstuffs/circuit/src/dsl/fold.rs:30:5
   |
30 |     BoundaryDef, BoundaryRow, CircuitDescriptor, ColumnDef, ColumnKind, ConstraintExpr, DslCircuit,
   |     ^^^^^^^^^^^  ^^^^^^^^^^^  ^^^^^^^^^^^^^^^^^  ^^^^^^^^^  ^^^^^^^^^^  ^^^^^^^^^^^^^^  ^^^^^^^^^^

warning: unused import: `hash_4_to_1`
 --> /Users/ember/dev/breadstuffs/circuit/src/effect_vm/trace.rs:8:37
  |
8 | use crate::poseidon2::{hash_2_to_1, hash_4_to_1};
  |                                     ^^^^^^^^^^^

warning: private item shadows public glob re-export
  --> /Users/ember/dev/breadstuffs/circuit/src/effect_vm/trace_rotated.rs:47:13
   |
47 | use super::{EFFECT_VM_WIDTH, EffectVmContext, generate_effect_vm_trace_ext};
   |             ^^^^^^^^^^^^^^^
   |
note: the name `EFFECT_VM_WIDTH` in the value namespace is supposed to be publicly re-exported here
  --> /Users/ember/dev/breadstuffs/circuit/src/effect_vm/trace_rotated.rs:52:9
   |
52 | pub use crate::effect_vm::layout_generated::*;
   |         ^^^^^^^^^^^^^^^^^^^^^^^^^^^^^^^^^^^^^
note: but the private item here shadows it
  --> /Users/ember/dev/breadstuffs/circuit/src/effect_vm/trace_rotated.rs:47:13
   |
47 | use super::{EFFECT_VM_WIDTH, EffectVmContext, generate_effect_vm_trace_ext};
   |             ^^^^^^^^^^^^^^^
   = note: `#[warn(hidden_glob_reexports)]` on by default

warning: unused import: `EFFECT_VM_WIDTH`
  --> /Users/ember/dev/breadstuffs/circuit/src/effect_vm/transfer_fee_avail_weld.rs:37:5
   |
37 |     EFFECT_VM_WIDTH, PARAM_BASE, STATE_AFTER_BASE, STATE_BEFORE_BASE, param, state,
   |     ^^^^^^^^^^^^^^^

warning: unused imports: `prove` and `verify`
  --> /Users/ember/dev/breadstuffs/circuit/src/plonky3_prover.rs:40:40
   |
40 | use p3_uni_stark::{Proof, StarkConfig, prove, verify};
   |                                        ^^^^^  ^^^^^^

warning: unused doc comment
   --> /Users/ember/dev/breadstuffs/circuit/src/refusal.rs:485:1
    |
485 | / /// Set while this thread is inside [`catch_quietly`]. The hook installed below reads it, so
486 | | /// silencing is scoped to the thread that asked for it.
    | |_-------------------------------------------------------^
    |   |
    |   rustdoc does not generate documentation for macro invocations
    |
    = help: to document an item produced by a macro, the macro must produce the documentation as part of its expansion
    = note: `#[warn(unused_doc_comments)]` (part of `#[warn(unused)]`) on by default

warning: unused import: `crate::dsl::predicates::*`
   --> /Users/ember/dev/breadstuffs/circuit/src/lib.rs:700:13
    |
700 |     pub use crate::dsl::predicates::*;
    |             ^^^^^^^^^^^^^^^^^^^^^^^^^

warning: unused import: `crate::dsl::predicates::*`
   --> /Users/ember/dev/breadstuffs/circuit/src/lib.rs:701:13
    |
701 |     pub use crate::dsl::predicates::*;
    |             ^^^^^^^^^^^^^^^^^^^^^^^^^

warning: unused import: `WindowAccess`
  --> /Users/ember/dev/breadstuffs/circuit/src/plonky3_prover.rs:29:40
   |
29 | use p3_air::{Air, AirBuilder, BaseAir, WindowAccess};
   |                                        ^^^^^^^^^^^^

warning: unused import: `BaseAir`
  --> /Users/ember/dev/breadstuffs/circuit/src/plonky3_prover.rs:29:31
   |
29 | use p3_air::{Air, AirBuilder, BaseAir, WindowAccess};
   |                               ^^^^^^^

warning: unused import: `Air`
  --> /Users/ember/dev/breadstuffs/circuit/src/plonky3_prover.rs:29:14
   |
29 | use p3_air::{Air, AirBuilder, BaseAir, WindowAccess};
   |              ^^^

warning: variable does not need to be mutable
    --> /Users/ember/dev/breadstuffs/circuit/src/descriptor_ir2.rs:5712:9
     |
5712 |     let mut fact_hist: BTreeMap<(u32, u32, u32), u64> = BTreeMap::new();
     |         ----^^^^^^^^^
     |         |
     |         help: remove this `mut`
     |
     = note: `#[warn(unused_mut)]` (part of `#[warn(unused)]`) on by default

warning: variable does not need to be mutable
   --> /Users/ember/dev/breadstuffs/circuit/src/table_air.rs:404:13
    |
404 |         let mut share_out_of_range = |e: &TableExpr, what: &str| -> Result<(), String> {
    |             ----^^^^^^^^^^^^^^^^^^
    |             |
    |             help: remove this `mut`

warning: variable does not need to be mutable
   --> /Users/ember/dev/breadstuffs/circuit/src/table_air.rs:428:13
    |
428 |         let mut prep_out_of_range = |e: &TableExpr, what: &str| -> Result<(), String> {
    |             ----^^^^^^^^^^^^^^^^^
    |             |
    |             help: remove this `mut`

warning: type `CompiledMain` is more private than the item `Ir2Air::Main::compiled`
    --> /Users/ember/dev/breadstuffs/circuit/src/descriptor_ir2.rs:3672:9
     |
3672 |         compiled: Arc<crate::flat_eval::CompiledMain>,
     |         ^^^^^^^^^^^^^^^^^^^^^^^^^^^^^^^^^^^^^^^^^^^^^ field `Ir2Air::Main::compiled` is reachable at visibility `pub`
     |
note: but type `CompiledMain` is only usable at visibility `pub(crate)`
    --> /Users/ember/dev/breadstuffs/circuit/src/flat_eval.rs:368:1
     |
 368 | pub(crate) struct CompiledMain {
     | ^^^^^^^^^^^^^^^^^^^^^^^^^^^^^^
     = note: `#[warn(private_interfaces)]` on by default

warning: type `CompiledTable` is more private than the item `Ir2Air::LeanTable::compiled`
    --> /Users/ember/dev/breadstuffs/circuit/src/descriptor_ir2.rs:3760:9
     |
3760 |         compiled: Arc<crate::flat_eval::CompiledTable>,
     |         ^^^^^^^^^^^^^^^^^^^^^^^^^^^^^^^^^^^^^^^^^^^^^^ field `Ir2Air::LeanTable::compiled` is reachable at visibility `pub`
     |
note: but type `CompiledTable` is only usable at visibility `pub(crate)`
    --> /Users/ember/dev/breadstuffs/circuit/src/flat_eval.rs:418:1
     |
 418 | pub(crate) struct CompiledTable {
     | ^^^^^^^^^^^^^^^^^^^^^^^^^^^^^^^

warning: method `resolve_row` is never used
   --> /Users/ember/dev/breadstuffs/circuit/src/dsl/circuit.rs:636:8
    |
635 | impl BoundaryDef {
    | ---------------- method in this implementation
636 |     fn resolve_row(&self, trace_len: usize) -> usize {
    |        ^^^^^^^^^^^
    |
    = note: `#[warn(dead_code)]` (part of `#[warn(unused)]`) on by default

warning: field `lookup_index` is never read
   --> /Users/ember/dev/breadstuffs/circuit/src/dsl/circuit.rs:673:5
    |
668 | pub struct DslCircuit {
    |            ---------- field in this struct
...
673 |     lookup_index: LookupIndex,
    |     ^^^^^^^^^^^^

warning: field `set_elements` is never read
   --> /Users/ember/dev/breadstuffs/circuit/src/non_membership.rs:140:5
    |
138 | pub struct NonMembershipProver {
    |            ------------------- field in this struct
139 |     /// The set's elements (needed for witness generation).
140 |     set_elements: Vec<BabyBear>,
    |     ^^^^^^^^^^^^
    |
    = note: `NonMembershipProver` has derived impls for the traits `Debug` and `Clone`, but these are intentionally ignored during dead code analysis

warning: constant `ROUND_STATES_OFFSET` is never used
   --> /Users/ember/dev/breadstuffs/circuit/src/plonky3_prover.rs:289:7
    |
289 | const ROUND_STATES_OFFSET: usize = 5;
    |       ^^^^^^^^^^^^^^^^^^^

warning: constant `PARENT_COL` is never used
   --> /Users/ember/dev/breadstuffs/circuit/src/plonky3_prover.rs:292:7
    |
292 | const PARENT_COL: usize = P3_TRACE_WIDTH - 1; // 245
    |       ^^^^^^^^^^

warning: function `vm_site_digest_concrete` is never used
    --> /Users/ember/dev/breadstuffs/circuit/src/lean_descriptor_air.rs:1633:15
     |
1633 | pub(crate) fn vm_site_digest_concrete(
     |               ^^^^^^^^^^^^^^^^^^^^^^^

warning: constant `CHIP_MULT_STATE16` is never used
    --> /Users/ember/dev/breadstuffs/circuit/src/descriptor_ir2.rs:3505:7
     |
3505 | const CHIP_MULT_STATE16: usize = CHIP_MULT_NARROW;
     |       ^^^^^^^^^^^^^^^^^

warning: function `hash2_state_c` is never used
    --> /Users/ember/dev/breadstuffs/circuit/src/descriptor_ir2.rs:5248:4
     |
5248 | fn hash2_state_c(a: BabyBear, b: BabyBear) -> [BabyBear; POSEIDON2_WIDTH] {
     |    ^^^^^^^^^^^^^

warning: `dregg-circuit` (lib) generated 26 warnings (run `cargo fix --lib -p dregg-circuit` to apply 11 suggestions)
    Checking vfhe-proved-operation v0.1.0 (/Users/ember/dev/zkml-research/research/vfhe_2026_09_08/proved_operation)
    Finished `dev` profile [unoptimized + debuginfo] target(s) in 29.38s
