{"phase": "teach", "updates": 154, "expiries": 0, "elapsed_seconds": 7.071057875000406}
{"phase": "teach", "updates": 308, "expiries": 0, "elapsed_seconds": 14.201947124965955}
{"phase": "teach", "updates": 462, "expiries": 0, "elapsed_seconds": 21.692769249959383}
{"phase": "teach", "updates": 616, "expiries": 0, "elapsed_seconds": 28.892873457982205}
{"phase": "teach", "updates": 770, "expiries": 154, "elapsed_seconds": 36.34374904097058}
{"phase": "teach", "updates": 924, "expiries": 308, "elapsed_seconds": 43.573202040977776}
{"phase": "teach", "updates": 1078, "expiries": 462, "elapsed_seconds": 51.71114587498596}
{"phase": "teach", "updates": 1232, "expiries": 616, "elapsed_seconds": 59.110849540971685}
{"phase": "public_query", "queries": 11, "outputs": 847, "elapsed_seconds": 78.68025641597342}
{"phase": "public_query", "queries": 22, "outputs": 1694, "elapsed_seconds": 98.41305391595233}
{"phase": "public_query", "queries": 33, "outputs": 2541, "elapsed_seconds": 117.96950270800153}
{"phase": "public_query", "queries": 44, "outputs": 3388, "elapsed_seconds": 140.7921752499533}
{"phase": "public_query", "queries": 55, "outputs": 4235, "elapsed_seconds": 163.96244629099965}
{"phase": "public_query", "queries": 66, "outputs": 5082, "elapsed_seconds": 185.42794037499698}
{"phase": "public_query", "queries": 77, "outputs": 5929, "elapsed_seconds": 205.92502366600093}
{"phase": "private_compare", "queries": 11, "integer_matches": 847, "elapsed_seconds": 220.6555880829692}
{"phase": "private_compare", "queries": 22, "integer_matches": 1694, "elapsed_seconds": 239.25844758294988}
{"phase": "private_compare", "queries": 33, "integer_matches": 2541, "elapsed_seconds": 260.9996987079503}
{"phase": "private_compare", "queries": 44, "integer_matches": 3388, "elapsed_seconds": 278.0332558329683}
{"phase": "private_compare", "queries": 55, "integer_matches": 4235, "elapsed_seconds": 294.584701957996}
{"phase": "private_compare", "queries": 66, "integer_matches": 5082, "elapsed_seconds": 312.60681791597744}
{"phase": "private_compare", "queries": 77, "integer_matches": 5929, "elapsed_seconds": 329.68872870795894}
{
  "ok": true,
  "classes": 77,
  "learns": 1232,
  "expiries": 616,
  "queries": 77,
  "exact_integer_matches": 5929,
  "prediction_matches": 77,
  "integration_slice_correct": 56,
  "integration_slice_total": 77,
  "new_utility_estimate": false,
  "complete_test_utility": {
    "correct": 2253,
    "total": 3080,
    "execution": "plaintext unchanged algorithm, full77/result.json"
  },
  "new_model_forwards": 0,
  "public_elapsed_seconds": 205.92517529096222,
  "total_elapsed_seconds": 329.77696933294646,
  "commands": {
    "encode-query": {
      "calls": 77,
      "seconds": 0.9141520480043255,
      "mean_seconds": 0.011872104519536695
    },
    "host-infer": {
      "calls": 5929,
      "seconds": 142.21336226491258,
      "mean_seconds": 0.023986062112483147
    },
    "host-learn": {
      "calls": 1232,
      "seconds": 29.364117497752886,
      "mean_seconds": 0.023834510955968252
    },
    "issuer-encrypt": {
      "calls": 1232,
      "seconds": 26.836197498021647,
      "mean_seconds": 0.021782627839303285
    },
    "keygen": {
      "calls": 1,
      "seconds": 0.034209375036880374,
      "mean_seconds": 0.034209375036880374
    },
    "reader-decrypt": {
      "calls": 5929,
      "seconds": 105.15227584552485,
      "mean_seconds": 0.017735246389867575
    }
  },
  "public_before_private": true,
  "full_reader_key": true,
  "public_class_routes_counts_queries": true
}
