{
  "prepared": true,
  "freeze_sha256": "4567ed61e2b1b011be4d0aecef1f6e97a14a3e6b78680323453b9c77a1a6a81f",
  "teacher_ids": [
    0,
    16,
    32,
    48,
    64,
    80,
    96,
    112
  ],
  "input_tokens": [
    293,
    294,
    293,
    294,
    290,
    291,
    292,
    293
  ],
  "runtime": {
    "python": "3.14.7 (main, Aug  5 2026, 10:29:49) [Clang 21.0.0 (clang-2100.1.1.101)]",
    "executable": "/Users/ember/dev/zkml-research/research/learn_infer_only/experiments/adaptation_utility/.venv/bin/python",
    "torch": "2.10.0",
    "transformers": "4.57.3",
    "platform": "macOS-26.6.1-arm64-arm-64bit-Mach-O",
    "mps_built": true,
    "mps_available": true,
    "cuda_available": false
  },
  "instruction_token_count": 222,
  "full_weight_bytes": 6150235008
}
