/Users/ember/dev/zkml-research/research/vfhe_2026_09_08/full_bfv_tensor_arithmetic/results/AxiomDiscovery.lean:6:0: error: Unknown option `pp.width`
'Minidregg.Compiler.BfvTensorMul.canonicalSystem_sound' depends on axioms: [propext, Classical.choice, Quot.sound]
'Minidregg.Compiler.BfvTensorMul.sumTerm_eval' depends on axioms: [propext, Classical.choice, Quot.sound]
'Minidregg.Compiler.BfvTensorMul.convolutionTerm_eval' depends on axioms: [propext, Classical.choice, Quot.sound]
'Minidregg.Compiler.BfvTensorMul.convolution_denote' depends on axioms: [propext, Classical.choice, Quot.sound]
'Minidregg.Compiler.BfvTensorMul.padded_denote' depends on axioms: [propext, Classical.choice, Quot.sound]
'Minidregg.Compiler.BfvTensorMul.convolution_bound' depends on axioms: [propext, Classical.choice, Quot.sound]
'Minidregg.Compiler.BfvTensorMul.column_correct' depends on axioms: [propext, Classical.choice, Quot.sound]
'Minidregg.Compiler.BfvTensorMul.radix_balance' depends on axioms: [propext, Classical.choice, Quot.sound]
'Minidregg.Compiler.BfvTensorMul.denote_add' depends on axioms: [propext, Quot.sound]
'Minidregg.Compiler.BfvTensorMul.denote_scale' depends on axioms: [propext, Quot.sound]
'Minidregg.Compiler.BfvTensorMul.convolution_cast' depends on axioms: [propext, Classical.choice, Quot.sound]
'Minidregg.Compiler.BfvTensorMul.padded_cast' depends on axioms: [propext, Classical.choice, Quot.sound]
'Minidregg.Compiler.BfvTensorMul.rowSystem_sound' depends on axioms: [propext, Classical.choice, Quot.sound]
'Minidregg.Compiler.BfvTensorCore.factor_bound' depends on axioms: [propext, Classical.choice, Quot.sound]
'Minidregg.Compiler.BfvTensorCore.sound' depends on axioms: [propext, Classical.choice, Quot.sound]
'Minidregg.Compiler.BfvTensorRow.prime_capacity' depends on axioms: [propext, Classical.choice, Quot.sound]
'Minidregg.Compiler.BfvTensorRow.wholeRowSound' depends on axioms: [propext, Classical.choice, Quot.sound]
'Minidregg.Compiler.BfvTensorRow.emittedSystem_sound' depends on axioms: [propext, Classical.choice, Quot.sound]
'Minidregg.Compiler.BfvTensorCore.Exhibits.canonical_accepts' depends on axioms: [propext, Classical.choice, Quot.sound]
'Minidregg.Compiler.BfvTensorCore.Exhibits.weighted_accepts' depends on axioms: [propext, Classical.choice, Quot.sound]
'Minidregg.Compiler.BfvTensorCore.Exhibits.nonzero_premise' depends on axioms: [propext, Classical.choice, Quot.sound]
'Minidregg.Compiler.BfvTensorCore.Exhibits.premise_inhabited' depends on axioms: [propext, Classical.choice, Quot.sound]
'Minidregg.Compiler.BfvTensorCore.Exhibits.wrong_canonical' depends on axioms: [propext, Classical.choice, Quot.sound]
'Minidregg.Compiler.BfvTensorCore.Exhibits.wrong_values' depends on axioms: [propext, Classical.choice, Quot.sound]
'Minidregg.Compiler.BfvTensorCore.Exhibits.missing_cross_factor_refused' depends on axioms: [propext,
 Classical.choice,
 Quot.sound]
'Minidregg.Compiler.BfvTensorCore.Exhibits.wrong_refused' depends on axioms: [propext, Classical.choice, Quot.sound]
'Minidregg.Compiler.BfvTensorCore.Exhibits.capacity_inhabited' depends on axioms: [propext]
'Minidregg.Compiler.BfvTensorCore.Exhibits.quotient_capacity' depends on axioms: [propext, Classical.choice, Quot.sound]
'Minidregg.Compiler.BfvTensorCore.Exhibits.field_column_capacity' does not depend on any axioms
