Compiler/BfvTeachingExhibits.lean:60:2: error: unsolved goals
case refine_5.«0».«0»
left✝ : (fun i => i) ⟨0, ⋯⟩ ∈ List.finRange 12
ht :
  column 37 (macWires good ((fun i => i) ⟨0, ⋯⟩)) ((fun i => i) ⟨0, ⋯⟩) ∈
    List.map (column 37 (macWires good ((fun i => i) ⟨0, ⋯⟩))) (List.finRange 12)
⊢ 16810173 = 4 + ↑(Bignum.digitsLE 512 6 37)[0] * 5 + 16777216 + 32768

case refine_5.«0».«1»
left✝ : (fun i => i) ⟨1, ⋯⟩ ∈ List.finRange 12
ht :
  column 37 (macWires good ((fun i => i) ⟨0, ⋯⟩)) ((fun i => i) ⟨1, ⋯⟩) ∈
    List.map (column 37 (macWires good ((fun i => i) ⟨0, ⋯⟩))) (List.finRange 12)
⊢ 16809984 = ↑(Bignum.digitsLE 512 6 37)[1] * 5 + 16777216 + 32768

case refine_5.«0».«2»
left✝ : (fun i => i) ⟨2, ⋯⟩ ∈ List.finRange 12
ht :
  column 37 (macWires good ((fun i => i) ⟨0, ⋯⟩)) ((fun i => i) ⟨2, ⋯⟩) ∈
    List.map (column 37 (macWires good ((fun i => i) ⟨0, ⋯⟩))) (List.finRange 12)
⊢ 16809984 = ↑(Bignum.digitsLE 512 6 37)[2] * 5 + 16777216 + 32768

case refine_5.«0».«3»
left✝ : (fun i => i) ⟨3, ⋯⟩ ∈ List.finRange 12
ht :
  column 37 (macWires good ((fun i => i) ⟨0, ⋯⟩)) ((fun i => i) ⟨3, ⋯⟩) ∈
    List.map (column 37 (macWires good ((fun i => i) ⟨0, ⋯⟩))) (List.finRange 12)
⊢ 16809984 = ↑(Bignum.digitsLE 512 6 37)[3] * 5 + 16777216 + 32768

case refine_5.«0».«4»
left✝ : (fun i => i) ⟨4, ⋯⟩ ∈ List.finRange 12
ht :
  column 37 (macWires good ((fun i => i) ⟨0, ⋯⟩)) ((fun i => i) ⟨4, ⋯⟩) ∈
    List.map (column 37 (macWires good ((fun i => i) ⟨0, ⋯⟩))) (List.finRange 12)
⊢ 16809984 = ↑(Bignum.digitsLE 512 6 37)[4] * 5 + 16777216 + 32768

case refine_5.«0».«5»
left✝ : (fun i => i) ⟨5, ⋯⟩ ∈ List.finRange 12
ht :
  column 37 (macWires good ((fun i => i) ⟨0, ⋯⟩)) ((fun i => i) ⟨5, ⋯⟩) ∈
    List.map (column 37 (macWires good ((fun i => i) ⟨0, ⋯⟩))) (List.finRange 12)
⊢ 16809984 = ↑(Bignum.digitsLE 512 6 37)[5] * 5 + 16777216 + 32768

case refine_5.«1».«0»
left✝ : (fun i => i) ⟨0, ⋯⟩ ∈ List.finRange 12
ht :
  column 37 (macWires good ((fun i => i) ⟨1, ⋯⟩)) ((fun i => i) ⟨0, ⋯⟩) ∈
    List.map (column 37 (macWires good ((fun i => i) ⟨1, ⋯⟩))) (List.finRange 12)
⊢ 16810247 = 4 + ↑(Bignum.digitsLE 512 6 37)[0] * 7 + 16777216 + 32768

case refine_5.«1».«1»
left✝ : (fun i => i) ⟨1, ⋯⟩ ∈ List.finRange 12
ht :
  column 37 (macWires good ((fun i => i) ⟨1, ⋯⟩)) ((fun i => i) ⟨1, ⋯⟩) ∈
    List.map (column 37 (macWires good ((fun i => i) ⟨1, ⋯⟩))) (List.finRange 12)
⊢ 16809984 = ↑(Bignum.digitsLE 512 6 37)[1] * 7 + 16777216 + 32768

case refine_5.«1».«2»
left✝ : (fun i => i) ⟨2, ⋯⟩ ∈ List.finRange 12
ht :
  column 37 (macWires good ((fun i => i) ⟨1, ⋯⟩)) ((fun i => i) ⟨2, ⋯⟩) ∈
    List.map (column 37 (macWires good ((fun i => i) ⟨1, ⋯⟩))) (List.finRange 12)
⊢ 16809984 = ↑(Bignum.digitsLE 512 6 37)[2] * 7 + 16777216 + 32768

case refine_5.«1».«3»
left✝ : (fun i => i) ⟨3, ⋯⟩ ∈ List.finRange 12
ht :
  column 37 (macWires good ((fun i => i) ⟨1, ⋯⟩)) ((fun i => i) ⟨3, ⋯⟩) ∈
    List.map (column 37 (macWires good ((fun i => i) ⟨1, ⋯⟩))) (List.finRange 12)
⊢ 16809984 = ↑(Bignum.digitsLE 512 6 37)[3] * 7 + 16777216 + 32768

case refine_5.«1».«4»
left✝ : (fun i => i) ⟨4, ⋯⟩ ∈ List.finRange 12
ht :
  column 37 (macWires good ((fun i => i) ⟨1, ⋯⟩)) ((fun i => i) ⟨4, ⋯⟩) ∈
    List.map (column 37 (macWires good ((fun i => i) ⟨1, ⋯⟩))) (List.finRange 12)
⊢ 16809984 = ↑(Bignum.digitsLE 512 6 37)[4] * 7 + 16777216 + 32768

case refine_5.«1».«5»
left✝ : (fun i => i) ⟨5, ⋯⟩ ∈ List.finRange 12
ht :
  column 37 (macWires good ((fun i => i) ⟨1, ⋯⟩)) ((fun i => i) ⟨5, ⋯⟩) ∈
    List.map (column 37 (macWires good ((fun i => i) ⟨1, ⋯⟩))) (List.finRange 12)
⊢ 16809984 = ↑(Bignum.digitsLE 512 6 37)[5] * 7 + 16777216 + 32768
