'Minidregg.Selvage.fullUDSampling_round_conditions' depends on axioms: [propext, Classical.choice, Quot.sound]
'Minidregg.Selvage.fullUDSampling_premise_inhabited' depends on axioms: [propext, Classical.choice, Quot.sound]
'Minidregg.Selvage.fullUDSampling_satisfiable' depends on axioms: [propext, Classical.choice, Quot.sound]
'Minidregg.Selvage.fullUDSampling_teeth' depends on axioms: [propext, Classical.choice, Quot.sound]
'Minidregg.Selvage.fullUDSampling_degree_halves' depends on axioms: [propext, Quot.sound]
'Minidregg.Selvage.fullUDSampling_degree_positive' depends on axioms: [propext]
'Minidregg.Selvage.fullUDSampling_rate' depends on axioms: [propext, Classical.choice, Quot.sound]
'Minidregg.Selvage.fullUDSampling_tail_gap_sum' depends on axioms: [propext, Classical.choice, Quot.sound]
'Minidregg.Selvage.fullUDSampling_uniform_gap_bounds' depends on axioms: [propext, Classical.choice, Quot.sound]
'Minidregg.Selvage.fullUDSampling_3603_suffices' depends on axioms: [propext, Classical.choice, Quot.sound]
'Minidregg.Selvage.fullUDSampling_3602_fails' depends on axioms: [propext, Classical.choice, Quot.sound]
'Minidregg.Selvage.fullUDSampling_old_4099_suffices' depends on axioms: [propext, Classical.choice, Quot.sound]
'Minidregg.Selvage.fullUDSampling_old_limit_4098_fails' depends on axioms: [propext, Classical.choice, Quot.sound]
'Minidregg.Selvage.fullUDSampling_budget_mono_queries' depends on axioms: [propext, Classical.choice, Quot.sound]
'Minidregg.Selvage.fullUDSampling_budget_mono_gap' depends on axioms: [propext, Classical.choice, Quot.sound]
'Minidregg.Selvage.fullUDSampling_3603_minimum' depends on axioms: [propext, Classical.choice, Quot.sound]
'Minidregg.Selvage.fullUDSampling_old_minimum_lower_bound' depends on axioms: [propext, Classical.choice, Quot.sound]
'Minidregg.Selvage.fullUDSampling_numerical_premise_inhabited' depends on axioms: [propext,
 Classical.choice,
 Quot.sound]
'Minidregg.Selvage.fullUDSampling_old_schedule_inhabited' depends on axioms: [propext, Classical.choice, Quot.sound]
'Minidregg.Selvage.fullUDSampling_transitions' depends on axioms: [propext, Classical.choice, Quot.sound]
'Minidregg.Selvage.fullUDSampling_wholeWord_sound' depends on axioms: [propext, Classical.choice, Quot.sound]
'Minidregg.Selvage.fullUDSampling_coherent_sound' depends on axioms: [propext, Classical.choice, Quot.sound]
'Minidregg.Selvage.fullUDSampling_new_minimum_lower_bound' depends on axioms: [propext, Classical.choice, Quot.sound]
'Minidregg.Selvage.fullUDSampling_challenge_blocks100' depends on axioms: [propext, Classical.choice, Quot.sound]
'Minidregg.Selvage.fullUDSampling_babyBear_55' depends on axioms: [propext, Classical.choice, Quot.sound]
