'Minidregg.Selvage.ArityEight.Witnesses.Logged.no_bad' depends on axioms: [propext, Classical.choice, Quot.sound]
'Minidregg.Selvage.ArityEight.Witnesses.Logged.completeLog_contains' depends on axioms: [propext,
 Classical.choice,
 Quot.sound]
'Minidregg.Selvage.ArityEight.Witnesses.Logged.extracted_source' depends on axioms: [propext,
 Classical.choice,
 Quot.sound]
'Minidregg.Selvage.ArityEight.Witnesses.Logged.row_logged' depends on axioms: [propext, Classical.choice, Quot.sound]
'Minidregg.Selvage.ArityEight.Witnesses.Logged.row_zero_verified' depends on axioms: [propext,
 Classical.choice,
 Quot.sound]
'Minidregg.Selvage.ArityEight.Witnesses.Logged.supplied_premises_inhabited' depends on axioms: [propext,
 Classical.choice,
 Quot.sound]
'Minidregg.Selvage.ArityEight.Witnesses.Logged.row_zero_check' depends on axioms: [propext,
 Classical.choice,
 Quot.sound]
'Minidregg.Selvage.ArityEight.Witnesses.Logged.row_one_check' depends on axioms: [propext, Classical.choice, Quot.sound]
'Minidregg.Selvage.ArityEight.Witnesses.Logged.extracted_next' depends on axioms: [propext,
 Classical.choice,
 Quot.sound]
'Minidregg.Selvage.ArityEight.Witnesses.Logged.supplied_event_accepts' depends on axioms: [propext,
 Classical.choice,
 Quot.sound]
'Minidregg.Selvage.ArityEight.Witnesses.Logged.supplied_bound_fires' depends on axioms: [propext,
 Classical.choice,
 Quot.sound]
