Selvage/ArityEightWitnesses.lean:58:62: error: unsolved goals
β : F
⊢ ((3433683820292512484657849089282 / 2 + β * (-3433683820292512484657849089280 / 2) +
                (6362685441135942358474828762540387251079068162 / 2 +
                  β * (-6362685441135942358474828762536681210701364480 / 162))) /
              2 +
            β ^ 2 *
              ((3433683820292512484657849089282 / 2 + β * (-3433683820292512484657849089280 / 2) -
                  (6362685441135942358474828762540387251079068162 / 2 +
                    β * (-6362685441135942358474828762536681210701364480 / 162))) /
                2) +
          ((147808829414345923316083210206426344322 / 2 + β * (-147808829414345923316083210206340250880 / 18) +
                (273892744995340833777347939263851301229157596109596802 / 2 +
                  β * (-273892744995340833777347939263691768343003851089870080 / 1458))) /
              2 +
            β ^ 2 *
              ((147808829414345923316083210206426344322 / 2 + β * (-147808829414345923316083210206340250880 / 18) -
                  (273892744995340833777347939263851301229157596109596802 / 2 +
                    β * (-273892744995340833777347939263691768343003851089870080 / 1458))) /
                162))) /
        2 +
      β ^ 4 *
        (((3433683820292512484657849089282 / 2 + β * (-3433683820292512484657849089280 / 2) +
                  (6362685441135942358474828762540387251079068162 / 2 +
                    β * (-6362685441135942358474828762536681210701364480 / 162))) /
                2 +
              β ^ 2 *
                ((3433683820292512484657849089282 / 2 + β * (-3433683820292512484657849089280 / 2) -
                    (6362685441135942358474828762540387251079068162 / 2 +
                      β * (-6362685441135942358474828762536681210701364480 / 162))) /
                  2) -
            ((147808829414345923316083210206426344322 / 2 + β * (-147808829414345923316083210206340250880 / 18) +
                  (273892744995340833777347939263851301229157596109596802 / 2 +
                    β * (-273892744995340833777347939263691768343003851089870080 / 1458))) /
                2 +
              β ^ 2 *
                ((147808829414345923316083210206426344322 / 2 + β * (-147808829414345923316083210206340250880 / 18) -
                    (273892744995340833777347939263851301229157596109596802 / 2 +
                      β * (-273892744995340833777347939263691768343003851089870080 / 1458))) /
                  162))) /
          2) =
    1
Selvage/ArityEightWitnesses.lean:64:62: error: unsolved goals
β : F
⊢ ((22528399544939174411840147874779202 / 2 + β * (-22528399544939174411840147874766080 / 6) +
                (41745579179292917813953351511027480754329766210882 / 2 +
                  β * (-41745579179292917813953351511003165423411652353280 / 486))) /
              2 +
            β ^ 2 *
              ((22528399544939174411840147874779202 / 2 + β * (-22528399544939174411840147874766080 / 6) -
                  (41745579179292917813953351511027480754329766210882 / 2 +
                    β * (-41745579179292917813953351511003165423411652353280 / 486))) /
                18) +
          ((969773729787523602876821942164363245096642 / 2 + β * (-969773729787523602876821942163798386023680 / 54) +
                (1797010299914431210413179829510128387364502988075064617922 / 2 +
                  β * (-1797010299914431210413179829509081692098448267000637594880 / 4374))) /
              2 +
            β ^ 2 *
              ((969773729787523602876821942164363245096642 / 2 +
                    β * (-969773729787523602876821942163798386023680 / 54) -
                  (1797010299914431210413179829510128387364502988075064617922 / 2 +
                    β * (-1797010299914431210413179829509081692098448267000637594880 / 4374))) /
                1458))) /
        2 +
      β ^ 4 *
        (((22528399544939174411840147874779202 / 2 + β * (-22528399544939174411840147874766080 / 6) +
                  (41745579179292917813953351511027480754329766210882 / 2 +
                    β * (-41745579179292917813953351511003165423411652353280 / 486))) /
                2 +
              β ^ 2 *
                ((22528399544939174411840147874779202 / 2 + β * (-22528399544939174411840147874766080 / 6) -
                    (41745579179292917813953351511027480754329766210882 / 2 +
                      β * (-41745579179292917813953351511003165423411652353280 / 486))) /
                  18) -
            ((969773729787523602876821942164363245096642 / 2 + β * (-969773729787523602876821942163798386023680 / 54) +
                  (1797010299914431210413179829510128387364502988075064617922 / 2 +
                    β * (-1797010299914431210413179829509081692098448267000637594880 / 4374))) /
                2 +
              β ^ 2 *
                ((969773729787523602876821942164363245096642 / 2 +
                      β * (-969773729787523602876821942163798386023680 / 54) -
                    (1797010299914431210413179829510128387364502988075064617922 / 2 +
                      β * (-1797010299914431210413179829509081692098448267000637594880 / 4374))) /
                  1458))) /
          162) =
    -1
Selvage/ArityEightWitnesses.lean:82:66: error: unsolved goals
β : F
h : Crossing (reedSolomonCode (dom 3) 1) (1 / 10) (fold8 D₀ D₁ D₂ farWord) (fun x x_1 => 1) 1 (β, fun x => 1)
heq : 1 = -1
⊢ False
