Selvage/ArityEightWitnesses.lean:59:62: error: unsolved goals
β : F
⊢ ((2 / 2 + β * (0 / 2) + (2 / 2 + β * (0 / 9))) / 2 +
            β ^ 2 * ((2 / 2 + β * (0 / 2) + 16 * (2 / 2 + β * (0 / 9))) / 2) +
          ((2 / 2 + (2 / 2 + β * (0 / 13))) / 2 + β ^ 2 * ((2 / 2 + 16 * (2 / 2 + β * (0 / 13))) / 9))) /
        2 +
      β ^ 4 *
        (((2 / 2 + β * (0 / 2) + (2 / 2 + β * (0 / 9))) / 2 +
              β ^ 2 * ((2 / 2 + β * (0 / 2) + 16 * (2 / 2 + β * (0 / 9))) / 2) +
            16 * ((2 / 2 + (2 / 2 + β * (0 / 13))) / 2 + β ^ 2 * ((2 / 2 + 16 * (2 / 2 + β * (0 / 13))) / 9))) /
          2) =
    1
Selvage/ArityEightWitnesses.lean:65:62: error: unsolved goals
β : F
⊢ ((15 / 2 + β * (0 / 6) + (15 / 2 + β * (0 / 10))) / 2 +
            β ^ 2 * ((15 / 2 + β * (0 / 6) + 16 * (15 / 2 + β * (0 / 10))) / 1) +
          ((15 / 2 + β * (0 / 3) + (15 / 2 + β * (0 / 5))) / 2 +
            β ^ 2 * ((15 / 2 + β * (0 / 3) + 16 * (15 / 2 + β * (0 / 5))) / 13))) /
        2 +
      β ^ 4 *
        (((15 / 2 + β * (0 / 6) + (15 / 2 + β * (0 / 10))) / 2 +
              β ^ 2 * ((15 / 2 + β * (0 / 6) + 16 * (15 / 2 + β * (0 / 10))) / 1) +
            16 *
              ((15 / 2 + β * (0 / 3) + (15 / 2 + β * (0 / 5))) / 2 +
                β ^ 2 * ((15 / 2 + β * (0 / 3) + 16 * (15 / 2 + β * (0 / 5))) / 13))) /
          9) =
    16
