Selvage/ArityEightWitnesses.lean:15:2: error: unsolved goals
case h1
⊢ 43046721 = 1
Selvage/ArityEightWitnesses.lean:16:2: error: unsolved goals
case h.«1»
l : ℕ
hl : 0 < 1
hlt : 1 < 2 ^ 4
⊢ ¬3 = 1

case h.«2»
l : ℕ
hl : 0 < 2
hlt : 2 < 2 ^ 4
⊢ ¬9 = 1

case h.«3»
l : ℕ
hl : 0 < 3
hlt : 3 < 2 ^ 4
⊢ ¬27 = 1

case h.«4»
l : ℕ
hl : 0 < 4
hlt : 4 < 2 ^ 4
⊢ ¬81 = 1

case h.«5»
l : ℕ
hl : 0 < 5
hlt : 5 < 2 ^ 4
⊢ ¬243 = 1

case h.«6»
l : ℕ
hl : 0 < 6
hlt : 6 < 2 ^ 4
⊢ ¬729 = 1

case h.«7»
l : ℕ
hl : 0 < 7
hlt : 7 < 2 ^ 4
⊢ ¬2187 = 1

case h.«8»
l : ℕ
hl : 0 < 8
hlt : 8 < 2 ^ 4
⊢ ¬6561 = 1

case h.«9»
l : ℕ
hl : 0 < 9
hlt : 9 < 2 ^ 4
⊢ ¬19683 = 1

case h.«10»
l : ℕ
hl : 0 < 10
hlt : 10 < 2 ^ 4
⊢ ¬59049 = 1

case h.«11»
l : ℕ
hl : 0 < 11
hlt : 11 < 2 ^ 4
⊢ ¬177147 = 1

case h.«12»
l : ℕ
hl : 0 < 12
hlt : 12 < 2 ^ 4
⊢ ¬531441 = 1

case h.«13»
l : ℕ
hl : 0 < 13
hlt : 13 < 2 ^ 4
⊢ ¬1594323 = 1

case h.«14»
l : ℕ
hl : 0 < 14
hlt : 14 < 2 ^ 4
⊢ ¬4782969 = 1

case h.«15»
l : ℕ
hl : 0 < 15
hlt : 15 < 2 ^ 4
⊢ ¬14348907 = 1
Selvage/ArityEightWitnesses.lean:19:54: error: unsolved goals
⊢ ¬2 = 0
Selvage/ArityEightWitnesses.lean:20:54: error: unsolved goals
⊢ ¬2 = 0
Selvage/ArityEightWitnesses.lean:21:54: error: unsolved goals
⊢ ¬2 = 0
Selvage/ArityEightWitnesses.lean:58:62: error: unsolved goals
β : F
⊢ ((3433683820292512484657849089282 / 2 + β * (-3433683820292512484657849089280 / 2) +
                (6362685441135942358474828762540387251079068162 / 2 +
                  β * (-6362685441135942358474828762536681210701364480 / 162))) /
              2 +
            β ^ 2 *
              ((3433683820292512484657849089282 / 2 + β * (-3433683820292512484657849089280 / 2) -
                  (6362685441135942358474828762540387251079068162 / 2 +
                    β * (-6362685441135942358474828762536681210701364480 / 162))) /
                2) +
          ((147808829414345923316083210206426344322 / 2 + β * (-147808829414345923316083210206340250880 / 18) +
                (273892744995340833777347939263851301229157596109596802 / 2 +
                  β * (-273892744995340833777347939263691768343003851089870080 / 1458))) /
              2 +
            β ^ 2 *
              ((147808829414345923316083210206426344322 / 2 + β * (-147808829414345923316083210206340250880 / 18) -
                  (273892744995340833777347939263851301229157596109596802 / 2 +
                    β * (-273892744995340833777347939263691768343003851089870080 / 1458))) /
                162))) /
        2 +
      β ^ 4 *
        (((3433683820292512484657849089282 / 2 + β * (-3433683820292512484657849089280 / 2) +
                  (6362685441135942358474828762540387251079068162 / 2 +
                    β * (-6362685441135942358474828762536681210701364480 / 162))) /
                2 +
              β ^ 2 *
                ((3433683820292512484657849089282 / 2 + β * (-3433683820292512484657849089280 / 2) -
                    (6362685441135942358474828762540387251079068162 / 2 +
                      β * (-6362685441135942358474828762536681210701364480 / 162))) /
                  2) -
            ((147808829414345923316083210206426344322 / 2 + β * (-147808829414345923316083210206340250880 / 18) +
                  (273892744995340833777347939263851301229157596109596802 / 2 +
                    β * (-273892744995340833777347939263691768343003851089870080 / 1458))) /
                2 +
              β ^ 2 *
                ((147808829414345923316083210206426344322 / 2 + β * (-147808829414345923316083210206340250880 / 18) -
                    (273892744995340833777347939263851301229157596109596802 / 2 +
                      β * (-273892744995340833777347939263691768343003851089870080 / 1458))) /
                  162))) /
          2) =
    1
Selvage/ArityEightWitnesses.lean:64:62: error: unsolved goals
β : F
⊢ ((22528399544939174411840147874779202 / 2 + β * (-22528399544939174411840147874766080 / 6) +
                (41745579179292917813953351511027480754329766210882 / 2 +
                  β * (-41745579179292917813953351511003165423411652353280 / 486))) /
              2 +
            β ^ 2 *
              ((22528399544939174411840147874779202 / 2 + β * (-22528399544939174411840147874766080 / 6) -
                  (41745579179292917813953351511027480754329766210882 / 2 +
                    β * (-41745579179292917813953351511003165423411652353280 / 486))) /
                18) +
          ((969773729787523602876821942164363245096642 / 2 + β * (-969773729787523602876821942163798386023680 / 54) +
                (1797010299914431210413179829510128387364502988075064617922 / 2 +
                  β * (-1797010299914431210413179829509081692098448267000637594880 / 4374))) /
              2 +
            β ^ 2 *
              ((969773729787523602876821942164363245096642 / 2 +
                    β * (-969773729787523602876821942163798386023680 / 54) -
                  (1797010299914431210413179829510128387364502988075064617922 / 2 +
                    β * (-1797010299914431210413179829509081692098448267000637594880 / 4374))) /
                1458))) /
        2 +
      β ^ 4 *
        (((22528399544939174411840147874779202 / 2 + β * (-22528399544939174411840147874766080 / 6) +
                  (41745579179292917813953351511027480754329766210882 / 2 +
                    β * (-41745579179292917813953351511003165423411652353280 / 486))) /
                2 +
              β ^ 2 *
                ((22528399544939174411840147874779202 / 2 + β * (-22528399544939174411840147874766080 / 6) -
                    (41745579179292917813953351511027480754329766210882 / 2 +
                      β * (-41745579179292917813953351511003165423411652353280 / 486))) /
                  18) -
            ((969773729787523602876821942164363245096642 / 2 + β * (-969773729787523602876821942163798386023680 / 54) +
                  (1797010299914431210413179829510128387364502988075064617922 / 2 +
                    β * (-1797010299914431210413179829509081692098448267000637594880 / 4374))) /
                2 +
              β ^ 2 *
                ((969773729787523602876821942164363245096642 / 2 +
                      β * (-969773729787523602876821942163798386023680 / 54) -
                    (1797010299914431210413179829510128387364502988075064617922 / 2 +
                      β * (-1797010299914431210413179829509081692098448267000637594880 / 4374))) /
                  1458))) /
          162) =
    -1
Selvage/ArityEightWitnesses.lean:82:66: error: unsolved goals
β : F
h : Crossing (reedSolomonCode (dom 3) 1) (1 / 10) (fold8 D₀ D₁ D₂ farWord) (fun x x_1 => 1) 1 (β, fun x => 1)
heq : 1 = -1
⊢ False
Selvage/ArityEightWitnesses.lean:98:2: error: Type mismatch: After simplification, term
  h
 has type
  uniformProb (F × (Fin q → Fin 2))
      (Crossing (reedSolomonCode (PowerTwoRootFolding.domain root_primitive 3) 1) 10⁻¹ (fold8 D₀ D₁ D₂ farWord)
        (fun x x_1 => 1) q) ≤
    14 / 17 + (1 - 10⁻¹) ^ q
but is expected to have type
  uniformProb (F × (Fin q → Fin 2))
      (Crossing (reedSolomonCode (dom 3) 1) 10⁻¹ (fold8 D₀ D₁ D₂ farWord) (fun x x_1 => 1) q) ≤
    14 / 17 + (9 / 10) ^ q
