Selvage/ArityEightWitnesses.lean:66:6: warning: 'norm_num' tactic does nothing

Note: This linter can be disabled with `set_option linter.unusedTactic false`
Selvage/ArityEightWitnesses.lean:67:6: warning: 'reduce_mod_char' tactic does nothing

Note: This linter can be disabled with `set_option linter.unusedTactic false`
Selvage/ArityEightWitnesses.lean:66:6: warning: this tactic is never executed

Note: This linter can be disabled with `set_option linter.unreachableTactic false`
Selvage/ArityEightWitnesses.lean:67:6: warning: this tactic is never executed

Note: This linter can be disabled with `set_option linter.unreachableTactic false`
Selvage/ArityEightWitnesses.lean:63:2: warning: Used `tac1 <;> tac2` where `(tac1; tac2)` would suffice

Note: This linter can be disabled with `set_option linter.unnecessarySeqFocus false`
Selvage/ArityEightWitnesses.lean:64:2: warning: Used `tac1 <;> tac2` where `(tac1; tac2)` would suffice

Note: This linter can be disabled with `set_option linter.unnecessarySeqFocus false`
Selvage/ArityEightWitnesses.lean:65:2: warning: Used `tac1 <;> tac2` where `(tac1; tac2)` would suffice

Note: This linter can be disabled with `set_option linter.unnecessarySeqFocus false`
Selvage/ArityEightWitnesses.lean:76:6: warning: 'norm_num' tactic does nothing

Note: This linter can be disabled with `set_option linter.unusedTactic false`
Selvage/ArityEightWitnesses.lean:77:6: warning: 'reduce_mod_char' tactic does nothing

Note: This linter can be disabled with `set_option linter.unusedTactic false`
Selvage/ArityEightWitnesses.lean:76:6: warning: this tactic is never executed

Note: This linter can be disabled with `set_option linter.unreachableTactic false`
Selvage/ArityEightWitnesses.lean:77:6: warning: this tactic is never executed

Note: This linter can be disabled with `set_option linter.unreachableTactic false`
Selvage/ArityEightWitnesses.lean:73:2: warning: Used `tac1 <;> tac2` where `(tac1; tac2)` would suffice

Note: This linter can be disabled with `set_option linter.unnecessarySeqFocus false`
Selvage/ArityEightWitnesses.lean:74:2: warning: Used `tac1 <;> tac2` where `(tac1; tac2)` would suffice

Note: This linter can be disabled with `set_option linter.unnecessarySeqFocus false`
Selvage/ArityEightWitnesses.lean:75:2: warning: Used `tac1 <;> tac2` where `(tac1; tac2)` would suffice

Note: This linter can be disabled with `set_option linter.unnecessarySeqFocus false`
