'Minidregg.Compiler.BfvQueryMul.sumTerm_eval' depends on axioms: [propext, Classical.choice, Quot.sound]
'Minidregg.Compiler.BfvQueryMul.convolutionTerm_eval' depends on axioms: [propext, Classical.choice, Quot.sound]
'Minidregg.Compiler.BfvQueryMul.convolution_denote' depends on axioms: [propext, Classical.choice, Quot.sound]
'Minidregg.Compiler.BfvQueryMul.padded_denote' depends on axioms: [propext, Classical.choice, Quot.sound]
'Minidregg.Compiler.BfvQueryMul.convolution_bound' depends on axioms: [propext, Classical.choice, Quot.sound]
'Minidregg.Compiler.BfvQueryMul.column_correct' depends on axioms: [propext, Classical.choice, Quot.sound]
'Minidregg.Compiler.BfvQueryMul.radix_balance' depends on axioms: [propext, Classical.choice, Quot.sound]
'Minidregg.Compiler.BfvQueryMul.denote_add' depends on axioms: [propext, Quot.sound]
'Minidregg.Compiler.BfvQueryMul.convolution_cast' depends on axioms: [propext, Classical.choice, Quot.sound]
'Minidregg.Compiler.BfvQueryMul.padded_cast' depends on axioms: [propext, Classical.choice, Quot.sound]
'Minidregg.Compiler.BfvQueryMul.rowSystem_sound' depends on axioms: [propext, Classical.choice, Quot.sound]
'Minidregg.Compiler.BfvQueryRow.prime_capacity' depends on axioms: [propext, Classical.choice, Quot.sound]
'Minidregg.Compiler.BfvQueryRow.wholeRowSound' depends on axioms: [propext, Classical.choice, Quot.sound]
'Minidregg.Compiler.BfvQueryRow.emittedSystem_sound' depends on axioms: [propext, Classical.choice, Quot.sound]
'Minidregg.Compiler.BfvQueryMul.Teeth.canonical_accepts' depends on axioms: [propext, Classical.choice, Quot.sound]
'Minidregg.Compiler.BfvQueryMul.Teeth.nonzero_premise' depends on axioms: [propext, Classical.choice, Quot.sound]
'Minidregg.Compiler.BfvQueryMul.Teeth.inhabited_core_fire' depends on axioms: [propext, Classical.choice, Quot.sound]
'Minidregg.Compiler.BfvQueryMul.Teeth.changed_output_refused' depends on axioms: [propext, Classical.choice, Quot.sound]
'Minidregg.Compiler.BfvQueryMul.Teeth.digitwise_falsifier' does not depend on any axioms
/Users/ember/dev/zkml-research/research/vfhe_2026_09_08/query_arithmetic/PinScan.lean:24:14: error(lean.unknownIdentifier): Unknown constant `Minidregg.Compiler.BfvQueryMul.Teeth.wrong_values`
/Users/ember/dev/zkml-research/research/vfhe_2026_09_08/query_arithmetic/PinScan.lean:25:14: error(lean.unknownIdentifier): Unknown constant `Minidregg.Compiler.BfvQueryMul.Teeth.wrong_canonical`
/Users/ember/dev/zkml-research/research/vfhe_2026_09_08/query_arithmetic/PinScan.lean:26:14: error(lean.unknownIdentifier): Unknown constant `Minidregg.Compiler.BfvQueryMul.Teeth.wrong_output_refused`
