     Locking 75 packages to latest compatible versions
      Adding generic-array v0.14.7 (available: v0.14.9)
      Adding num-bigint v0.4.6 (available: v0.4.8)
      Adding rand v0.9.2 (available: v0.9.5)
      Adding sha2 v0.10.9 (available: v0.11.0)
   Compiling autocfg v1.5.1
   Compiling proc-macro2 v1.0.107
   Compiling version_check v0.9.5
   Compiling quote v1.0.47
   Compiling unicode-ident v1.0.24
   Compiling libm v0.2.16
   Compiling num-traits v0.2.19
   Compiling cfg-if v1.0.4
   Compiling libc v0.2.189
   Compiling zerocopy v0.8.56
   Compiling getrandom v0.3.4
   Compiling syn v2.0.119
   Compiling generic-array v0.14.7
   Compiling serde_core v1.0.229
   Compiling ppv-lite86 v0.2.21
   Compiling rand_core v0.9.5
   Compiling num-integer v0.1.47
   Compiling bytemuck v1.25.2
   Compiling typenum v1.20.1
   Compiling num-complex v0.4.6
   Compiling rand_chacha v0.9.0
   Compiling anyhow v1.0.104
   Compiling serde v1.0.229
   Compiling rand v0.9.2
   Compiling equator-macro v0.4.2
   Compiling pulp v0.21.5
   Compiling matrixmultiply v0.3.11
   Compiling either v1.18.0
   Compiling paste v1.0.15
   Compiling num-bigint-dig v0.9.1
   Compiling reborrow v0.5.5
   Compiling itertools v0.14.0
   Compiling equator v0.4.2
   Compiling block-buffer v0.10.4
   Compiling crypto-common v0.1.7
   Compiling num-iter v0.1.46
   Compiling syn v3.0.5
   Compiling pulp v0.22.3
   Compiling smallvec v1.16.0
   Compiling thiserror v2.0.20
   Compiling once_cell v1.21.4
   Compiling rawpointer v0.2.1
   Compiling thiserror-impl v2.0.20
   Compiling digest v0.10.7
   Compiling prost-derive v0.14.4
   Compiling aligned-vec v0.6.4
   Compiling cpufeatures v0.2.17
   Compiling doc-comment v0.3.4
   Compiling zmij v1.0.23
   Compiling bytes v1.12.1
   Compiling pulp-wasm-simd-flag v0.1.1
   Compiling prost v0.14.4
   Compiling sha2 v0.10.9
   Compiling tfhe-ntt v0.6.1
   Compiling fhe-util v0.1.1
   Compiling ndarray v0.17.2
   Compiling fhe-traits v0.1.1
   Compiling num-bigint v0.4.6
   Compiling zeroize v1.9.0
   Compiling serde_json v1.0.151
   Compiling ethnum v1.5.3
   Compiling fhe-math v0.1.1
   Compiling zeroize_derive v1.5.0
   Compiling memchr v2.8.3
   Compiling itoa v1.0.18
   Compiling fhe v0.1.1 (/Users/ember/dev/breadstuffs/vendor/fhe-dregg)
   Compiling kernel-crypto v0.1.0 (/Users/ember/dev/zkml-research/research/learn_infer_only/experiments/end_to_end/nonlinear_successor_2026_09_08/crypto)
error[E0277]: can't compare `&Representation` with `Representation`
  --> src/main.rs:22:31
   |
22 | ...>Value{assert_eq!(p.representation(),Representation::PowerBasis);json!(p.coefficients().outer_iter().map(|r|r.to_vec()).collect::...
   |           ^^^^^^^^^^^^^^^^^^^^^^^^^^^^^^^^^^^^^^^^^^^^^^^^^^^^^^^^^ no implementation for `&Representation == Representation`
   |
help: the trait `PartialEq` is not implemented for `&Representation`
      but it is implemented for `Representation`
  --> /Users/ember/.cargo/registry/src/index.crates.io-1949cf8c6b5b557f/fhe-math-0.1.1/src/rq/mod.rs:28:39
   |
28 | #[derive(Default, Debug, Clone, Copy, PartialEq, Eq)]
   |                                       ^^^^^^^^^
   = help: for that trait implementation, expected `Representation`, found `&Representation`

error[E0277]: can't compare `&Representation` with `Representation`
  --> src/main.rs:34:40
   |
34 | ...n)?;assert_eq!(output.representation(),Representation::PowerBasis);if trace{scaled.push(dump_power(&output))}
   |        ^^^^^^^^^^^^^^^^^^^^^^^^^^^^^^^^^^^^^^^^^^^^^^^^^^^^^^^^^^^^^^ no implementation for `&Representation == Representation`
   |
help: the trait `PartialEq` is not implemented for `&Representation`
      but it is implemented for `Representation`
  --> /Users/ember/.cargo/registry/src/index.crates.io-1949cf8c6b5b557f/fhe-math-0.1.1/src/rq/mod.rs:28:39
   |
28 | #[derive(Default, Debug, Clone, Copy, PartialEq, Eq)]
   |                                       ^^^^^^^^^
   = help: for that trait implementation, expected `Representation`, found `&Representation`

For more information about this error, try `rustc --explain E0277`.
error: could not compile `kernel-crypto` (bin "kernel-crypto") due to 2 previous errors
