Compiler/NonlinearRnsProfiled.lean:29:64: error: unsolved goals
case «0».«0»
⊢ 1 < 512 ^ (![24, 24, 24, 24, 24, 24, 24, 24, 24, 38, 24, 38, 24, 46, 24, 29, 24, 29, 24, 29, 24, 29, 24] ⟨0, ⋯⟩ - 22)

case «0».«9»
⊢ 1 <
      512 ^
        (![24, 24, 24, 24, 24, 24, 24, 24, 24, 38, 24, 38, 24, 46, 24, 29, 24, 29, 24, 29, 24, 29, 24] ⟨0, ⋯⟩ - 22) ∧
    -1 <
      512 ^ (![24, 24, 24, 24, 24, 24, 24, 24, 24, 38, 24, 38, 24, 46, 24, 29, 24, 29, 24, 29, 24, 29, 24] ⟨0, ⋯⟩ - 22)

case «1».«1»
⊢ 1 < 512 ^ (![24, 24, 24, 24, 24, 24, 24, 24, 24, 38, 24, 38, 24, 46, 24, 29, 24, 29, 24, 29, 24, 29, 24] ⟨1, ⋯⟩ - 22)

case «1».«10»
⊢ 1 <
      512 ^
        (![24, 24, 24, 24, 24, 24, 24, 24, 24, 38, 24, 38, 24, 46, 24, 29, 24, 29, 24, 29, 24, 29, 24] ⟨1, ⋯⟩ - 22) ∧
    -1 <
      512 ^ (![24, 24, 24, 24, 24, 24, 24, 24, 24, 38, 24, 38, 24, 46, 24, 29, 24, 29, 24, 29, 24, 29, 24] ⟨1, ⋯⟩ - 22)

case «2».«2»
⊢ 1 < 512 ^ (![24, 24, 24, 24, 24, 24, 24, 24, 24, 38, 24, 38, 24, 46, 24, 29, 24, 29, 24, 29, 24, 29, 24] ⟨2, ⋯⟩ - 22)

case «2».«11»
⊢ 1 <
      512 ^
        (![24, 24, 24, 24, 24, 24, 24, 24, 24, 38, 24, 38, 24, 46, 24, 29, 24, 29, 24, 29, 24, 29, 24] ⟨2, ⋯⟩ - 22) ∧
    -1 <
      512 ^ (![24, 24, 24, 24, 24, 24, 24, 24, 24, 38, 24, 38, 24, 46, 24, 29, 24, 29, 24, 29, 24, 29, 24] ⟨2, ⋯⟩ - 22)

case «3».«3»
⊢ 1 < 512 ^ (![24, 24, 24, 24, 24, 24, 24, 24, 24, 38, 24, 38, 24, 46, 24, 29, 24, 29, 24, 29, 24, 29, 24] ⟨3, ⋯⟩ - 22)

case «3».«12»
⊢ 1 <
      512 ^
        (![24, 24, 24, 24, 24, 24, 24, 24, 24, 38, 24, 38, 24, 46, 24, 29, 24, 29, 24, 29, 24, 29, 24] ⟨3, ⋯⟩ - 22) ∧
    -1 <
      512 ^ (![24, 24, 24, 24, 24, 24, 24, 24, 24, 38, 24, 38, 24, 46, 24, 29, 24, 29, 24, 29, 24, 29, 24] ⟨3, ⋯⟩ - 22)

case «4».«4»
⊢ 1 < 512 ^ (![24, 24, 24, 24, 24, 24, 24, 24, 24, 38, 24, 38, 24, 46, 24, 29, 24, 29, 24, 29, 24, 29, 24] ⟨4, ⋯⟩ - 22)

case «4».«13»
⊢ 1 <
      512 ^
        (![24, 24, 24, 24, 24, 24, 24, 24, 24, 38, 24, 38, 24, 46, 24, 29, 24, 29, 24, 29, 24, 29, 24] ⟨4, ⋯⟩ - 22) ∧
    -1 <
      512 ^ (![24, 24, 24, 24, 24, 24, 24, 24, 24, 38, 24, 38, 24, 46, 24, 29, 24, 29, 24, 29, 24, 29, 24] ⟨4, ⋯⟩ - 22)

case «5».«5»
⊢ 1 < 512 ^ (![24, 24, 24, 24, 24, 24, 24, 24, 24, 38, 24, 38, 24, 46, 24, 29, 24, 29, 24, 29, 24, 29, 24] ⟨5, ⋯⟩ - 22)

case «5».«14»
⊢ 1 <
      512 ^
        (![24, 24, 24, 24, 24, 24, 24, 24, 24, 38, 24, 38, 24, 46, 24, 29, 24, 29, 24, 29, 24, 29, 24] ⟨5, ⋯⟩ - 22) ∧
    -1 <
      512 ^ (![24, 24, 24, 24, 24, 24, 24, 24, 24, 38, 24, 38, 24, 46, 24, 29, 24, 29, 24, 29, 24, 29, 24] ⟨5, ⋯⟩ - 22)

case «6».«6»
⊢ 1 < 512 ^ (![24, 24, 24, 24, 24, 24, 24, 24, 24, 38, 24, 38, 24, 46, 24, 29, 24, 29, 24, 29, 24, 29, 24] ⟨6, ⋯⟩ - 22)

case «6».«15»
⊢ 1 <
      512 ^
        (![24, 24, 24, 24, 24, 24, 24, 24, 24, 38, 24, 38, 24, 46, 24, 29, 24, 29, 24, 29, 24, 29, 24] ⟨6, ⋯⟩ - 22) ∧
    -1 <
      512 ^ (![24, 24, 24, 24, 24, 24, 24, 24, 24, 38, 24, 38, 24, 46, 24, 29, 24, 29, 24, 29, 24, 29, 24] ⟨6, ⋯⟩ - 22)

case «7».«7»
⊢ 1 < 512 ^ (![24, 24, 24, 24, 24, 24, 24, 24, 24, 38, 24, 38, 24, 46, 24, 29, 24, 29, 24, 29, 24, 29, 24] ⟨7, ⋯⟩ - 22)

case «7».«16»
⊢ 1 <
      512 ^
        (![24, 24, 24, 24, 24, 24, 24, 24, 24, 38, 24, 38, 24, 46, 24, 29, 24, 29, 24, 29, 24, 29, 24] ⟨7, ⋯⟩ - 22) ∧
    -1 <
      512 ^ (![24, 24, 24, 24, 24, 24, 24, 24, 24, 38, 24, 38, 24, 46, 24, 29, 24, 29, 24, 29, 24, 29, 24] ⟨7, ⋯⟩ - 22)

case «8».«8»
⊢ 1 < 512 ^ (![24, 24, 24, 24, 24, 24, 24, 24, 24, 38, 24, 38, 24, 46, 24, 29, 24, 29, 24, 29, 24, 29, 24] ⟨8, ⋯⟩ - 22)

case «8».«17»
⊢ 1 <
      512 ^
        (![24, 24, 24, 24, 24, 24, 24, 24, 24, 38, 24, 38, 24, 46, 24, 29, 24, 29, 24, 29, 24, 29, 24] ⟨8, ⋯⟩ - 22) ∧
    -1 <
      512 ^ (![24, 24, 24, 24, 24, 24, 24, 24, 24, 38, 24, 38, 24, 46, 24, 29, 24, 29, 24, 29, 24, 29, 24] ⟨8, ⋯⟩ - 22)

case «9».«0»
⊢ 12925321369336129914982345352924016080 <
      512 ^
        (![24, 24, 24, 24, 24, 24, 24, 24, 24, 38, 24, 38, 24, 46, 24, 29, 24, 29, 24, 29, 24, 29, 24] ⟨9, ⋯⟩ - 22) ∧
    0 <
      512 ^
          (![24, 24, 24, 24, 24, 24, 24, 24, 24, 38, 24, 38, 24, 46, 24, 29, 24, 29, 24, 29, 24, 29, 24] ⟨9, ⋯⟩ - 22) +
        12925321369336129914982345352924016080

case «9».«1»
⊢ 76086547415308784095349120893829794800 <
      512 ^
        (![24, 24, 24, 24, 24, 24, 24, 24, 24, 38, 24, 38, 24, 46, 24, 29, 24, 29, 24, 29, 24, 29, 24] ⟨9, ⋯⟩ - 22) ∧
    0 <
      512 ^
          (![24, 24, 24, 24, 24, 24, 24, 24, 24, 38, 24, 38, 24, 46, 24, 29, 24, 29, 24, 29, 24, 29, 24] ⟨9, ⋯⟩ - 22) +
        76086547415308784095349120893829794800

case «9».«2»
⊢ 6742159229185390787774059121723114252 <
      512 ^
        (![24, 24, 24, 24, 24, 24, 24, 24, 24, 38, 24, 38, 24, 46, 24, 29, 24, 29, 24, 29, 24, 29, 24] ⟨9, ⋯⟩ - 22) ∧
    0 <
      512 ^
          (![24, 24, 24, 24, 24, 24, 24, 24, 24, 38, 24, 38, 24, 46, 24, 29, 24, 29, 24, 29, 24, 29, 24] ⟨9, ⋯⟩ - 22) +
        6742159229185390787774059121723114252

case «9».«3»
⊢ 53446776203235030680219361326212723188 <
      512 ^
        (![24, 24, 24, 24, 24, 24, 24, 24, 24, 38, 24, 38, 24, 46, 24, 29, 24, 29, 24, 29, 24, 29, 24] ⟨9, ⋯⟩ - 22) ∧
    0 <
      512 ^
          (![24, 24, 24, 24, 24, 24, 24, 24, 24, 38, 24, 38, 24, 46, 24, 29, 24, 29, 24, 29, 24, 29, 24] ⟨9, ⋯⟩ - 22) +
        53446776203235030680219361326212723188

case «9».«4»
⊢ 46254081977095992107340699149243537098 <
      512 ^
        (![24, 24, 24, 24, 24, 24, 24, 24, 24, 38, 24, 38, 24, 46, 24, 29, 24, 29, 24, 29, 24, 29, 24] ⟨9, ⋯⟩ - 22) ∧
    0 <
      512 ^
          (![24, 24, 24, 24, 24, 24, 24, 24, 24, 38, 24, 38, 24, 46, 24, 29, 24, 29, 24, 29, 24, 29, 24] ⟨9, ⋯⟩ - 22) +
        46254081977095992107340699149243537098

case «9».«5»
⊢ 12414994213471078328713726988174714128 <
      512 ^
        (![24, 24, 24, 24, 24, 24, 24, 24, 24, 38, 24, 38, 24, 46, 24, 29, 24, 29, 24, 29, 24, 29, 24] ⟨9, ⋯⟩ - 22) ∧
    0 <
      512 ^
          (![24, 24, 24, 24, 24, 24, 24, 24, 24, 38, 24, 38, 24, 46, 24, 29, 24, 29, 24, 29, 24, 29, 24] ⟨9, ⋯⟩ - 22) +
        12414994213471078328713726988174714128

case «9».«6»
⊢ 62896344443131631307848411222482345870 <
      512 ^
        (![24, 24, 24, 24, 24, 24, 24, 24, 24, 38, 24, 38, 24, 46, 24, 29, 24, 29, 24, 29, 24, 29, 24] ⟨9, ⋯⟩ - 22) ∧
    0 <
      512 ^
          (![24, 24, 24, 24, 24, 24, 24, 24, 24, 38, 24, 38, 24, 46, 24, 29, 24, 29, 24, 29, 24, 29, 24] ⟨9, ⋯⟩ - 22) +
        62896344443131631307848411222482345870

case «9».«7»
⊢ 3071168198415169981163616344579186568 <
      512 ^
        (![24, 24, 24, 24, 24, 24, 24, 24, 24, 38, 24, 38, 24, 46, 24, 29, 24, 29, 24, 29, 24, 29, 24] ⟨9, ⋯⟩ - 22) ∧
    0 <
      512 ^
          (![24, 24, 24, 24, 24, 24, 24, 24, 24, 38, 24, 38, 24, 46, 24, 29, 24, 29, 24, 29, 24, 29, 24] ⟨9, ⋯⟩ - 22) +
        3071168198415169981163616344579186568

case «9».«8»
⊢ 66444973871759256259983267032598779472 <
      512 ^
        (![24, 24, 24, 24, 24, 24, 24, 24, 24, 38, 24, 38, 24, 46, 24, 29, 24, 29, 24, 29, 24, 29, 24] ⟨9, ⋯⟩ - 22) ∧
    0 <
      512 ^
          (![24, 24, 24, 24, 24, 24, 24, 24, 24, 38, 24, 38, 24, 46, 24, 29, 24, 29, 24, 29, 24, 29, 24] ⟨9, ⋯⟩ - 22) +
        66444973871759256259983267032598779472

case «9».«18»
⊢ -85070591730234615865843651857942052864 <
      512 ^
        (![24, 24, 24, 24, 24, 24, 24, 24, 24, 38, 24, 38, 24, 46, 24, 29, 24, 29, 24, 29, 24, 29, 24] ⟨9, ⋯⟩ - 22) ∧
    85070591730234615865843651857942052864 <
      512 ^ (![24, 24, 24, 24, 24, 24, 24, 24, 24, 38, 24, 38, 24, 46, 24, 29, 24, 29, 24, 29, 24, 29, 24] ⟨9, ⋯⟩ - 22)

case «9».«19»
⊢ -1 <
      512 ^
        (![24, 24, 24, 24, 24, 24, 24, 24, 24, 38, 24, 38, 24, 46, 24, 29, 24, 29, 24, 29, 24, 29, 24] ⟨9, ⋯⟩ - 22) ∧
    1 <
      512 ^ (![24, 24, 24, 24, 24, 24, 24, 24, 24, 38, 24, 38, 24, 46, 24, 29, 24, 29, 24, 29, 24, 29, 24] ⟨9, ⋯⟩ - 22)

case «10».«19»
⊢ 1 < 512 ^ (![24, 24, 24, 24, 24, 24, 24, 24, 24, 38, 24, 38, 24, 46, 24, 29, 24, 29, 24, 29, 24, 29, 24] ⟨10, ⋯⟩ - 22)

case «10».«20»
⊢ 1 <
      512 ^
        (![24, 24, 24, 24, 24, 24, 24, 24, 24, 38, 24, 38, 24, 46, 24, 29, 24, 29, 24, 29, 24, 29, 24] ⟨10, ⋯⟩ - 22) ∧
    -1 <
      512 ^ (![24, 24, 24, 24, 24, 24, 24, 24, 24, 38, 24, 38, 24, 46, 24, 29, 24, 29, 24, 29, 24, 29, 24] ⟨10, ⋯⟩ - 22)

case «11».«0»
⊢ -148396151034982752112874546395029690594 <
      512 ^
        (![24, 24, 24, 24, 24, 24, 24, 24, 24, 38, 24, 38, 24, 46, 24, 29, 24, 29, 24, 29, 24, 29, 24] ⟨11, ⋯⟩ - 22) ∧
    148396151034982752112874546395029690594 <
      512 ^ (![24, 24, 24, 24, 24, 24, 24, 24, 24, 38, 24, 38, 24, 46, 24, 29, 24, 29, 24, 29, 24, 29, 24] ⟨11, ⋯⟩ - 22)

case «11».«1»
⊢ 3830819177013848668531143266325370788 <
      512 ^
        (![24, 24, 24, 24, 24, 24, 24, 24, 24, 38, 24, 38, 24, 46, 24, 29, 24, 29, 24, 29, 24, 29, 24] ⟨11, ⋯⟩ - 22) ∧
    0 <
      512 ^
          (![24, 24, 24, 24, 24, 24, 24, 24, 24, 38, 24, 38, 24, 46, 24, 29, 24, 29, 24, 29, 24, 29, 24] ⟨11, ⋯⟩ - 22) +
        3830819177013848668531143266325370788

case «11».«2»
⊢ -122350032448137756227283851105353992746 <
      512 ^
        (![24, 24, 24, 24, 24, 24, 24, 24, 24, 38, 24, 38, 24, 46, 24, 29, 24, 29, 24, 29, 24, 29, 24] ⟨11, ⋯⟩ - 22) ∧
    122350032448137756227283851105353992746 <
      512 ^ (![24, 24, 24, 24, 24, 24, 24, 24, 24, 38, 24, 38, 24, 46, 24, 29, 24, 29, 24, 29, 24, 29, 24] ⟨11, ⋯⟩ - 22)

case «11».«3»
⊢ -73367002614831803791747353197709898900 <
      512 ^
        (![24, 24, 24, 24, 24, 24, 24, 24, 24, 38, 24, 38, 24, 46, 24, 29, 24, 29, 24, 29, 24, 29, 24] ⟨11, ⋯⟩ - 22) ∧
    73367002614831803791747353197709898900 <
      512 ^ (![24, 24, 24, 24, 24, 24, 24, 24, 24, 38, 24, 38, 24, 46, 24, 29, 24, 29, 24, 29, 24, 29, 24] ⟨11, ⋯⟩ - 22)

case «11».«21»
⊢ -340282366920938463463374607431768211456 <
      512 ^
        (![24, 24, 24, 24, 24, 24, 24, 24, 24, 38, 24, 38, 24, 46, 24, 29, 24, 29, 24, 29, 24, 29, 24] ⟨11, ⋯⟩ - 22) ∧
    340282366920938463463374607431768211456 <
      512 ^ (![24, 24, 24, 24, 24, 24, 24, 24, 24, 38, 24, 38, 24, 46, 24, 29, 24, 29, 24, 29, 24, 29, 24] ⟨11, ⋯⟩ - 22)

case «11».«22»
⊢ -1 <
      512 ^
        (![24, 24, 24, 24, 24, 24, 24, 24, 24, 38, 24, 38, 24, 46, 24, 29, 24, 29, 24, 29, 24, 29, 24] ⟨11, ⋯⟩ - 22) ∧
    1 <
      512 ^ (![24, 24, 24, 24, 24, 24, 24, 24, 24, 38, 24, 38, 24, 46, 24, 29, 24, 29, 24, 29, 24, 29, 24] ⟨11, ⋯⟩ - 22)

case «12».«22»
⊢ 1 < 512 ^ (![24, 24, 24, 24, 24, 24, 24, 24, 24, 38, 24, 38, 24, 46, 24, 29, 24, 29, 24, 29, 24, 29, 24] ⟨12, ⋯⟩ - 22)

case «12».«23»
⊢ 1 <
      512 ^
        (![24, 24, 24, 24, 24, 24, 24, 24, 24, 38, 24, 38, 24, 46, 24, 29, 24, 29, 24, 29, 24, 29, 24] ⟨12, ⋯⟩ - 22) ∧
    -1 <
      512 ^ (![24, 24, 24, 24, 24, 24, 24, 24, 24, 38, 24, 38, 24, 46, 24, 29, 24, 29, 24, 29, 24, 29, 24] ⟨12, ⋯⟩ - 22)

case «13».«0»
⊢ 1535097889230980652050155379269610615631018586457153232186336 <
      512 ^
        (![24, 24, 24, 24, 24, 24, 24, 24, 24, 38, 24, 38, 24, 46, 24, 29, 24, 29, 24, 29, 24, 29, 24] ⟨13, ⋯⟩ - 22) ∧
    -1535097889230980652050155379269610615631018586457153232186336 <
      512 ^ (![24, 24, 24, 24, 24, 24, 24, 24, 24, 38, 24, 38, 24, 46, 24, 29, 24, 29, 24, 29, 24, 29, 24] ⟨13, ⋯⟩ - 22)

case «13».«1»
⊢ 190912212895560237323709081460011468417886698937689408761221 <
      512 ^
        (![24, 24, 24, 24, 24, 24, 24, 24, 24, 38, 24, 38, 24, 46, 24, 29, 24, 29, 24, 29, 24, 29, 24] ⟨13, ⋯⟩ - 22) ∧
    -190912212895560237323709081460011468417886698937689408761221 <
      512 ^ (![24, 24, 24, 24, 24, 24, 24, 24, 24, 38, 24, 38, 24, 46, 24, 29, 24, 29, 24, 29, 24, 29, 24] ⟨13, ⋯⟩ - 22)

case «13».«2»
⊢ 618786041258804908447457396686492883899388767448874179277885 <
      512 ^
        (![24, 24, 24, 24, 24, 24, 24, 24, 24, 38, 24, 38, 24, 46, 24, 29, 24, 29, 24, 29, 24, 29, 24] ⟨13, ⋯⟩ - 22) ∧
    -618786041258804908447457396686492883899388767448874179277885 <
      512 ^ (![24, 24, 24, 24, 24, 24, 24, 24, 24, 38, 24, 38, 24, 46, 24, 29, 24, 29, 24, 29, 24, 29, 24] ⟨13, ⋯⟩ - 22)

case «13».«3»
⊢ 464430110441043401102762325210005366396131447824338599181938 <
      512 ^
        (![24, 24, 24, 24, 24, 24, 24, 24, 24, 38, 24, 38, 24, 46, 24, 29, 24, 29, 24, 29, 24, 29, 24] ⟨13, ⋯⟩ - 22) ∧
    -464430110441043401102762325210005366396131447824338599181938 <
      512 ^ (![24, 24, 24, 24, 24, 24, 24, 24, 24, 38, 24, 38, 24, 46, 24, 29, 24, 29, 24, 29, 24, 29, 24] ⟨13, ⋯⟩ - 22)

case «13».«4»
⊢ 1583879869042979040058862001724753309599103428087730154722882 <
      512 ^
        (![24, 24, 24, 24, 24, 24, 24, 24, 24, 38, 24, 38, 24, 46, 24, 29, 24, 29, 24, 29, 24, 29, 24] ⟨13, ⋯⟩ - 22) ∧
    -1583879869042979040058862001724753309599103428087730154722882 <
      512 ^ (![24, 24, 24, 24, 24, 24, 24, 24, 24, 38, 24, 38, 24, 46, 24, 29, 24, 29, 24, 29, 24, 29, 24] ⟨13, ⋯⟩ - 22)

case «13».«5»
⊢ 1400070462753430720352396059884863926591487685693929134614351 <
      512 ^
        (![24, 24, 24, 24, 24, 24, 24, 24, 24, 38, 24, 38, 24, 46, 24, 29, 24, 29, 24, 29, 24, 29, 24] ⟨13, ⋯⟩ - 22) ∧
    -1400070462753430720352396059884863926591487685693929134614351 <
      512 ^ (![24, 24, 24, 24, 24, 24, 24, 24, 24, 38, 24, 38, 24, 46, 24, 29, 24, 29, 24, 29, 24, 29, 24] ⟨13, ⋯⟩ - 22)

case «13».«6»
⊢ 168846812639502040874424905035226945680858012035860369649544 <
      512 ^
        (![24, 24, 24, 24, 24, 24, 24, 24, 24, 38, 24, 38, 24, 46, 24, 29, 24, 29, 24, 29, 24, 29, 24] ⟨13, ⋯⟩ - 22) ∧
    -168846812639502040874424905035226945680858012035860369649544 <
      512 ^ (![24, 24, 24, 24, 24, 24, 24, 24, 24, 38, 24, 38, 24, 46, 24, 29, 24, 29, 24, 29, 24, 29, 24] ⟨13, ⋯⟩ - 22)

case «13».«7»
⊢ 1438767033088100244728664879689866584553574833781248937459679 <
      512 ^
        (![24, 24, 24, 24, 24, 24, 24, 24, 24, 38, 24, 38, 24, 46, 24, 29, 24, 29, 24, 29, 24, 29, 24] ⟨13, ⋯⟩ - 22) ∧
    -1438767033088100244728664879689866584553574833781248937459679 <
      512 ^ (![24, 24, 24, 24, 24, 24, 24, 24, 24, 38, 24, 38, 24, 46, 24, 29, 24, 29, 24, 29, 24, 29, 24] ⟨13, ⋯⟩ - 22)

case «13».«8»
⊢ 295572421022148107387365359962275765841347054642257937431270 <
      512 ^
        (![24, 24, 24, 24, 24, 24, 24, 24, 24, 38, 24, 38, 24, 46, 24, 29, 24, 29, 24, 29, 24, 29, 24] ⟨13, ⋯⟩ - 22) ∧
    -295572421022148107387365359962275765841347054642257937431270 <
      512 ^ (![24, 24, 24, 24, 24, 24, 24, 24, 24, 38, 24, 38, 24, 46, 24, 29, 24, 29, 24, 29, 24, 29, 24] ⟨13, ⋯⟩ - 22)

case «13».«18»
⊢ -1522356203033901467723972540862214784610026447382568305388796 <
      512 ^
        (![24, 24, 24, 24, 24, 24, 24, 24, 24, 38, 24, 38, 24, 46, 24, 29, 24, 29, 24, 29, 24, 29, 24] ⟨13, ⋯⟩ - 22) ∧
    1522356203033901467723972540862214784610026447382568305388796 <
      512 ^ (![24, 24, 24, 24, 24, 24, 24, 24, 24, 38, 24, 38, 24, 46, 24, 29, 24, 29, 24, 29, 24, 29, 24] ⟨13, ⋯⟩ - 22)

case «13».«21»
⊢ 1 <
      512 ^
        (![24, 24, 24, 24, 24, 24, 24, 24, 24, 38, 24, 38, 24, 46, 24, 29, 24, 29, 24, 29, 24, 29, 24] ⟨13, ⋯⟩ - 22) ∧
    -1 <
      512 ^ (![24, 24, 24, 24, 24, 24, 24, 24, 24, 38, 24, 38, 24, 46, 24, 29, 24, 29, 24, 29, 24, 29, 24] ⟨13, ⋯⟩ - 22)

case «13».«24»
⊢ -1 <
      512 ^
        (![24, 24, 24, 24, 24, 24, 24, 24, 24, 38, 24, 38, 24, 46, 24, 29, 24, 29, 24, 29, 24, 29, 24] ⟨13, ⋯⟩ - 22) ∧
    1 <
      512 ^ (![24, 24, 24, 24, 24, 24, 24, 24, 24, 38, 24, 38, 24, 46, 24, 29, 24, 29, 24, 29, 24, 29, 24] ⟨13, ⋯⟩ - 22)

case «13».«26»
⊢ -1606938040236943481429907225474247728170690725378808731729921 <
      512 ^
        (![24, 24, 24, 24, 24, 24, 24, 24, 24, 38, 24, 38, 24, 46, 24, 29, 24, 29, 24, 29, 24, 29, 24] ⟨13, ⋯⟩ - 22) ∧
    1606938040236943481429907225474247728170690725378808731729921 <
      512 ^ (![24, 24, 24, 24, 24, 24, 24, 24, 24, 38, 24, 38, 24, 46, 24, 29, 24, 29, 24, 29, 24, 29, 24] ⟨13, ⋯⟩ - 22)

case «14».«24»
⊢ 1 < 512 ^ (![24, 24, 24, 24, 24, 24, 24, 24, 24, 38, 24, 38, 24, 46, 24, 29, 24, 29, 24, 29, 24, 29, 24] ⟨14, ⋯⟩ - 22)

case «14».«25»
⊢ 1 <
      512 ^
        (![24, 24, 24, 24, 24, 24, 24, 24, 24, 38, 24, 38, 24, 46, 24, 29, 24, 29, 24, 29, 24, 29, 24] ⟨14, ⋯⟩ - 22) ∧
    -1 <
      512 ^ (![24, 24, 24, 24, 24, 24, 24, 24, 24, 38, 24, 38, 24, 46, 24, 29, 24, 29, 24, 29, 24, 29, 24] ⟨14, ⋯⟩ - 22)

case «15».«24»
⊢ 1 < 512 ^ (![24, 24, 24, 24, 24, 24, 24, 24, 24, 38, 24, 38, 24, 46, 24, 29, 24, 29, 24, 29, 24, 29, 24] ⟨15, ⋯⟩ - 22)

case «15».«27»
⊢ -1 <
      512 ^
        (![24, 24, 24, 24, 24, 24, 24, 24, 24, 38, 24, 38, 24, 46, 24, 29, 24, 29, 24, 29, 24, 29, 24] ⟨15, ⋯⟩ - 22) ∧
    1 <
      512 ^ (![24, 24, 24, 24, 24, 24, 24, 24, 24, 38, 24, 38, 24, 46, 24, 29, 24, 29, 24, 29, 24, 29, 24] ⟨15, ⋯⟩ - 22)

case «15».«28»
⊢ -1125899906826241 <
      512 ^
        (![24, 24, 24, 24, 24, 24, 24, 24, 24, 38, 24, 38, 24, 46, 24, 29, 24, 29, 24, 29, 24, 29, 24] ⟨15, ⋯⟩ - 22) ∧
    1125899906826241 <
      512 ^ (![24, 24, 24, 24, 24, 24, 24, 24, 24, 38, 24, 38, 24, 46, 24, 29, 24, 29, 24, 29, 24, 29, 24] ⟨15, ⋯⟩ - 22)

case «16».«27»
⊢ 1 < 512 ^ (![24, 24, 24, 24, 24, 24, 24, 24, 24, 38, 24, 38, 24, 46, 24, 29, 24, 29, 24, 29, 24, 29, 24] ⟨16, ⋯⟩ - 22)

case «16».«29»
⊢ 1 <
      512 ^
        (![24, 24, 24, 24, 24, 24, 24, 24, 24, 38, 24, 38, 24, 46, 24, 29, 24, 29, 24, 29, 24, 29, 24] ⟨16, ⋯⟩ - 22) ∧
    -1 <
      512 ^ (![24, 24, 24, 24, 24, 24, 24, 24, 24, 38, 24, 38, 24, 46, 24, 29, 24, 29, 24, 29, 24, 29, 24] ⟨16, ⋯⟩ - 22)

case «17».«24»
⊢ 1 < 512 ^ (![24, 24, 24, 24, 24, 24, 24, 24, 24, 38, 24, 38, 24, 46, 24, 29, 24, 29, 24, 29, 24, 29, 24] ⟨17, ⋯⟩ - 22)

case «17».«30»
⊢ -1 <
      512 ^
        (![24, 24, 24, 24, 24, 24, 24, 24, 24, 38, 24, 38, 24, 46, 24, 29, 24, 29, 24, 29, 24, 29, 24] ⟨17, ⋯⟩ - 22) ∧
    1 <
      512 ^ (![24, 24, 24, 24, 24, 24, 24, 24, 24, 38, 24, 38, 24, 46, 24, 29, 24, 29, 24, 29, 24, 29, 24] ⟨17, ⋯⟩ - 22)

case «17».«31»
⊢ -1125899906629633 <
      512 ^
        (![24, 24, 24, 24, 24, 24, 24, 24, 24, 38, 24, 38, 24, 46, 24, 29, 24, 29, 24, 29, 24, 29, 24] ⟨17, ⋯⟩ - 22) ∧
    1125899906629633 <
      512 ^ (![24, 24, 24, 24, 24, 24, 24, 24, 24, 38, 24, 38, 24, 46, 24, 29, 24, 29, 24, 29, 24, 29, 24] ⟨17, ⋯⟩ - 22)

case «18».«30»
⊢ 1 < 512 ^ (![24, 24, 24, 24, 24, 24, 24, 24, 24, 38, 24, 38, 24, 46, 24, 29, 24, 29, 24, 29, 24, 29, 24] ⟨18, ⋯⟩ - 22)

case «18».«32»
⊢ 1 <
      512 ^
        (![24, 24, 24, 24, 24, 24, 24, 24, 24, 38, 24, 38, 24, 46, 24, 29, 24, 29, 24, 29, 24, 29, 24] ⟨18, ⋯⟩ - 22) ∧
    -1 <
      512 ^ (![24, 24, 24, 24, 24, 24, 24, 24, 24, 38, 24, 38, 24, 46, 24, 29, 24, 29, 24, 29, 24, 29, 24] ⟨18, ⋯⟩ - 22)

case «19».«24»
⊢ 1 < 512 ^ (![24, 24, 24, 24, 24, 24, 24, 24, 24, 38, 24, 38, 24, 46, 24, 29, 24, 29, 24, 29, 24, 29, 24] ⟨19, ⋯⟩ - 22)

case «19».«33»
⊢ -1 <
      512 ^
        (![24, 24, 24, 24, 24, 24, 24, 24, 24, 38, 24, 38, 24, 46, 24, 29, 24, 29, 24, 29, 24, 29, 24] ⟨19, ⋯⟩ - 22) ∧
    1 <
      512 ^ (![24, 24, 24, 24, 24, 24, 24, 24, 24, 38, 24, 38, 24, 46, 24, 29, 24, 29, 24, 29, 24, 29, 24] ⟨19, ⋯⟩ - 22)

case «19».«34»
⊢ -↑(![1125899906826241, 1125899906629633, 1125899905744897, 1125899905351681] 2) <
      512 ^
        (![24, 24, 24, 24, 24, 24, 24, 24, 24, 38, 24, 38, 24, 46, 24, 29, 24, 29, 24, 29, 24, 29, 24] ⟨19, ⋯⟩ - 22) ∧
    ↑(![1125899906826241, 1125899906629633, 1125899905744897, 1125899905351681] 2) <
      512 ^ (![24, 24, 24, 24, 24, 24, 24, 24, 24, 38, 24, 38, 24, 46, 24, 29, 24, 29, 24, 29, 24, 29, 24] ⟨19, ⋯⟩ - 22)

case «20».«33»
⊢ 1 < 512 ^ (![24, 24, 24, 24, 24, 24, 24, 24, 24, 38, 24, 38, 24, 46, 24, 29, 24, 29, 24, 29, 24, 29, 24] ⟨20, ⋯⟩ - 22)

case «20».«35»
⊢ 1 <
      512 ^
        (![24, 24, 24, 24, 24, 24, 24, 24, 24, 38, 24, 38, 24, 46, 24, 29, 24, 29, 24, 29, 24, 29, 24] ⟨20, ⋯⟩ - 22) ∧
    -1 <
      512 ^ (![24, 24, 24, 24, 24, 24, 24, 24, 24, 38, 24, 38, 24, 46, 24, 29, 24, 29, 24, 29, 24, 29, 24] ⟨20, ⋯⟩ - 22)

case «21».«24»
⊢ 1 < 512 ^ (![24, 24, 24, 24, 24, 24, 24, 24, 24, 38, 24, 38, 24, 46, 24, 29, 24, 29, 24, 29, 24, 29, 24] ⟨21, ⋯⟩ - 22)

case «21».«36»
⊢ -1 <
      512 ^
        (![24, 24, 24, 24, 24, 24, 24, 24, 24, 38, 24, 38, 24, 46, 24, 29, 24, 29, 24, 29, 24, 29, 24] ⟨21, ⋯⟩ - 22) ∧
    1 <
      512 ^ (![24, 24, 24, 24, 24, 24, 24, 24, 24, 38, 24, 38, 24, 46, 24, 29, 24, 29, 24, 29, 24, 29, 24] ⟨21, ⋯⟩ - 22)

case «21».«37»
⊢ -↑(![1125899906629633, 1125899905744897, 1125899905351681] 2) <
      512 ^
        (![24, 24, 24, 24, 24, 24, 24, 24, 24, 38, 24, 38, 24, 46, 24, 29, 24, 29, 24, 29, 24, 29, 24] ⟨21, ⋯⟩ - 22) ∧
    ↑(![1125899906629633, 1125899905744897, 1125899905351681] 2) <
      512 ^ (![24, 24, 24, 24, 24, 24, 24, 24, 24, 38, 24, 38, 24, 46, 24, 29, 24, 29, 24, 29, 24, 29, 24] ⟨21, ⋯⟩ - 22)

case «22».«36»
⊢ 1 < 512 ^ (![24, 24, 24, 24, 24, 24, 24, 24, 24, 38, 24, 38, 24, 46, 24, 29, 24, 29, 24, 29, 24, 29, 24] ⟨22, ⋯⟩ - 22)

case «22».«38»
⊢ 1 <
      512 ^
        (![24, 24, 24, 24, 24, 24, 24, 24, 24, 38, 24, 38, 24, 46, 24, 29, 24, 29, 24, 29, 24, 29, 24] ⟨22, ⋯⟩ - 22) ∧
    -1 <
      512 ^ (![24, 24, 24, 24, 24, 24, 24, 24, 24, 38, 24, 38, 24, 46, 24, 29, 24, 29, 24, 29, 24, 29, 24] ⟨22, ⋯⟩ - 22)
Compiler/NonlinearRnsProfiled.lean:43:56: error: unsolved goals
case «0»
⊢ -1125899906826240 <
      512 ^ ![24, 24, 24, 24, 24, 24, 24, 24, 24, 38, 24, 38, 24, 46, 24, 29, 24, 29, 24, 29, 24, 29, 24] ⟨0, ⋯⟩ ∧
    1125899906826240 <
      512 ^ ![24, 24, 24, 24, 24, 24, 24, 24, 24, 38, 24, 38, 24, 46, 24, 29, 24, 29, 24, 29, 24, 29, 24] ⟨0, ⋯⟩

case «1»
⊢ -1125899906629632 <
      512 ^ ![24, 24, 24, 24, 24, 24, 24, 24, 24, 38, 24, 38, 24, 46, 24, 29, 24, 29, 24, 29, 24, 29, 24] ⟨1, ⋯⟩ ∧
    1125899906629632 <
      512 ^ ![24, 24, 24, 24, 24, 24, 24, 24, 24, 38, 24, 38, 24, 46, 24, 29, 24, 29, 24, 29, 24, 29, 24] ⟨1, ⋯⟩

case «2»
⊢ 1 -
        ![1125899906826241, 1125899906629633, 1125899905744897, 1125899905351681, 4611686018427322369,
            4611686018427289601, 4611686018426454017, 4611686018426257409, 4611686018425815041]
          2 <
      512 ^ ![24, 24, 24, 24, 24, 24, 24, 24, 24, 38, 24, 38, 24, 46, 24, 29, 24, 29, 24, 29, 24, 29, 24] ⟨2, ⋯⟩ ∧
    ![1125899906826241, 1125899906629633, 1125899905744897, 1125899905351681, 4611686018427322369, 4611686018427289601,
            4611686018426454017, 4611686018426257409, 4611686018425815041]
          2 -
        1 <
      512 ^ ![24, 24, 24, 24, 24, 24, 24, 24, 24, 38, 24, 38, 24, 46, 24, 29, 24, 29, 24, 29, 24, 29, 24] ⟨2, ⋯⟩

case «3»
⊢ 1 -
        ![1125899906629633, 1125899905744897, 1125899905351681, 4611686018427322369, 4611686018427289601,
            4611686018426454017, 4611686018426257409, 4611686018425815041]
          2 <
      512 ^ ![24, 24, 24, 24, 24, 24, 24, 24, 24, 38, 24, 38, 24, 46, 24, 29, 24, 29, 24, 29, 24, 29, 24] ⟨3, ⋯⟩ ∧
    ![1125899906629633, 1125899905744897, 1125899905351681, 4611686018427322369, 4611686018427289601,
            4611686018426454017, 4611686018426257409, 4611686018425815041]
          2 -
        1 <
      512 ^ ![24, 24, 24, 24, 24, 24, 24, 24, 24, 38, 24, 38, 24, 46, 24, 29, 24, 29, 24, 29, 24, 29, 24] ⟨3, ⋯⟩

case «4»
⊢ 1 -
        ![1125899905744897, 1125899905351681, 4611686018427322369, 4611686018427289601, 4611686018426454017,
            4611686018426257409, 4611686018425815041]
          2 <
      512 ^ ![24, 24, 24, 24, 24, 24, 24, 24, 24, 38, 24, 38, 24, 46, 24, 29, 24, 29, 24, 29, 24, 29, 24] ⟨4, ⋯⟩ ∧
    ![1125899905744897, 1125899905351681, 4611686018427322369, 4611686018427289601, 4611686018426454017,
            4611686018426257409, 4611686018425815041]
          2 -
        1 <
      512 ^ ![24, 24, 24, 24, 24, 24, 24, 24, 24, 38, 24, 38, 24, 46, 24, 29, 24, 29, 24, 29, 24, 29, 24] ⟨4, ⋯⟩

case «5»
⊢ 1 -
        ![1125899905351681, 4611686018427322369, 4611686018427289601, 4611686018426454017, 4611686018426257409,
            4611686018425815041]
          2 <
      512 ^ ![24, 24, 24, 24, 24, 24, 24, 24, 24, 38, 24, 38, 24, 46, 24, 29, 24, 29, 24, 29, 24, 29, 24] ⟨5, ⋯⟩ ∧
    ![1125899905351681, 4611686018427322369, 4611686018427289601, 4611686018426454017, 4611686018426257409,
            4611686018425815041]
          2 -
        1 <
      512 ^ ![24, 24, 24, 24, 24, 24, 24, 24, 24, 38, 24, 38, 24, 46, 24, 29, 24, 29, 24, 29, 24, 29, 24] ⟨5, ⋯⟩

case «6»
⊢ 1 - ![4611686018427322369, 4611686018427289601, 4611686018426454017, 4611686018426257409, 4611686018425815041] 2 <
      512 ^ ![24, 24, 24, 24, 24, 24, 24, 24, 24, 38, 24, 38, 24, 46, 24, 29, 24, 29, 24, 29, 24, 29, 24] ⟨6, ⋯⟩ ∧
    ![4611686018427322369, 4611686018427289601, 4611686018426454017, 4611686018426257409, 4611686018425815041] 2 - 1 <
      512 ^ ![24, 24, 24, 24, 24, 24, 24, 24, 24, 38, 24, 38, 24, 46, 24, 29, 24, 29, 24, 29, 24, 29, 24] ⟨6, ⋯⟩

case «7»
⊢ 1 - ![4611686018427289601, 4611686018426454017, 4611686018426257409, 4611686018425815041] 2 <
      512 ^ ![24, 24, 24, 24, 24, 24, 24, 24, 24, 38, 24, 38, 24, 46, 24, 29, 24, 29, 24, 29, 24, 29, 24] ⟨7, ⋯⟩ ∧
    ![4611686018427289601, 4611686018426454017, 4611686018426257409, 4611686018425815041] 2 - 1 <
      512 ^ ![24, 24, 24, 24, 24, 24, 24, 24, 24, 38, 24, 38, 24, 46, 24, 29, 24, 29, 24, 29, 24, 29, 24] ⟨7, ⋯⟩

case «8»
⊢ 1 - ![4611686018426454017, 4611686018426257409, 4611686018425815041] 2 <
      512 ^ ![24, 24, 24, 24, 24, 24, 24, 24, 24, 38, 24, 38, 24, 46, 24, 29, 24, 29, 24, 29, 24, 29, 24] ⟨8, ⋯⟩ ∧
    ![4611686018426454017, 4611686018426257409, 4611686018425815041] 2 - 1 <
      512 ^ ![24, 24, 24, 24, 24, 24, 24, 24, 24, 38, 24, 38, 24, 46, 24, 29, 24, 29, 24, 29, 24, 29, 24] ⟨8, ⋯⟩

case «9»
⊢ 42535295865117307932921825928971026432 <
      512 ^ ![24, 24, 24, 24, 24, 24, 24, 24, 24, 38, 24, 38, 24, 46, 24, 29, 24, 29, 24, 29, 24, 29, 24] ⟨9, ⋯⟩ ∧
    -42535295865117307932921825928971026432 <
      512 ^ ![24, 24, 24, 24, 24, 24, 24, 24, 24, 38, 24, 38, 24, 46, 24, 29, 24, 29, 24, 29, 24, 29, 24] ⟨9, ⋯⟩

case «10»
⊢ -85070591730234615865843651857942052863 <
      512 ^ ![24, 24, 24, 24, 24, 24, 24, 24, 24, 38, 24, 38, 24, 46, 24, 29, 24, 29, 24, 29, 24, 29, 24] ⟨10, ⋯⟩ ∧
    85070591730234615865843651857942052863 <
      512 ^ ![24, 24, 24, 24, 24, 24, 24, 24, 24, 38, 24, 38, 24, 46, 24, 29, 24, 29, 24, 29, 24, 29, 24] ⟨10, ⋯⟩

case «11»
⊢ 401734511064747568885660664268751119862282435749414092931072 <
      512 ^ ![24, 24, 24, 24, 24, 24, 24, 24, 24, 38, 24, 38, 24, 46, 24, 29, 24, 29, 24, 29, 24, 29, 24] ⟨11, ⋯⟩ ∧
    -401734511064747568885660664268751119862282435749414092931072 <
      512 ^ ![24, 24, 24, 24, 24, 24, 24, 24, 24, 38, 24, 38, 24, 46, 24, 29, 24, 29, 24, 29, 24, 29, 24] ⟨11, ⋯⟩

case «12»
⊢ -340282366920938463463374607431768211455 <
      512 ^ ![24, 24, 24, 24, 24, 24, 24, 24, 24, 38, 24, 38, 24, 46, 24, 29, 24, 29, 24, 29, 24, 29, 24] ⟨12, ⋯⟩ ∧
    340282366920938463463374607431768211455 <
      512 ^ ![24, 24, 24, 24, 24, 24, 24, 24, 24, 38, 24, 38, 24, 46, 24, 29, 24, 29, 24, 29, 24, 29, 24] ⟨12, ⋯⟩

case «13»
⊢ 1897137585315793802557767868582797475605230919206748990711570863649154253539246080 <
      512 ^ ![24, 24, 24, 24, 24, 24, 24, 24, 24, 38, 24, 38, 24, 46, 24, 29, 24, 29, 24, 29, 24, 29, 24] ⟨13, ⋯⟩ ∧
    -1897137585315793802557767868582797475605230919206748990711570863649154253539246080 <
      512 ^ ![24, 24, 24, 24, 24, 24, 24, 24, 24, 38, 24, 38, 24, 46, 24, 29, 24, 29, 24, 29, 24, 29, 24] ⟨13, ⋯⟩

case «14»
⊢ -1606938040236943481429907225474247728170690725378808731729920 <
      512 ^ ![24, 24, 24, 24, 24, 24, 24, 24, 24, 38, 24, 38, 24, 46, 24, 29, 24, 29, 24, 29, 24, 29, 24] ⟨14, ⋯⟩ ∧
    1606938040236943481429907225474247728170690725378808731729920 <
      512 ^ ![24, 24, 24, 24, 24, 24, 24, 24, 24, 38, 24, 38, 24, 46, 24, 29, 24, 29, 24, 29, 24, 29, 24] ⟨14, ⋯⟩

case «16»
⊢ -1125899906826240 <
      512 ^ ![24, 24, 24, 24, 24, 24, 24, 24, 24, 38, 24, 38, 24, 46, 24, 29, 24, 29, 24, 29, 24, 29, 24] ⟨16, ⋯⟩ ∧
    1125899906826240 <
      512 ^ ![24, 24, 24, 24, 24, 24, 24, 24, 24, 38, 24, 38, 24, 46, 24, 29, 24, 29, 24, 29, 24, 29, 24] ⟨16, ⋯⟩

case «18»
⊢ -1125899906629632 <
      512 ^ ![24, 24, 24, 24, 24, 24, 24, 24, 24, 38, 24, 38, 24, 46, 24, 29, 24, 29, 24, 29, 24, 29, 24] ⟨18, ⋯⟩ ∧
    1125899906629632 <
      512 ^ ![24, 24, 24, 24, 24, 24, 24, 24, 24, 38, 24, 38, 24, 46, 24, 29, 24, 29, 24, 29, 24, 29, 24] ⟨18, ⋯⟩

case «20»
⊢ 1 - ![1125899906826241, 1125899906629633, 1125899905744897, 1125899905351681] 2 <
      512 ^ ![24, 24, 24, 24, 24, 24, 24, 24, 24, 38, 24, 38, 24, 46, 24, 29, 24, 29, 24, 29, 24, 29, 24] ⟨20, ⋯⟩ ∧
    ![1125899906826241, 1125899906629633, 1125899905744897, 1125899905351681] 2 - 1 <
      512 ^ ![24, 24, 24, 24, 24, 24, 24, 24, 24, 38, 24, 38, 24, 46, 24, 29, 24, 29, 24, 29, 24, 29, 24] ⟨20, ⋯⟩

case «22»
⊢ 1 - ![1125899906629633, 1125899905744897, 1125899905351681] 2 <
      512 ^ ![24, 24, 24, 24, 24, 24, 24, 24, 24, 38, 24, 38, 24, 46, 24, 29, 24, 29, 24, 29, 24, 29, 24] ⟨22, ⋯⟩ ∧
    ![1125899906629633, 1125899905744897, 1125899905351681] 2 - 1 <
      512 ^ ![24, 24, 24, 24, 24, 24, 24, 24, 24, 38, 24, 38, 24, 46, 24, 29, 24, 29, 24, 29, 24, 29, 24] ⟨22, ⋯⟩
