'Minidregg.Compiler.NativeNibbleRange.shape9' depends on axioms: [propext, Classical.choice, Quot.sound]
'Minidregg.Compiler.NativeNibbleRange.shape16' depends on axioms: [propext, Classical.choice, Quot.sound]
'Minidregg.Compiler.NativeNibbleRange.sends9' depends on axioms: [propext, Classical.choice, Quot.sound]
'Minidregg.Compiler.NativeNibbleRange.sends16' depends on axioms: [propext, Quot.sound]
'Minidregg.Compiler.NativeNibbleRange.bool_val' depends on axioms: [propext, Classical.choice, Quot.sound]
'Minidregg.Compiler.NativeNibbleRange.cast_value' depends on axioms: [propext, Classical.choice, Quot.sound]
'Minidregg.Compiler.NativeNibbleRange.range9' depends on axioms: [propext, Classical.choice, Quot.sound]
'Minidregg.Compiler.NativeNibbleRange.range16' depends on axioms: [propext, Classical.choice, Quot.sound]
'Minidregg.Compiler.NativeNibbleRange.sound' depends on axioms: [propext, Classical.choice, Quot.sound]
'Minidregg.Compiler.NativeNibbleRange.natWeighted_succ' depends on axioms: [propext]
'Minidregg.Compiler.NativeNibbleRange.natWeighted_bound' depends on axioms: [propext, Classical.choice, Quot.sound]
'Minidregg.Compiler.NativeNibbleRange.weighted_cast' depends on axioms: [propext, Classical.choice, Quot.sound]
'Minidregg.Compiler.NativeNibbleRange.geometry' depends on axioms: [propext, Classical.choice, Quot.sound]
'Minidregg.Compiler.NativeNibbleRange.sent_mem' depends on axioms: [propext, Quot.sound]
'Minidregg.Compiler.NativeNibbleRange.supportedSound' depends on axioms: [propext, Classical.choice, Quot.sound]
'Minidregg.Compiler.NativeNibbleRange.nonzero9' depends on axioms: [propext, Classical.choice, Quot.sound]
'Minidregg.Compiler.NativeNibbleRange.nonzero16' depends on axioms: [propext, Classical.choice, Quot.sound]
'Minidregg.Compiler.NativeNibbleRange.omittedFullTopFalsifier' depends on axioms: [propext,
 Classical.choice,
 Quot.sound]
'Minidregg.Compiler.NativeNibbleRange.overflow9Refused' depends on axioms: [propext, Classical.choice, Quot.sound]
'Minidregg.Compiler.NativeNibbleRange.premiseInhabited' depends on axioms: [propext, Classical.choice, Quot.sound]
'Minidregg.Compiler.NativeNibbleRange.terminalRowRefused' depends on axioms: [propext, Classical.choice, Quot.sound]
