{
  "schema": "continuing-system-preparation-v1",
  "prepared_utc": "2026-09-09T04:15:55.115274+00:00",
  "workload_sha256": "cc5bbe33245ac48b7cbc63b5499afba30957a71bb2b86882b427f408ec03eed2",
  "encoder_helper_sha256": "241e6f2d795e677f4132f2ff9ad5dd6826cbddceb38155655d49b947b6dac7d8",
  "vectors_sha256": "a373ff5e67ed16bb94010e770a1de320072655aaea7a22f46c1a7141b3df4aed",
  "reference_sha256": "50d9d39cc68190348d8da0b16432b3a3d8ac057c5ed7b4dcb462d8540521c138",
  "encoder_stats": {
    "model_load_seconds": 0.13276116701308638,
    "forward_seconds": 0.253793501004111,
    "forward_batches": 2,
    "encoded_texts": 32,
    "cached_texts": 0,
    "clipped_coordinates": 0,
    "torch": "2.10.0",
    "transformers": "4.57.3",
    "numpy": "2.4.2"
  },
  "elapsed_seconds": 3.3151678330032155,
  "training_texts": 12,
  "held_out_texts": 20,
  "vector_domain": {
    "dimension": 576,
    "maximum_abs_coordinate": 20,
    "maximum_squared_norm": 16601
  },
  "checkpoints": {
    "initial": {
      "examples": 20,
      "correct": 20,
      "accuracy": 1.0,
      "linear_correct": 20,
      "linear_accuracy": 1.0,
      "frozen_initial_correct": 20,
      "frozen_initial_accuracy": 1.0,
      "balanced_majority_label": "proof_integrity",
      "balanced_majority_correct": 10,
      "balanced_majority_accuracy": 0.5
    },
    "after_teaching": {
      "examples": 20,
      "correct": 19,
      "accuracy": 0.95,
      "linear_correct": 19,
      "linear_accuracy": 0.95,
      "frozen_initial_correct": 20,
      "frozen_initial_accuracy": 1.0,
      "balanced_majority_label": "proof_integrity",
      "balanced_majority_correct": 10,
      "balanced_majority_accuracy": 0.5
    },
    "after_expiry": {
      "examples": 20,
      "correct": 18,
      "accuracy": 0.9,
      "linear_correct": 18,
      "linear_accuracy": 0.9,
      "frozen_initial_correct": 20,
      "frozen_initial_accuracy": 1.0,
      "balanced_majority_label": "proof_integrity",
      "balanced_majority_correct": 10,
      "balanced_majority_accuracy": 0.5
    },
    "after_restart": {
      "examples": 20,
      "correct": 18,
      "accuracy": 0.9,
      "linear_correct": 18,
      "linear_accuracy": 0.9,
      "frozen_initial_correct": 20,
      "frozen_initial_accuracy": 1.0,
      "balanced_majority_label": "proof_integrity",
      "balanced_majority_correct": 10,
      "balanced_majority_accuracy": 0.5
    }
  },
  "expired_examples": [
    {
      "operation": "teach_pi09",
      "label": "proof_integrity",
      "text_id": "pi01",
      "lane": 0
    },
    {
      "operation": "teach_pi10",
      "label": "proof_integrity",
      "text_id": "pi02",
      "lane": 1
    }
  ],
  "cryptographic_operations": 0,
  "preparation_reused": false
}
