Selvage/CurveFullUDInterpolation.lean:16:0: warning: automatically included section variable(s) unused in theorem `Minidregg.Selvage.curvePolynomial_eval`:
  [DecidableEq F]
  [Fintype ι]
consider restructuring your `variable` declarations so that the variables are not in scope or explicitly omit them:
  omit [DecidableEq F] [Fintype ι] in theorem ...

Note: This linter can be disabled with `set_option linter.unusedSectionVars false`
Selvage/CurveFullUDInterpolation.lean:20:0: warning: automatically included section variable(s) unused in theorem `Minidregg.Selvage.curvePolynomial_coeff`:
  [DecidableEq F]
  [Fintype ι]
consider restructuring your `variable` declarations so that the variables are not in scope or explicitly omit them:
  omit [DecidableEq F] [Fintype ι] in theorem ...

Note: This linter can be disabled with `set_option linter.unusedSectionVars false`
Selvage/CurveFullUDInterpolation.lean:24:0: warning: automatically included section variable(s) unused in theorem `Minidregg.Selvage.curvePolynomial_natDegree`:
  [DecidableEq F]
  [Fintype ι]
consider restructuring your `variable` declarations so that the variables are not in scope or explicitly omit them:
  omit [DecidableEq F] [Fintype ι] in theorem ...

Note: This linter can be disabled with `set_option linter.unusedSectionVars false`
Selvage/CurveFullUDInterpolation.lean:29:5: warning: unused variable `hM`

Note: This linter can be disabled with `set_option linter.unusedVariables false`
